Total messages: 134 (Errors: 68, Warnings: 1)
Returning 68 messages for level "error"

[ERROR] Failed to load resource: net::ERR_CONNECTION_REFUSED @ http://localhost:8095/favicon.ico:0
[ERROR] Failed to load resource: net::ERR_CONNECTION_REFUSED @ http://localhost:8095/assets/audio/rpg/doorClose_2.ogg:0
[ERROR] Failed to load resource: net::ERR_CONNECTION_REFUSED @ http://localhost:8095/assets/audio/rpg/doorClose_3.ogg:0
[ERROR] Failed to load resource: net::ERR_CONNECTION_REFUSED @ http://localhost:8095/assets/audio/rpg/doorClose_4.ogg:0
[ERROR] Failed to load resource: net::ERR_CONNECTION_REFUSED @ http://localhost:8095/assets/audio/rpg/footstep00.ogg:0
[ERROR] Failed to load resource: net::ERR_CONNECTION_REFUSED @ http://localhost:8095/assets/audio/rpg/footstep01.ogg:0
[ERROR] Failed to load resource: net::ERR_CONNECTION_REFUSED @ http://localhost:8095/assets/audio/rpg/footstep02.ogg:0
[ERROR] Failed to load resource: net::ERR_CONNECTION_REFUSED @ http://localhost:8095/assets/audio/rpg/footstep03.ogg:0
[ERROR] Failed to load resource: net::ERR_CONNECTION_REFUSED @ http://localhost:8095/assets/audio/rpg/footstep04.ogg:0
[ERROR] Failed to load resource: net::ERR_CONNECTION_REFUSED @ http://localhost:8095/assets/audio/rpg/footstep05.ogg:0
[ERROR] Failed to load resource: net::ERR_CONNECTION_REFUSED @ http://localhost:8095/assets/audio/rpg/footstep06.ogg:0
[ERROR] Failed to load resource: net::ERR_CONNECTION_REFUSED @ http://localhost:8095/assets/audio/rpg/footstep07.ogg:0
[ERROR] Failed to load resource: net::ERR_CONNECTION_REFUSED @ http://localhost:8095/assets/audio/rpg/footstep08.ogg:0
[ERROR] Failed to load resource: net::ERR_CONNECTION_REFUSED @ http://localhost:8095/assets/audio/rpg/footstep09.ogg:0
[ERROR] Failed to load resource: net::ERR_CONNECTION_REFUSED @ http://localhost:8095/assets/audio/rpg/knifeSlice.ogg:0
[ERROR] Failed to load resource: net::ERR_CONNECTION_REFUSED @ http://localhost:8095/assets/audio/rpg/knifeSlice2.ogg:0
[ERROR] Failed to load resource: net::ERR_CONNECTION_REFUSED @ http://localhost:8095/assets/audio/rpg/chop.ogg:0
[ERROR] Failed to load resource: net::ERR_CONNECTION_REFUSED @ http://localhost:8095/assets/audio/rpg/cloth3.ogg:0
[ERROR] Failed to load resource: net::ERR_CONNECTION_REFUSED @ http://localhost:8095/assets/audio/rpg/cloth4.ogg:0
[ERROR] Failed to load resource: net::ERR_CONNECTION_REFUSED @ http://localhost:8095/assets/audio/rpg/clothBelt.ogg:0
[ERROR] Failed to load resource: net::ERR_CONNECTION_REFUSED @ http://localhost:8095/assets/audio/rpg/clothBelt2.ogg:0
[ERROR] Failed to load resource: net::ERR_CONNECTION_REFUSED @ http://localhost:8095/assets/audio/zombies/zombie-1.wav:0
[ERROR] Failed to load resource: net::ERR_CONNECTION_REFUSED @ http://localhost:8095/assets/audio/zombies/zombie-2.wav:0
[ERROR] Failed to load resource: net::ERR_CONNECTION_REFUSED @ http://localhost:8095/assets/audio/zombies/zombie-3.wav:0
[ERROR] Failed to load resource: net::ERR_CONNECTION_REFUSED @ http://localhost:8095/assets/audio/zombies/zombie-4.wav:0
[ERROR] Failed to load resource: net::ERR_CONNECTION_REFUSED @ http://localhost:8095/assets/audio/zombies/zombie-5.wav:0
[ERROR] Failed to load resource: net::ERR_CONNECTION_REFUSED @ http://localhost:8095/assets/audio/zombies/zombie-6.wav:0
[ERROR] Failed to load resource: net::ERR_CONNECTION_REFUSED @ http://localhost:8095/assets/audio/zombies/zombie-7.wav:0
[ERROR] Failed to load resource: net::ERR_CONNECTION_REFUSED @ http://localhost:8095/assets/audio/zombies/zombie-8.wav:0
[ERROR] Failed to load resource: net::ERR_CONNECTION_REFUSED @ http://localhost:8095/assets/audio/zombies/zombie-9.wav:0
[ERROR] Failed to load resource: net::ERR_CONNECTION_REFUSED @ http://localhost:8095/assets/audio/zombies/zombie-10.wav:0
[ERROR] Failed to load resource: net::ERR_CONNECTION_REFUSED @ http://localhost:8095/assets/audio/zombies/zombie-11.wav:0
[ERROR] Failed to load resource: net::ERR_CONNECTION_REFUSED @ http://localhost:8095/assets/audio/zombies/zombie-12.wav:0
[ERROR] Failed to load resource: net::ERR_CONNECTION_REFUSED @ http://localhost:8095/assets/audio/zombies/zombie-13.wav:0
[ERROR] Failed to load resource: net::ERR_CONNECTION_REFUSED @ http://localhost:8095/assets/audio/zombies/zombie-14.wav:0
[ERROR] Failed to load resource: net::ERR_CONNECTION_REFUSED @ http://localhost:8095/assets/audio/zombies/zombie-15.wav:0
[ERROR] Failed to load resource: net::ERR_CONNECTION_REFUSED @ http://localhost:8095/assets/audio/zombies/zombie-16.wav:0
[ERROR] Failed to load resource: net::ERR_CONNECTION_REFUSED @ http://localhost:8095/assets/audio/zombies/zombie-17.wav:0
[ERROR] Failed to load resource: net::ERR_CONNECTION_REFUSED @ http://localhost:8095/assets/audio/zombies/zombie-18.wav:0
[ERROR] Failed to load resource: net::ERR_CONNECTION_REFUSED @ http://localhost:8095/assets/audio/zombies/zombie-19.wav:0
[ERROR] Failed to load resource: net::ERR_CONNECTION_REFUSED @ http://localhost:8095/assets/audio/zombies/zombie-20.wav:0
[ERROR] Failed to load resource: net::ERR_CONNECTION_REFUSED @ http://localhost:8095/assets/audio/zombies/zombie-21.wav:0
[ERROR] Failed to load resource: net::ERR_CONNECTION_REFUSED @ http://localhost:8095/assets/audio/zombies/zombie-22.wav:0
[ERROR] Failed to load resource: net::ERR_CONNECTION_REFUSED @ http://localhost:8095/assets/audio/zombies/zombie-23.wav:0
[ERROR] Failed to load resource: net::ERR_CONNECTION_REFUSED @ http://localhost:8095/assets/audio/zombies/zombie-24.wav:0
[ERROR] Failed to load resource: net::ERR_CONNECTION_REFUSED @ http://localhost:8095/assets/audio/weapons/bow_shot.wav:0
[ERROR] Failed to load resource: net::ERR_CONNECTION_REFUSED @ http://localhost:8095/assets/audio/weapons/laser_shot.wav:0
[ERROR] Failed to load resource: net::ERR_CONNECTION_REFUSED @ http://localhost:8095/assets/audio/weapons/machinegun_ppsh_a.wav:0
[ERROR] Failed to load resource: net::ERR_CONNECTION_REFUSED @ http://localhost:8095/assets/audio/weapons/machinegun_ppsh_b.wav:0
[ERROR] Failed to load resource: net::ERR_CONNECTION_REFUSED @ http://localhost:8095/assets/audio/weapons/shotgun_model12_a.wav:0
[ERROR] Failed to load resource: net::ERR_CONNECTION_REFUSED @ http://localhost:8095/assets/audio/weapons/pistol_1911_a.wav:0
[ERROR] Failed to load resource: net::ERR_CONNECTION_REFUSED @ http://localhost:8095/assets/audio/weapons/rifle_ar15_a.wav:0
[ERROR] Failed to load resource: net::ERR_CONNECTION_REFUSED @ http://localhost:8095/assets/audio/weapons/flamethrower_fire.ogg:0
[ERROR] Failed to load resource: net::ERR_CONNECTION_REFUSED @ http://localhost:8095/assets/audio/rpg/metalLatch.ogg:0
[ERROR] Failed to load resource: net::ERR_CONNECTION_REFUSED @ http://localhost:8095/assets/audio/rpg/drawKnife3.ogg:0
[ERROR] Failed to load resource: net::ERR_CONNECTION_REFUSED @ http://localhost:8095/assets/audio/rpg/handleCoins2.ogg:0
[ERROR] Failed to load resource: net::ERR_CONNECTION_REFUSED @ http://localhost:8095/assets/audio/weapons/shotgun_shotty.wav:0
[ERROR] Failed to load resource: net::ERR_CONNECTION_REFUSED @ http://localhost:8095/assets/audio/rpg/metalClick.ogg:0
[ERROR] Failed to load resource: net::ERR_CONNECTION_REFUSED @ http://localhost:8095/assets/audio/rpg/bookClose.ogg:0
[ERROR] Failed to load resource: net::ERR_CONNECTION_REFUSED @ http://localhost:8095/assets/audio/rpg/cloth2.ogg:0
[ERROR] Failed to load resource: net::ERR_CONNECTION_REFUSED @ http://localhost:8095/assets/audio/rpg/cloth1.ogg:0
[ERROR] Failed to load resource: net::ERR_CONNECTION_REFUSED @ http://localhost:8095/assets/audio/rpg/bookOpen.ogg:0
[ERROR] Failed to load resource: net::ERR_CONNECTION_REFUSED @ http://localhost:8095/assets/audio/rpg/handleCoins.ogg:0
[ERROR] Failed to load resource: net::ERR_CONNECTION_REFUSED @ http://localhost:8095/assets/audio/rpg/metalPot1.ogg:0
[ERROR] Failed to load resource: net::ERR_CONNECTION_REFUSED @ http://localhost:8095/assets/audio/rpg/metalPot2.ogg:0
[ERROR] Failed to load resource: net::ERR_CONNECTION_REFUSED @ http://localhost:8095/assets/audio/rpg/metalPot3.ogg:0
[ERROR] Failed to load resource: net::ERR_CONNECTION_REFUSED @ http://localhost:8095/assets/audio/weather_rain.ogg:0
[ERROR] Failed to load resource: net::ERR_CONNECTION_REFUSED @ http://localhost:8095/favicon.ico:0