[     575ms] [LOG] [initGame] START, isMobile: false @ http://localhost:3001/main.js?v=1785528212033:293
[     575ms] [LOG] [initGame] creating scene... @ http://localhost:3001/main.js?v=1785528212033:296
[     575ms] [LOG] [initGame] scene created: true @ http://localhost:3001/main.js?v=1785528212033:298
[     754ms] [LOG] [NodePad] Pad 0: pos=(46.00, 0.00) data=(46.00, 0.00) @ http://localhost:3001/world/MapGeneratorNode.js?v=1783108959290:369
[     754ms] [LOG] [NodePad] Pad 1: pos=(45.91, -2.89) data=(45.91, -2.89) @ http://localhost:3001/world/MapGeneratorNode.js?v=1783108959290:369
[     770ms] [LOG] [MapGenSync] Synced 100 pads from node, first=(46.0, 0.0) second=(45.9, -2.9) @ http://localhost:3001/world/MapGenerator.js:648
[    1007ms] [LOG] [MapGenerator] Before filter: 100 pads, first: (46.0, 0.0) @ http://localhost:3001/world/MapGenerator.js:5200
[    1008ms] [LOG] [MapGenerator] After filter: 100 pads, first: (46.0, 0.0) second: (45.9, -2.9) @ http://localhost:3001/world/MapGenerator.js:5236
[    1016ms] [LOG] [InstancedMesh] Collected 1904 candidate meshes @ http://localhost:3001/world/InstancedMeshSystem.js:24
[    1016ms] [LOG] [InstancedMesh] Skipped: noMapGen=0, culled=0, aniInt=275, noGeoKey=0, matKey=0 @ http://localhost:3001/world/InstancedMeshSystem.js:25
[    1056ms] [LOG] [InstancedMesh] Groups: 514, Replaced: 1556, Skipped(<2): 348 @ http://localhost:3001/world/InstancedMeshSystem.js:104
[    1056ms] [LOG] [MapGenerator] InstancedMesh: 1556 meshes merged into 166 InstancedMesh (total before: 1129, after: 957) @ http://localhost:3001/world/MapGenerator.js:178
[    1091ms] [LOG] [LootManager] generateChestsAsync: floorTiles=100, spots=40, chestCount=120 @ http://localhost:3001/items/LootManager.js:262
[    1375ms] [LOG] [SpawnDebug] Total pads=100 BotPads=99 First=(46.0, 0.0) Second=(45.9, -2.9) Last=(45.9, 2.9) @ http://localhost:3001/main.js?v=1785528212033:655
[    1375ms] [LOG] [SpawnDebug] Bot 0: pad=(45.91, -2.89) spawn=(45.91, -2.89) distFromCenter=46.00 @ http://localhost:3001/main.js?v=1785528212033:667
[    1377ms] [LOG] [SpawnDebug] Bot 1: pad=(45.64, -5.77) spawn=(45.64, -5.77) distFromCenter=46.00 @ http://localhost:3001/main.js?v=1785528212033:667
[    1381ms] [LOG] [SpawnDebug] Bot 2: pad=(45.19, -8.62) spawn=(45.19, -8.62) distFromCenter=46.00 @ http://localhost:3001/main.js?v=1785528212033:667
[    1458ms] [LOG] [initGame] done: true true true @ http://localhost:3001/main.js?v=1785528212033:599
[    1481ms] [LOG] [LootManager] floorTiles path: created 39 chests @ http://localhost:3001/items/LootManager.js:304
[    1482ms] [LOG] [LootManager] random fallback path, chestCount=120 @ http://localhost:3001/items/LootManager.js:313
[    1990ms] [LOG] [LootManager] random fallback: created 120 chests @ http://localhost:3001/items/LootManager.js:338
[    1992ms] [LOG] [LootManager] Generated 120 chests @ http://localhost:3001/items/LootManager.js:46
[    4634ms] [WARNING] Failed to execute 'requestFullscreen' on 'Element': API can only be initiated by a user gesture. @ http://localhost:3001/:0
[    4680ms] [LOG] [Cam] pointerlockchange isLocked=true @ http://localhost:3001/core/CameraController.js:47
[    5393ms] [ERROR] Failed to load resource: the server responded with a status of 404 (Not Found) @ http://localhost:3001/favicon.ico:0
[    8080ms] [LOG] [selectPerk] DEBUG: event received CustomEvent @ http://localhost:3001/main.js?v=1785528212033:2970
[    8082ms] [LOG] [selectPerk] Applied: quickHands @ http://localhost:3001/main.js?v=1785528212033:2991
[    9394ms] [LOG] [CameraController] playerPos=46.00,4.04,0.00 targetY=4.19 camPos=46.00,4.19,0.00 @ http://localhost:3001/core/CameraController.js:240
[   10445ms] [LOG] [EasterEgg] 787898 → invincibility! @ http://localhost:3001/main.js?v=1785528212033:594
[   11066ms] [LOG] [Cam] pointerlockchange isLocked=false @ http://localhost:3001/core/CameraController.js:47
[   12306ms] [LOG] [Cam] pointerlockchange isLocked=true @ http://localhost:3001/core/CameraController.js:47
[   13892ms] [LOG] [CameraController] playerPos=46.00,4.04,0.00 targetY=4.19 camPos=46.00,4.19,0.00 @ http://localhost:3001/core/CameraController.js:240
[   13893ms] [LOG] [Cam] pitch=-5.4° yaw=-13.9° @ http://localhost:3001/core/CameraController.js:252
[   18863ms] [LOG] [CameraController] playerPos=46.00,4.04,0.00 targetY=4.19 camPos=46.00,4.19,0.00 @ http://localhost:3001/core/CameraController.js:240
[   24593ms] [LOG] [CameraController] playerPos=50.89,3.30,-36.26 targetY=3.45 camPos=50.85,3.36,-36.09 @ http://localhost:3001/core/CameraController.js:240
[   24593ms] [LOG] [Cam] pitch=-9.7° yaw=-18.1° @ http://localhost:3001/core/CameraController.js:252
[   30716ms] [LOG] [CameraController] playerPos=67.67,1.84,-52.83 targetY=1.99 camPos=67.58,1.99,-52.78 @ http://localhost:3001/core/CameraController.js:240
[   36367ms] [LOG] [CameraController] playerPos=78.26,1.84,-51.60 targetY=1.99 camPos=78.38,1.99,-51.50 @ http://localhost:3001/core/CameraController.js:240
[   36367ms] [LOG] [Cam] pitch=-5.7° yaw=-308.7° @ http://localhost:3001/core/CameraController.js:252
[   41486ms] [LOG] [CameraController] playerPos=69.11,1.84,-84.40 targetY=1.99 camPos=69.15,1.99,-84.27 @ http://localhost:3001/core/CameraController.js:240
[   46996ms] [LOG] [CameraController] playerPos=62.80,1.84,-93.50 targetY=1.99 camPos=62.80,1.99,-93.50 @ http://localhost:3001/core/CameraController.js:240
[   46997ms] [LOG] [Cam] pitch=-9.0° yaw=-138.2° @ http://localhost:3001/core/CameraController.js:252
[   52711ms] [LOG] [Perf] frames=2700 draws=818 tris=83563 geos=1082 mats=37 @ http://localhost:3001/main.js?v=1785528212033:2835
[   52716ms] [LOG] [CameraController] playerPos=71.21,1.84,-73.63 targetY=1.99 camPos=71.23,1.99,-73.63 @ http://localhost:3001/core/CameraController.js:240
[   58179ms] [LOG] [Perf] frames=3000 draws=552 tris=65702 geos=1151 mats=50 @ http://localhost:3001/main.js?v=1785528212033:2835
[   58181ms] [LOG] [CameraController] playerPos=71.23,1.84,-82.80 targetY=1.99 camPos=71.23,1.99,-82.80 @ http://localhost:3001/core/CameraController.js:240
[   58182ms] [LOG] [Cam] pitch=-5.9° yaw=-331.0° @ http://localhost:3001/core/CameraController.js:252
[   64010ms] [LOG] [Perf] frames=3300 draws=575 tris=62986 geos=1207 mats=50 @ http://localhost:3001/main.js?v=1785528212033:2835
[   64012ms] [LOG] [CameraController] playerPos=68.56,1.84,-86.16 targetY=1.99 camPos=68.56,1.99,-86.16 @ http://localhost:3001/core/CameraController.js:240
[   68394ms] [LOG] [Perf] frames=3600 draws=531 tris=62278 geos=1238 mats=50 @ http://localhost:3001/main.js?v=1785528212033:2835
[   68396ms] [LOG] [CameraController] playerPos=85.75,1.84,-88.11 targetY=1.99 camPos=85.66,1.99,-88.10 @ http://localhost:3001/core/CameraController.js:240
[   68396ms] [LOG] [Cam] pitch=-9.1° yaw=-349.2° @ http://localhost:3001/core/CameraController.js:252
[   71993ms] [LOG] [Cam] pointerlockchange isLocked=false @ http://localhost:3001/core/CameraController.js:47
[   72633ms] [LOG] [Perf] frames=3900 draws=614 tris=63567 geos=1252 mats=50 @ http://localhost:3001/main.js?v=1785528212033:2835
[   74739ms] [LOG] [Cam] pointerlockchange isLocked=true @ http://localhost:3001/core/CameraController.js:47
[   75591ms] [LOG] [CameraController] playerPos=83.09,1.84,-77.66 targetY=1.99 camPos=83.11,1.99,-77.72 @ http://localhost:3001/core/CameraController.js:240
[   76257ms] [LOG] [Perf] frames=4200 draws=643 tris=64709 geos=1252 mats=50 @ http://localhost:3001/main.js?v=1785528212033:2835
[   76621ms] [LOG] [Cam] pointerlockchange isLocked=false @ http://localhost:3001/core/CameraController.js:47
[   79627ms] [LOG] [Perf] frames=4500 draws=800 tris=67108 geos=1267 mats=50 @ http://localhost:3001/main.js?v=1785528212033:2835
[   80649ms] [LOG] [Cam] pointerlockchange isLocked=true @ http://localhost:3001/core/CameraController.js:47
[   83475ms] [LOG] [Perf] frames=4800 draws=622 tris=65456 geos=1285 mats=50 @ http://localhost:3001/main.js?v=1785528212033:2835
[   83799ms] [LOG] [CameraController] playerPos=79.95,1.84,-53.03 targetY=1.99 camPos=79.95,1.99,-53.05 @ http://localhost:3001/core/CameraController.js:240
[   83799ms] [LOG] [Cam] pitch=-5.9° yaw=-370.6° @ http://localhost:3001/core/CameraController.js:252
[   85233ms] [LOG] [Cam] pointerlockchange isLocked=false @ http://localhost:3001/core/CameraController.js:47
[   86221ms] [LOG] [initGame] START, isMobile: false @ http://localhost:3001/main.js?v=1785528298040:293
[   86222ms] [LOG] [initGame] creating scene... @ http://localhost:3001/main.js?v=1785528298040:296
[   86222ms] [LOG] [initGame] scene created: true @ http://localhost:3001/main.js?v=1785528298040:298
[   86292ms] [LOG] [NodePad] Pad 0: pos=(46.00, 0.00) data=(46.00, 0.00) @ http://localhost:3001/world/MapGeneratorNode.js?v=1783108959290:369
[   86292ms] [LOG] [NodePad] Pad 1: pos=(45.91, -2.89) data=(45.91, -2.89) @ http://localhost:3001/world/MapGeneratorNode.js?v=1783108959290:369
[   86303ms] [LOG] [MapGenSync] Synced 100 pads from node, first=(46.0, 0.0) second=(45.9, -2.9) @ http://localhost:3001/world/MapGenerator.js:648
[   86481ms] [LOG] [MapGenerator] Before filter: 100 pads, first: (46.0, 0.0) @ http://localhost:3001/world/MapGenerator.js:5200
[   86482ms] [LOG] [MapGenerator] After filter: 100 pads, first: (46.0, 0.0) second: (45.9, -2.9) @ http://localhost:3001/world/MapGenerator.js:5236
[   86490ms] [LOG] [InstancedMesh] Collected 1905 candidate meshes @ http://localhost:3001/world/InstancedMeshSystem.js:24
[   86490ms] [LOG] [InstancedMesh] Skipped: noMapGen=0, culled=0, aniInt=275, noGeoKey=0, matKey=0 @ http://localhost:3001/world/InstancedMeshSystem.js:25
[   86522ms] [LOG] [InstancedMesh] Groups: 514, Replaced: 1557, Skipped(<2): 348 @ http://localhost:3001/world/InstancedMeshSystem.js:104
[   86523ms] [LOG] [MapGenerator] InstancedMesh: 1557 meshes merged into 166 InstancedMesh (total before: 1130, after: 958) @ http://localhost:3001/world/MapGenerator.js:178
[   86557ms] [LOG] [LootManager] generateChestsAsync: floorTiles=100, spots=40, chestCount=120 @ http://localhost:3001/items/LootManager.js:262
[   86764ms] [LOG] [SpawnDebug] Total pads=100 BotPads=99 First=(46.0, 0.0) Second=(45.9, -2.9) Last=(45.9, 2.9) @ http://localhost:3001/main.js?v=1785528298040:655
[   86764ms] [LOG] [SpawnDebug] Bot 0: pad=(45.91, -2.89) spawn=(45.91, -2.89) distFromCenter=46.00 @ http://localhost:3001/main.js?v=1785528298040:667
[   86766ms] [LOG] [SpawnDebug] Bot 1: pad=(45.64, -5.77) spawn=(45.64, -5.77) distFromCenter=46.00 @ http://localhost:3001/main.js?v=1785528298040:667
[   86768ms] [LOG] [SpawnDebug] Bot 2: pad=(45.19, -8.62) spawn=(45.19, -8.62) distFromCenter=46.00 @ http://localhost:3001/main.js?v=1785528298040:667
[   86827ms] [LOG] [initGame] done: true true true @ http://localhost:3001/main.js?v=1785528298040:599
[   86840ms] [LOG] [LootManager] floorTiles path: created 39 chests @ http://localhost:3001/items/LootManager.js:304
[   87480ms] [LOG] [initGame] START, isMobile: false @ http://localhost:3001/main.js?v=1785528298850:293
[   87480ms] [LOG] [initGame] creating scene... @ http://localhost:3001/main.js?v=1785528298850:296
[   87480ms] [LOG] [initGame] scene created: true @ http://localhost:3001/main.js?v=1785528298850:298
[   87554ms] [LOG] [NodePad] Pad 0: pos=(46.00, 0.00) data=(46.00, 0.00) @ http://localhost:3001/world/MapGeneratorNode.js?v=1783108959290:369
[   87555ms] [LOG] [NodePad] Pad 1: pos=(45.91, -2.89) data=(45.91, -2.89) @ http://localhost:3001/world/MapGeneratorNode.js?v=1783108959290:369
[   87565ms] [LOG] [MapGenSync] Synced 100 pads from node, first=(46.0, 0.0) second=(45.9, -2.9) @ http://localhost:3001/world/MapGenerator.js:648
[   87832ms] [LOG] [MapGenerator] Before filter: 100 pads, first: (46.0, 0.0) @ http://localhost:3001/world/MapGenerator.js:5200
[   87833ms] [LOG] [MapGenerator] After filter: 100 pads, first: (46.0, 0.0) second: (45.9, -2.9) @ http://localhost:3001/world/MapGenerator.js:5236
[   87841ms] [LOG] [InstancedMesh] Collected 1905 candidate meshes @ http://localhost:3001/world/InstancedMeshSystem.js:24
[   87841ms] [LOG] [InstancedMesh] Skipped: noMapGen=0, culled=0, aniInt=275, noGeoKey=0, matKey=0 @ http://localhost:3001/world/InstancedMeshSystem.js:25
[   87875ms] [LOG] [InstancedMesh] Groups: 514, Replaced: 1557, Skipped(<2): 348 @ http://localhost:3001/world/InstancedMeshSystem.js:104
[   87876ms] [LOG] [MapGenerator] InstancedMesh: 1557 meshes merged into 166 InstancedMesh (total before: 1130, after: 958) @ http://localhost:3001/world/MapGenerator.js:178
[   87910ms] [LOG] [LootManager] generateChestsAsync: floorTiles=100, spots=40, chestCount=120 @ http://localhost:3001/items/LootManager.js:262
[   88113ms] [LOG] [SpawnDebug] Total pads=100 BotPads=99 First=(46.0, 0.0) Second=(45.9, -2.9) Last=(45.9, 2.9) @ http://localhost:3001/main.js?v=1785528298850:655
[   88113ms] [LOG] [SpawnDebug] Bot 0: pad=(45.91, -2.89) spawn=(45.91, -2.89) distFromCenter=46.00 @ http://localhost:3001/main.js?v=1785528298850:667
[   88116ms] [LOG] [SpawnDebug] Bot 1: pad=(45.64, -5.77) spawn=(45.64, -5.77) distFromCenter=46.00 @ http://localhost:3001/main.js?v=1785528298850:667
[   88116ms] [LOG] [SpawnDebug] Bot 2: pad=(45.19, -8.62) spawn=(45.19, -8.62) distFromCenter=46.00 @ http://localhost:3001/main.js?v=1785528298850:667
[   88168ms] [LOG] [initGame] done: true true true @ http://localhost:3001/main.js?v=1785528298850:599
[   88186ms] [LOG] [LootManager] floorTiles path: created 39 chests @ http://localhost:3001/items/LootManager.js:304
[   88186ms] [LOG] [LootManager] random fallback path, chestCount=120 @ http://localhost:3001/items/LootManager.js:313
[   88596ms] [LOG] [LootManager] random fallback: created 120 chests @ http://localhost:3001/items/LootManager.js:338
[   88598ms] [LOG] [LootManager] Generated 120 chests @ http://localhost:3001/items/LootManager.js:46
[   93237ms] [LOG] [CameraController] playerPos=46.00,4.04,0.00 targetY=4.19 camPos=46.00,4.19,0.00 @ http://localhost:3001/core/CameraController.js:240
[   97491ms] [LOG] [CameraController] playerPos=46.00,4.04,0.00 targetY=4.19 camPos=46.00,4.19,0.00 @ http://localhost:3001/core/CameraController.js:240
[  101645ms] [LOG] [CameraController] playerPos=46.00,4.04,0.00 targetY=4.19 camPos=46.00,4.19,0.00 @ http://localhost:3001/core/CameraController.js:240
[  105507ms] [LOG] [CameraController] playerPos=46.00,4.04,0.00 targetY=4.19 camPos=46.00,4.19,0.00 @ http://localhost:3001/core/CameraController.js:240
[  109803ms] [LOG] [CameraController] playerPos=46.00,4.04,0.00 targetY=4.19 camPos=46.00,4.19,0.00 @ http://localhost:3001/core/CameraController.js:240
[  113655ms] [LOG] [CameraController] playerPos=46.00,4.04,0.00 targetY=4.19 camPos=46.00,4.19,0.00 @ http://localhost:3001/core/CameraController.js:240
[  118110ms] [LOG] [CameraController] playerPos=46.00,4.04,0.00 targetY=4.19 camPos=46.00,4.19,0.00 @ http://localhost:3001/core/CameraController.js:240
[  122238ms] [LOG] [CameraController] playerPos=46.00,4.04,0.00 targetY=4.19 camPos=46.00,4.19,0.00 @ http://localhost:3001/core/CameraController.js:240
[  127164ms] [LOG] [CameraController] playerPos=46.00,4.04,0.00 targetY=4.19 camPos=46.00,4.19,0.00 @ http://localhost:3001/core/CameraController.js:240
[  132422ms] [LOG] [CameraController] playerPos=46.00,4.04,0.00 targetY=4.19 camPos=46.00,4.19,0.00 @ http://localhost:3001/core/CameraController.js:240
[  137344ms] [LOG] [CameraController] playerPos=46.00,4.04,0.00 targetY=4.19 camPos=46.00,4.19,0.00 @ http://localhost:3001/core/CameraController.js:240
[  142658ms] [LOG] [CameraController] playerPos=46.00,4.04,0.00 targetY=4.19 camPos=46.00,4.19,0.00 @ http://localhost:3001/core/CameraController.js:240
[  147743ms] [LOG] [CameraController] playerPos=46.00,4.04,0.00 targetY=4.19 camPos=46.00,4.19,0.00 @ http://localhost:3001/core/CameraController.js:240
[  151729ms] [LOG] [CameraController] playerPos=46.00,4.04,0.00 targetY=4.19 camPos=46.00,4.19,0.00 @ http://localhost:3001/core/CameraController.js:240
[  155316ms] [LOG] [CameraController] playerPos=46.00,4.04,0.00 targetY=4.19 camPos=46.00,4.19,0.00 @ http://localhost:3001/core/CameraController.js:240
[  159520ms] [LOG] [CameraController] playerPos=46.00,4.04,0.00 targetY=4.19 camPos=46.00,4.19,0.00 @ http://localhost:3001/core/CameraController.js:240
[  162541ms] [LOG] [CameraController] playerPos=46.00,4.04,0.00 targetY=4.19 camPos=46.00,4.19,0.00 @ http://localhost:3001/core/CameraController.js:240
[  165304ms] [LOG] [CameraController] playerPos=46.00,4.04,0.00 targetY=4.19 camPos=46.00,4.19,0.00 @ http://localhost:3001/core/CameraController.js:240
[  168340ms] [LOG] [CameraController] playerPos=46.00,4.04,0.00 targetY=4.19 camPos=46.00,4.19,0.00 @ http://localhost:3001/core/CameraController.js:240
[  170887ms] [LOG] [CameraController] playerPos=46.00,4.04,0.00 targetY=4.19 camPos=46.00,4.19,0.00 @ http://localhost:3001/core/CameraController.js:240
[  173842ms] [LOG] [CameraController] playerPos=46.00,4.04,0.00 targetY=4.19 camPos=46.00,4.19,0.00 @ http://localhost:3001/core/CameraController.js:240
[  176762ms] [LOG] [CameraController] playerPos=46.00,4.04,0.00 targetY=4.19 camPos=46.00,4.19,0.00 @ http://localhost:3001/core/CameraController.js:240
[  180478ms] [LOG] [CameraController] playerPos=46.00,4.04,0.00 targetY=4.19 camPos=46.00,4.19,0.00 @ http://localhost:3001/core/CameraController.js:240
[  183510ms] [LOG] [CameraController] playerPos=46.00,4.04,0.00 targetY=4.19 camPos=46.00,4.19,0.00 @ http://localhost:3001/core/CameraController.js:240
[  186178ms] [LOG] [CameraController] playerPos=46.00,4.04,0.00 targetY=4.19 camPos=46.00,4.19,0.00 @ http://localhost:3001/core/CameraController.js:240
[  188741ms] [LOG] [CameraController] playerPos=46.00,4.04,0.00 targetY=4.19 camPos=46.00,4.19,0.00 @ http://localhost:3001/core/CameraController.js:240
[  191635ms] [LOG] [CameraController] playerPos=46.00,4.04,0.00 targetY=4.19 camPos=46.00,4.19,0.00 @ http://localhost:3001/core/CameraController.js:240
[  194506ms] [LOG] [CameraController] playerPos=46.00,4.04,0.00 targetY=4.19 camPos=46.00,4.19,0.00 @ http://localhost:3001/core/CameraController.js:240
[  197526ms] [LOG] [CameraController] playerPos=46.00,4.04,0.00 targetY=4.19 camPos=46.00,4.19,0.00 @ http://localhost:3001/core/CameraController.js:240
[  200387ms] [LOG] [CameraController] playerPos=46.00,4.04,0.00 targetY=4.19 camPos=46.00,4.19,0.00 @ http://localhost:3001/core/CameraController.js:240
[  203631ms] [LOG] [CameraController] playerPos=46.00,4.04,0.00 targetY=4.19 camPos=46.00,4.19,0.00 @ http://localhost:3001/core/CameraController.js:240
[  206208ms] [LOG] [CameraController] playerPos=46.00,4.04,0.00 targetY=4.19 camPos=46.00,4.19,0.00 @ http://localhost:3001/core/CameraController.js:240
[  208877ms] [LOG] [CameraController] playerPos=46.00,4.04,0.00 targetY=4.19 camPos=46.00,4.19,0.00 @ http://localhost:3001/core/CameraController.js:240
[  211500ms] [LOG] [CameraController] playerPos=46.00,4.04,0.00 targetY=4.19 camPos=46.00,4.19,0.00 @ http://localhost:3001/core/CameraController.js:240
[  214443ms] [LOG] [CameraController] playerPos=46.00,4.04,0.00 targetY=4.19 camPos=46.00,4.19,0.00 @ http://localhost:3001/core/CameraController.js:240
[  217147ms] [LOG] [CameraController] playerPos=46.00,4.04,0.00 targetY=4.19 camPos=46.00,4.19,0.00 @ http://localhost:3001/core/CameraController.js:240
