[     188ms] [LOG] 🗺️ Debug Map Viewer activated @ http://localhost:3001/main.js:2401
[     189ms] [LOG] 🚀 Starting game for debug mode... @ http://localhost:3001/main.js:2655
[     191ms] [LOG] 🔧 Creating camera... @ http://localhost:3001/main.js:217
[     191ms] [LOG] Camera options: {"fov":75,"aspect":1.5913978494623655,"near":0.1,"far":5000} @ http://localhost:3001/main.js:220
[     191ms] [LOG] ✅ Camera created at position: 0 0 0 @ http://localhost:3001/main.js:223
[     966ms] [LOG] 🗺️ Starting debug camera controls... @ http://localhost:3001/main.js:2625
[     970ms] [LOG] 🗺️ Debug controls: WASD move | Q/E up-down | Scroll zoom | R reset view | T top-down @ http://localhost:3001/main.js:2665
[    1154ms] [LOG] DEBUG: Checking game object properties... @ http://localhost:3001/main.js:2391
[    1154ms] [LOG]   camera: true object @ http://localhost:3001/main.js:2392
[    1154ms] [LOG]   scene: true object @ http://localhost:3001/main.js:2393
[    1154ms] [LOG]   camera.position: 100 80 -100 @ http://localhost:3001/main.js:2395
[    6993ms] [LOG] DEBUG: Total map objects in scene: 4347; renderables: 3874 @ http://localhost:3001/main.js:701
[    6999ms] [LOG] [GameLoop] starting, isRunning=true @ http://localhost:3001/core/GameLoop.js:17
[    7000ms] [LOG] [Game] FIRST render: renderer=WebGLRenderer renderMethod=function renderName= @ http://localhost:3001/main.js:2287
[    7003ms] [LOG] [THREE.WebGLRenderer.render #1] @ http://localhost:3001/node_modules/three/build/three.module.js:29533
[    9315ms] [LOG] [GameLoop] first frame: update=function render=function paused=false hidden=false @ http://localhost:3001/core/GameLoop.js:66
[    9315ms] [LOG] [THREE.WebGLRenderer.render #2] @ http://localhost:3001/node_modules/three/build/three.module.js:29533
[    9372ms] [LOG] ✅ Game started successfully @ http://localhost:3001/main.js:2657
[    9573ms] [LOG] [THREE.WebGLRenderer.render #3] @ http://localhost:3001/node_modules/three/build/three.module.js:29533
[    9788ms] [LOG] [THREE.WebGLRenderer.render #4] @ http://localhost:3001/node_modules/three/build/three.module.js:29533
[    9996ms] [LOG] [THREE.WebGLRenderer.render #5] @ http://localhost:3001/node_modules/three/build/three.module.js:29533
[   10204ms] [LOG] [THREE.WebGLRenderer.render #6] @ http://localhost:3001/node_modules/three/build/three.module.js:29533
[   10290ms] [LOG] [THREE.WebGLRenderer.render #7] @ http://localhost:3001/node_modules/three/build/three.module.js:29533
[   10336ms] [LOG] [THREE.WebGLRenderer.render #8] @ http://localhost:3001/node_modules/three/build/three.module.js:29533
[   10377ms] [LOG] [THREE.WebGLRenderer.render #9] @ http://localhost:3001/node_modules/three/build/three.module.js:29533
[   10429ms] [LOG] [THREE.WebGLRenderer.render #10] @ http://localhost:3001/node_modules/three/build/three.module.js:29533
[   14356ms] [LOG] [THREE.WebGLRenderer.render #120] @ http://localhost:3001/node_modules/three/build/three.module.js:29533
[   14416ms] [LOG] [GameLoop] frame#120 @ http://localhost:3001/core/GameLoop.js:69
[   18466ms] [LOG] [THREE.WebGLRenderer.render #240] @ http://localhost:3001/node_modules/three/build/three.module.js:29533
[   18536ms] [LOG] [GameLoop] frame#240 @ http://localhost:3001/core/GameLoop.js:69
[   23033ms] [LOG] [THREE.WebGLRenderer.render #360] @ http://localhost:3001/node_modules/three/build/three.module.js:29533
[   23121ms] [LOG] [GameLoop] frame#360 @ http://localhost:3001/core/GameLoop.js:69
[   28123ms] [LOG] [THREE.WebGLRenderer.render #480] @ http://localhost:3001/node_modules/three/build/three.module.js:29533
[   28208ms] [LOG] [GameLoop] frame#480 @ http://localhost:3001/core/GameLoop.js:69
[   33200ms] [LOG] [THREE.WebGLRenderer.render #600] @ http://localhost:3001/node_modules/three/build/three.module.js:29533
[   33274ms] [LOG] [GameLoop] frame#600 @ http://localhost:3001/core/GameLoop.js:69
[   38629ms] [LOG] [THREE.WebGLRenderer.render #720] @ http://localhost:3001/node_modules/three/build/three.module.js:29533
[   38726ms] [LOG] [GameLoop] frame#720 @ http://localhost:3001/core/GameLoop.js:69
[   44711ms] [LOG] [THREE.WebGLRenderer.render #840] @ http://localhost:3001/node_modules/three/build/three.module.js:29533
[   44808ms] [LOG] [GameLoop] frame#840 @ http://localhost:3001/core/GameLoop.js:69
[   50726ms] [LOG] [THREE.WebGLRenderer.render #960] @ http://localhost:3001/node_modules/three/build/three.module.js:29533
[   50815ms] [LOG] [GameLoop] frame#960 @ http://localhost:3001/core/GameLoop.js:69
[   56857ms] [LOG] [THREE.WebGLRenderer.render #1080] @ http://localhost:3001/node_modules/three/build/three.module.js:29533
[   56965ms] [LOG] [GameLoop] frame#1080 @ http://localhost:3001/core/GameLoop.js:69
[   63164ms] [LOG] [THREE.WebGLRenderer.render #1200] @ http://localhost:3001/node_modules/three/build/three.module.js:29533
[   63269ms] [LOG] [GameLoop] frame#1200 @ http://localhost:3001/core/GameLoop.js:69
[   69339ms] [LOG] [THREE.WebGLRenderer.render #1320] @ http://localhost:3001/node_modules/three/build/three.module.js:29533
[   69427ms] [LOG] [GameLoop] frame#1320 @ http://localhost:3001/core/GameLoop.js:69
[   74547ms] [LOG] [THREE.WebGLRenderer.render #1440] @ http://localhost:3001/node_modules/three/build/three.module.js:29533
[   74638ms] [LOG] [GameLoop] frame#1440 @ http://localhost:3001/core/GameLoop.js:69
