[     115ms] [LOG] [initGame] START, isMobile: false @ http://localhost:8095/main.js?v=20240101:293
[     115ms] [LOG] [initGame] creating scene... @ http://localhost:8095/main.js?v=20240101:296
[     115ms] [LOG] [initGame] scene created: true @ http://localhost:8095/main.js?v=20240101:298
[     466ms] [LOG] [NodePad] Pad 0: pos=(46.00, 0.00) data=(46.00, 0.00) @ http://localhost:8095/world/MapGeneratorNode.js?v=1783108959290:369
[     467ms] [LOG] [NodePad] Pad 1: pos=(45.91, -2.89) data=(45.91, -2.89) @ http://localhost:8095/world/MapGeneratorNode.js?v=1783108959290:369
[     474ms] [LOG] [MapGenSync] Synced 100 pads from node, first=(46.0, 0.0) second=(45.9, -2.9) @ http://localhost:8095/world/MapGenerator.js:648
[     586ms] [LOG] [MapGenerator] Before filter: 100 pads, first: (46.0, 0.0) @ http://localhost:8095/world/MapGenerator.js:5200
[     587ms] [LOG] [MapGenerator] After filter: 100 pads, first: (46.0, 0.0) second: (45.9, -2.9) @ http://localhost:8095/world/MapGenerator.js:5236
[     593ms] [LOG] [InstancedMesh] Collected 1905 candidate meshes @ http://localhost:8095/world/InstancedMeshSystem.js:24
[     593ms] [LOG] [InstancedMesh] Skipped: noMapGen=0, culled=0, aniInt=275, noGeoKey=0, matKey=0 @ http://localhost:8095/world/InstancedMeshSystem.js:25
[     613ms] [LOG] [InstancedMesh] Groups: 514, Replaced: 1557, Skipped(<2): 348 @ http://localhost:8095/world/InstancedMeshSystem.js:104
[     613ms] [LOG] [MapGenerator] InstancedMesh: 1557 meshes merged into 166 InstancedMesh (total before: 1130, after: 958) @ http://localhost:8095/world/MapGenerator.js:178
[     634ms] [LOG] [LootManager] generateChestsAsync: floorTiles=100, spots=40, chestCount=120 @ http://localhost:8095/items/LootManager.js:259
[     766ms] [LOG] [SpawnDebug] Total pads=100 BotPads=99 First=(46.0, 0.0) Second=(45.9, -2.9) Last=(45.9, 2.9) @ http://localhost:8095/main.js?v=20240101:655
[     766ms] [LOG] [SpawnDebug] Bot 0: pad=(45.91, -2.89) spawn=(45.91, -2.89) distFromCenter=46.00 @ http://localhost:8095/main.js?v=20240101:667
[     767ms] [ERROR] [Game] initializeGame failed: TypeError: Cannot read properties of undefined (reading 'scale')
    at new Bot (http://localhost:8095/entities/Bot.js:68:41)
    at Game.spawnBots (http://localhost:8095/main.js?v=20240101:678:25)
    at Game.spawnPlayerAndBots (http://localhost:8095/main.js?v=20240101:1110:14)
    at Game.initializeGame (http://localhost:8095/main.js?v=20240101:465:14) @ http://localhost:8095/main.js?v=20240101:601
[     767ms] [ERROR] [Game] constructor init failed: TypeError: Cannot read properties of undefined (reading 'scale')
    at new Bot (http://localhost:8095/entities/Bot.js:68:41)
    at Game.spawnBots (http://localhost:8095/main.js?v=20240101:678:25)
    at Game.spawnPlayerAndBots (http://localhost:8095/main.js?v=20240101:1110:14)
    at Game.initializeGame (http://localhost:8095/main.js?v=20240101:465:14) @ http://localhost:8095/main.js?v=20240101:102
[     778ms] [LOG] [LootManager] floorTiles path: created 39 chests @ http://localhost:8095/items/LootManager.js:301
[     778ms] [LOG] [LootManager] random fallback path, chestCount=120 @ http://localhost:8095/items/LootManager.js:310
[     794ms] TypeError: Cannot read properties of undefined (reading 'scale')
    at new Bot (http://localhost:8095/entities/Bot.js:68:41)
    at Game.spawnBots (http://localhost:8095/main.js?v=20240101:678:25)
    at Game.spawnPlayerAndBots (http://localhost:8095/main.js?v=20240101:1110:14)
    at Game.initializeGame (http://localhost:8095/main.js?v=20240101:465:14)
[     825ms] [LOG] [LootManager] random fallback: created 120 chests @ http://localhost:8095/items/LootManager.js:338
[     826ms] [LOG] [LootManager] Generated 120 chests @ http://localhost:8095/items/LootManager.js:46
[     849ms] [ERROR] Failed to load resource: the server responded with a status of 404 (Not Found) @ http://localhost:8095/favicon.ico:0
[   20021ms] [ERROR] startGame failed: TypeError: Cannot read properties of undefined (reading 'scale')
    at new Bot (http://localhost:8095/entities/Bot.js:68:41)
    at Game.spawnBots (http://localhost:8095/main.js?v=20240101:678:25)
    at Game.spawnPlayerAndBots (http://localhost:8095/main.js?v=20240101:1110:14)
    at Game.initializeGame (http://localhost:8095/main.js?v=20240101:465:14) @ http://localhost:8095/main.js?v=20240101:3030
[   56608ms] [LOG] [initGame] START, isMobile: false @ http://localhost:8095/main.js?v=20240101:293
[   56608ms] [LOG] [initGame] creating scene... @ http://localhost:8095/main.js?v=20240101:296
[   56610ms] [LOG] [initGame] scene created: true @ http://localhost:8095/main.js?v=20240101:298
[   56656ms] [LOG] [NodePad] Pad 0: pos=(46.00, 0.00) data=(46.00, 0.00) @ http://localhost:8095/world/MapGeneratorNode.js?v=1783108959290:369
[   56656ms] [LOG] [NodePad] Pad 1: pos=(45.91, -2.89) data=(45.91, -2.89) @ http://localhost:8095/world/MapGeneratorNode.js?v=1783108959290:369
[   56663ms] [LOG] [MapGenSync] Synced 100 pads from node, first=(46.0, 0.0) second=(45.9, -2.9) @ http://localhost:8095/world/MapGenerator.js:648
[   56754ms] [LOG] [MapGenerator] Before filter: 100 pads, first: (46.0, 0.0) @ http://localhost:8095/world/MapGenerator.js:5200
[   56755ms] [LOG] [MapGenerator] After filter: 100 pads, first: (46.0, 0.0) second: (45.9, -2.9) @ http://localhost:8095/world/MapGenerator.js:5236
[   56760ms] [LOG] [InstancedMesh] Collected 1905 candidate meshes @ http://localhost:8095/world/InstancedMeshSystem.js:24
[   56760ms] [LOG] [InstancedMesh] Skipped: noMapGen=0, culled=0, aniInt=275, noGeoKey=0, matKey=0 @ http://localhost:8095/world/InstancedMeshSystem.js:25
[   56778ms] [LOG] [InstancedMesh] Groups: 514, Replaced: 1557, Skipped(<2): 348 @ http://localhost:8095/world/InstancedMeshSystem.js:104
[   56778ms] [LOG] [MapGenerator] InstancedMesh: 1557 meshes merged into 166 InstancedMesh (total before: 1130, after: 958) @ http://localhost:8095/world/MapGenerator.js:178
[   56794ms] [LOG] [LootManager] generateChestsAsync: floorTiles=100, spots=40, chestCount=120 @ http://localhost:8095/items/LootManager.js:259
[   56912ms] [LOG] [SpawnDebug] Total pads=100 BotPads=99 First=(46.0, 0.0) Second=(45.9, -2.9) Last=(45.9, 2.9) @ http://localhost:8095/main.js?v=20240101:655
[   56912ms] [LOG] [SpawnDebug] Bot 0: pad=(45.91, -2.89) spawn=(45.91, -2.89) distFromCenter=46.00 @ http://localhost:8095/main.js?v=20240101:667
[   56912ms] [ERROR] [Game] initializeGame failed: TypeError: Cannot read properties of undefined (reading 'scale')
    at new Bot (http://localhost:8095/entities/Bot.js:68:41)
    at Game.spawnBots (http://localhost:8095/main.js?v=20240101:678:25)
    at Game.spawnPlayerAndBots (http://localhost:8095/main.js?v=20240101:1110:14)
    at Game.initializeGame (http://localhost:8095/main.js?v=20240101:465:14) @ http://localhost:8095/main.js?v=20240101:601
[   56912ms] [ERROR] [Game] constructor init failed: TypeError: Cannot read properties of undefined (reading 'scale')
    at new Bot (http://localhost:8095/entities/Bot.js:68:41)
    at Game.spawnBots (http://localhost:8095/main.js?v=20240101:678:25)
    at Game.spawnPlayerAndBots (http://localhost:8095/main.js?v=20240101:1110:14)
    at Game.initializeGame (http://localhost:8095/main.js?v=20240101:465:14) @ http://localhost:8095/main.js?v=20240101:102
[   56920ms] [LOG] [LootManager] floorTiles path: created 39 chests @ http://localhost:8095/items/LootManager.js:301
[   56920ms] [LOG] [LootManager] random fallback path, chestCount=120 @ http://localhost:8095/items/LootManager.js:310
[   56929ms] TypeError: Cannot read properties of undefined (reading 'scale')
    at new Bot (http://localhost:8095/entities/Bot.js:68:41)
    at Game.spawnBots (http://localhost:8095/main.js?v=20240101:678:25)
    at Game.spawnPlayerAndBots (http://localhost:8095/main.js?v=20240101:1110:14)
    at Game.initializeGame (http://localhost:8095/main.js?v=20240101:465:14)
[   56946ms] [LOG] [LootManager] random fallback: created 120 chests @ http://localhost:8095/items/LootManager.js:338
[   56946ms] [LOG] [LootManager] Generated 120 chests @ http://localhost:8095/items/LootManager.js:46
