[     143ms] [LOG] [initGame] START, isMobile: false @ http://localhost:3001/main.js?v=1785342403739:289
[     143ms] [LOG] [initGame] creating scene... @ http://localhost:3001/main.js?v=1785342403739:292
[     143ms] [LOG] [initGame] scene created: true @ http://localhost:3001/main.js?v=1785342403739:294
[     202ms] [LOG] [NodePad] Pad 0: pos=(46.00, 0.00) data=(46.00, 0.00) @ http://localhost:3001/world/MapGeneratorNode.js?v=1783108959290:369
[     202ms] [LOG] [NodePad] Pad 1: pos=(45.91, -2.89) data=(45.91, -2.89) @ http://localhost:3001/world/MapGeneratorNode.js?v=1783108959290:369
[     212ms] [LOG] [MapGenSync] Synced 100 pads from node, first=(46.0, 0.0) second=(45.9, -2.9) @ http://localhost:3001/world/MapGenerator.js:637
[     355ms] [LOG] [MapGenerator] Before filter: 100 pads, first: (46.0, 0.0) @ http://localhost:3001/world/MapGenerator.js:5169
[     355ms] [LOG] [MapGenerator] After filter: 100 pads, first: (46.0, 0.0) second: (45.9, -2.9) @ http://localhost:3001/world/MapGenerator.js:5205
[     361ms] [LOG] [InstancedMesh] Collected 1757 candidate meshes @ http://localhost:3001/world/InstancedMeshSystem.js:24
[     361ms] [LOG] [InstancedMesh] Skipped: noMapGen=0, culled=0, aniInt=276, noGeoKey=0, matKey=0 @ http://localhost:3001/world/InstancedMeshSystem.js:25
[     388ms] [LOG] [InstancedMesh] Groups: 505, Replaced: 1409, Skipped(<2): 348 @ http://localhost:3001/world/InstancedMeshSystem.js:104
[     388ms] [LOG] [MapGenerator] InstancedMesh: 1409 meshes merged into 157 InstancedMesh (total before: 1005, after: 944) @ http://localhost:3001/world/MapGenerator.js:178
[     428ms] [LOG] [LootManager] generateChestsAsync: floorTiles=100, spots=40, chestCount=120 @ http://localhost:3001/items/LootManager.js:257
[     467ms] [LOG] [Player] selectSlot: slot=0 weapon=knife mesh=exists this.mesh=exists socket=exists @ http://localhost:3001/entities/Player.js:833
[     467ms] [LOG] [Player] selectSlot: attached weapon knife to socket, mesh.visible=true @ http://localhost:3001/entities/Player.js:846
[     467ms] [LOG] [Player] updateViewWeapon: currentWeapon=knife fists=fists fpArmsVisible=false @ http://localhost:3001/entities/Player.js:1203
[     468ms] [LOG] [Player] animateViewModelWeapon ENTER type=knife @ http://localhost:3001/entities/Player.js:1130
[     468ms] [LOG] [Player] Weapon created: type=knife mesh=exists @ http://localhost:3001/entities/Player.js:1156
[     468ms] [LOG] [Player] updateViewWeapon: currentWeapon=knife fists=fists fpArmsVisible=true @ http://localhost:3001/entities/Player.js:1203
[     469ms] [LOG] [SpawnDebug] Total pads=100 BotPads=99 First=(46.0, 0.0) Second=(45.9, -2.9) Last=(45.9, 2.9) @ http://localhost:3001/main.js?v=1785342403739:621
[     469ms] [LOG] [SpawnDebug] Bot 0: pad=(45.91, -2.89) spawn=(45.91, -2.89) distFromCenter=46.00 @ http://localhost:3001/main.js?v=1785342403739:633
[     471ms] [LOG] [SpawnDebug] Bot 1: pad=(45.64, -5.77) spawn=(45.64, -5.77) distFromCenter=46.00 @ http://localhost:3001/main.js?v=1785342403739:633
[     471ms] [LOG] [SpawnDebug] Bot 2: pad=(45.19, -8.62) spawn=(45.19, -8.62) distFromCenter=46.00 @ http://localhost:3001/main.js?v=1785342403739:633
[     507ms] [LOG] [initGame] done: true true true @ http://localhost:3001/main.js?v=1785342403739:570
[     520ms] [LOG] [LootManager] floorTiles path: created 40 chests @ http://localhost:3001/items/LootManager.js:299
[     520ms] [LOG] [LootManager] random fallback path, chestCount=120 @ http://localhost:3001/items/LootManager.js:308
[     833ms] [LOG] [LootManager] random fallback: created 120 chests @ http://localhost:3001/items/LootManager.js:336
[     834ms] [LOG] [LootManager] Generated 120 chests @ http://localhost:3001/items/LootManager.js:44
[    2886ms] [WARNING] Failed to execute 'requestFullscreen' on 'Element': API can only be initiated by a user gesture. @ http://localhost:3001/:0
[    2887ms] [LOG] [Cam] pointerlockchange isLocked=true @ http://localhost:3001/core/CameraController.js:47
[    2895ms] Permissions check failed
[    3428ms] [ERROR] Failed to load resource: the server responded with a status of 404 (Not Found) @ http://localhost:3001/favicon.ico:0
[    4129ms] [LOG] [CameraController] playerPos=46.00,4.04,0.00 targetY=4.19 camPos=46.00,4.19,0.00 @ http://localhost:3001/core/CameraController.js:240
[    6358ms] [LOG] [CameraController] playerPos=46.00,4.04,0.00 targetY=4.19 camPos=46.00,4.19,0.00 @ http://localhost:3001/core/CameraController.js:240
[    6358ms] [LOG] [Cam] pitch=-14.3° yaw=0.0° @ http://localhost:3001/core/CameraController.js:252
[    8663ms] [LOG] [CameraController] playerPos=46.00,4.04,0.00 targetY=4.19 camPos=46.00,4.19,0.00 @ http://localhost:3001/core/CameraController.js:240
[   11045ms] [LOG] [CameraController] playerPos=46.00,4.04,0.00 targetY=4.19 camPos=46.00,4.19,0.00 @ http://localhost:3001/core/CameraController.js:240
[   11045ms] [LOG] [Cam] pitch=-59.1° yaw=-58.8° @ http://localhost:3001/core/CameraController.js:252
[   13142ms] [LOG] [CameraController] playerPos=46.00,4.04,0.00 targetY=4.19 camPos=46.00,4.19,0.00 @ http://localhost:3001/core/CameraController.js:240
[   15244ms] [LOG] [CameraController] playerPos=46.00,4.04,0.00 targetY=4.19 camPos=46.00,4.19,0.00 @ http://localhost:3001/core/CameraController.js:240
[   15244ms] [LOG] [Cam] pitch=-59.1° yaw=-58.8° @ http://localhost:3001/core/CameraController.js:252
[   17337ms] [LOG] [CameraController] playerPos=46.00,4.04,0.00 targetY=4.19 camPos=46.00,4.19,0.00 @ http://localhost:3001/core/CameraController.js:240
[   19491ms] [LOG] [CameraController] playerPos=46.00,4.04,0.00 targetY=4.19 camPos=46.00,4.19,0.00 @ http://localhost:3001/core/CameraController.js:240
[   19491ms] [LOG] [Cam] pitch=-59.1° yaw=-58.8° @ http://localhost:3001/core/CameraController.js:252
[   21823ms] [LOG] [CameraController] playerPos=46.00,4.04,0.00 targetY=4.19 camPos=46.00,4.19,0.00 @ http://localhost:3001/core/CameraController.js:240
[   24059ms] [LOG] [CameraController] playerPos=46.00,4.04,0.00 targetY=4.19 camPos=46.00,4.19,0.00 @ http://localhost:3001/core/CameraController.js:240
[   24060ms] [LOG] [Cam] pitch=-59.1° yaw=-58.8° @ http://localhost:3001/core/CameraController.js:252
[   26511ms] [LOG] [CameraController] playerPos=46.00,4.04,0.00 targetY=4.19 camPos=46.00,4.19,0.00 @ http://localhost:3001/core/CameraController.js:240
[   28608ms] [LOG] [CameraController] playerPos=46.00,4.04,0.00 targetY=4.19 camPos=46.00,4.19,0.00 @ http://localhost:3001/core/CameraController.js:240
[   28608ms] [LOG] [Cam] pitch=-59.1° yaw=-58.8° @ http://localhost:3001/core/CameraController.js:252
[   30810ms] [LOG] [CameraController] playerPos=46.00,4.04,0.00 targetY=4.19 camPos=46.00,4.19,0.00 @ http://localhost:3001/core/CameraController.js:240
[   33256ms] [LOG] [CameraController] playerPos=40.88,4.04,8.50 targetY=4.19 camPos=40.87,4.19,8.44 @ http://localhost:3001/core/CameraController.js:240
[   33256ms] [LOG] [Cam] pitch=11.2° yaw=186.1° @ http://localhost:3001/core/CameraController.js:252
[   35538ms] [LOG] [CameraController] playerPos=44.13,4.03,25.88 targetY=4.18 camPos=44.13,4.19,25.83 @ http://localhost:3001/core/CameraController.js:240
[   37821ms] [LOG] [CameraController] playerPos=45.41,4.03,39.46 targetY=4.18 camPos=45.37,4.19,39.42 @ http://localhost:3001/core/CameraController.js:240
[   37821ms] [LOG] [Cam] pitch=-10.7° yaw=216.6° @ http://localhost:3001/core/CameraController.js:252
[   39969ms] [LOG] [CameraController] playerPos=58.93,2.58,46.73 targetY=2.73 camPos=58.87,2.68,46.72 @ http://localhost:3001/core/CameraController.js:240
[   42102ms] [LOG] [CameraController] playerPos=75.88,2.31,46.89 targetY=2.46 camPos=75.83,2.41,46.88 @ http://localhost:3001/core/CameraController.js:240
[   42103ms] [LOG] [Cam] pitch=-15.6° yaw=258.7° @ http://localhost:3001/core/CameraController.js:252
[   43335ms] [LOG] [Player] updateViewWeapon: currentWeapon=knife fists=fists fpArmsVisible=true @ http://localhost:3001/entities/Player.js:1203
[   43935ms] [LOG] [Player] selectSlot: slot=1 weapon=bow mesh=exists this.mesh=exists socket=exists @ http://localhost:3001/entities/Player.js:833
[   43935ms] [LOG] [Player] selectSlot: detached old weapon knife @ http://localhost:3001/entities/Player.js:838
[   43935ms] [LOG] [Player] selectSlot: attached weapon bow to socket, mesh.visible=true @ http://localhost:3001/entities/Player.js:846
[   43935ms] [LOG] [Player] updateViewWeapon: currentWeapon=bow fists=fists fpArmsVisible=true @ http://localhost:3001/entities/Player.js:1203
[   43935ms] [LOG] [Player] animateViewModelWeapon ENTER type=bow @ http://localhost:3001/entities/Player.js:1130
[   43936ms] [LOG] [Player] Weapon created: type=bow mesh=exists @ http://localhost:3001/entities/Player.js:1156
[   43948ms] [LOG] [Player] selectSlot: slot=1 weapon=bow mesh=exists this.mesh=exists socket=exists @ http://localhost:3001/entities/Player.js:833
[   43948ms] [LOG] [Player] selectSlot: detached old weapon bow @ http://localhost:3001/entities/Player.js:838
[   43948ms] [LOG] [Player] selectSlot: attached weapon bow to socket, mesh.visible=true @ http://localhost:3001/entities/Player.js:846
[   43948ms] [LOG] [Player] updateViewWeapon: currentWeapon=bow fists=fists fpArmsVisible=true @ http://localhost:3001/entities/Player.js:1203
[   43957ms] [LOG] [Player] selectSlot: slot=1 weapon=bow mesh=exists this.mesh=exists socket=exists @ http://localhost:3001/entities/Player.js:833
[   43957ms] [LOG] [Player] selectSlot: detached old weapon bow @ http://localhost:3001/entities/Player.js:838
[   43957ms] [LOG] [Player] selectSlot: attached weapon bow to socket, mesh.visible=true @ http://localhost:3001/entities/Player.js:846
[   43957ms] [LOG] [Player] updateViewWeapon: currentWeapon=bow fists=fists fpArmsVisible=true @ http://localhost:3001/entities/Player.js:1203
[   43965ms] [LOG] [Player] selectSlot: slot=1 weapon=bow mesh=exists this.mesh=exists socket=exists @ http://localhost:3001/entities/Player.js:833
[   43965ms] [LOG] [Player] selectSlot: detached old weapon bow @ http://localhost:3001/entities/Player.js:838
[   43965ms] [LOG] [Player] selectSlot: attached weapon bow to socket, mesh.visible=true @ http://localhost:3001/entities/Player.js:846
[   43966ms] [LOG] [Player] updateViewWeapon: currentWeapon=bow fists=fists fpArmsVisible=true @ http://localhost:3001/entities/Player.js:1203
[   43973ms] [LOG] [Player] selectSlot: slot=1 weapon=bow mesh=exists this.mesh=exists socket=exists @ http://localhost:3001/entities/Player.js:833
[   43973ms] [LOG] [Player] selectSlot: detached old weapon bow @ http://localhost:3001/entities/Player.js:838
[   43973ms] [LOG] [Player] selectSlot: attached weapon bow to socket, mesh.visible=true @ http://localhost:3001/entities/Player.js:846
[   43973ms] [LOG] [Player] updateViewWeapon: currentWeapon=bow fists=fists fpArmsVisible=true @ http://localhost:3001/entities/Player.js:1203
[   43982ms] [LOG] [Player] selectSlot: slot=1 weapon=bow mesh=exists this.mesh=exists socket=exists @ http://localhost:3001/entities/Player.js:833
[   43982ms] [LOG] [Player] selectSlot: detached old weapon bow @ http://localhost:3001/entities/Player.js:838
[   43982ms] [LOG] [Player] selectSlot: attached weapon bow to socket, mesh.visible=true @ http://localhost:3001/entities/Player.js:846
[   43982ms] [LOG] [Player] updateViewWeapon: currentWeapon=bow fists=fists fpArmsVisible=true @ http://localhost:3001/entities/Player.js:1203
[   43993ms] [LOG] [Player] selectSlot: slot=1 weapon=bow mesh=exists this.mesh=exists socket=exists @ http://localhost:3001/entities/Player.js:833
[   43993ms] [LOG] [Player] selectSlot: detached old weapon bow @ http://localhost:3001/entities/Player.js:838
[   43993ms] [LOG] [Player] selectSlot: attached weapon bow to socket, mesh.visible=true @ http://localhost:3001/entities/Player.js:846
[   43993ms] [LOG] [Player] updateViewWeapon: currentWeapon=bow fists=fists fpArmsVisible=true @ http://localhost:3001/entities/Player.js:1203
[   44001ms] [LOG] [Player] selectSlot: slot=1 weapon=bow mesh=exists this.mesh=exists socket=exists @ http://localhost:3001/entities/Player.js:833
[   44001ms] [LOG] [Player] selectSlot: detached old weapon bow @ http://localhost:3001/entities/Player.js:838
[   44001ms] [LOG] [Player] selectSlot: attached weapon bow to socket, mesh.visible=true @ http://localhost:3001/entities/Player.js:846
[   44001ms] [LOG] [Player] updateViewWeapon: currentWeapon=bow fists=fists fpArmsVisible=true @ http://localhost:3001/entities/Player.js:1203
[   44010ms] [LOG] [Player] selectSlot: slot=1 weapon=bow mesh=exists this.mesh=exists socket=exists @ http://localhost:3001/entities/Player.js:833
[   44011ms] [LOG] [Player] selectSlot: detached old weapon bow @ http://localhost:3001/entities/Player.js:838
[   44011ms] [LOG] [Player] selectSlot: attached weapon bow to socket, mesh.visible=true @ http://localhost:3001/entities/Player.js:846
[   44011ms] [LOG] [Player] updateViewWeapon: currentWeapon=bow fists=fists fpArmsVisible=true @ http://localhost:3001/entities/Player.js:1203
[   44019ms] [LOG] [Player] selectSlot: slot=1 weapon=bow mesh=exists this.mesh=exists socket=exists @ http://localhost:3001/entities/Player.js:833
[   44020ms] [LOG] [Player] selectSlot: detached old weapon bow @ http://localhost:3001/entities/Player.js:838
[   44020ms] [LOG] [Player] selectSlot: attached weapon bow to socket, mesh.visible=true @ http://localhost:3001/entities/Player.js:846
[   44020ms] [LOG] [Player] updateViewWeapon: currentWeapon=bow fists=fists fpArmsVisible=true @ http://localhost:3001/entities/Player.js:1203
[   44027ms] [LOG] [Player] selectSlot: slot=1 weapon=bow mesh=exists this.mesh=exists socket=exists @ http://localhost:3001/entities/Player.js:833
[   44027ms] [LOG] [Player] selectSlot: detached old weapon bow @ http://localhost:3001/entities/Player.js:838
[   44027ms] [LOG] [Player] selectSlot: attached weapon bow to socket, mesh.visible=true @ http://localhost:3001/entities/Player.js:846
[   44027ms] [LOG] [Player] updateViewWeapon: currentWeapon=bow fists=fists fpArmsVisible=true @ http://localhost:3001/entities/Player.js:1203
[   44038ms] [LOG] [Player] selectSlot: slot=1 weapon=bow mesh=exists this.mesh=exists socket=exists @ http://localhost:3001/entities/Player.js:833
[   44038ms] [LOG] [Player] selectSlot: detached old weapon bow @ http://localhost:3001/entities/Player.js:838
[   44038ms] [LOG] [Player] selectSlot: attached weapon bow to socket, mesh.visible=true @ http://localhost:3001/entities/Player.js:846
[   44038ms] [LOG] [Player] updateViewWeapon: currentWeapon=bow fists=fists fpArmsVisible=true @ http://localhost:3001/entities/Player.js:1203
[   44045ms] [LOG] [Player] selectSlot: slot=1 weapon=bow mesh=exists this.mesh=exists socket=exists @ http://localhost:3001/entities/Player.js:833
[   44045ms] [LOG] [Player] selectSlot: detached old weapon bow @ http://localhost:3001/entities/Player.js:838
[   44045ms] [LOG] [Player] selectSlot: attached weapon bow to socket, mesh.visible=true @ http://localhost:3001/entities/Player.js:846
[   44045ms] [LOG] [Player] updateViewWeapon: currentWeapon=bow fists=fists fpArmsVisible=true @ http://localhost:3001/entities/Player.js:1203
[   44054ms] [LOG] [Player] selectSlot: slot=1 weapon=bow mesh=exists this.mesh=exists socket=exists @ http://localhost:3001/entities/Player.js:833
[   44055ms] [LOG] [Player] selectSlot: detached old weapon bow @ http://localhost:3001/entities/Player.js:838
[   44055ms] [LOG] [Player] selectSlot: attached weapon bow to socket, mesh.visible=true @ http://localhost:3001/entities/Player.js:846
[   44055ms] [LOG] [Player] updateViewWeapon: currentWeapon=bow fists=fists fpArmsVisible=true @ http://localhost:3001/entities/Player.js:1203
[   44064ms] [LOG] [Player] selectSlot: slot=1 weapon=bow mesh=exists this.mesh=exists socket=exists @ http://localhost:3001/entities/Player.js:833
[   44064ms] [LOG] [Player] selectSlot: detached old weapon bow @ http://localhost:3001/entities/Player.js:838
[   44064ms] [LOG] [Player] selectSlot: attached weapon bow to socket, mesh.visible=true @ http://localhost:3001/entities/Player.js:846
[   44064ms] [LOG] [Player] updateViewWeapon: currentWeapon=bow fists=fists fpArmsVisible=true @ http://localhost:3001/entities/Player.js:1203
[   44073ms] [LOG] [Player] selectSlot: slot=1 weapon=bow mesh=exists this.mesh=exists socket=exists @ http://localhost:3001/entities/Player.js:833
[   44073ms] [LOG] [Player] selectSlot: detached old weapon bow @ http://localhost:3001/entities/Player.js:838
[   44073ms] [LOG] [Player] selectSlot: attached weapon bow to socket, mesh.visible=true @ http://localhost:3001/entities/Player.js:846
[   44073ms] [LOG] [Player] updateViewWeapon: currentWeapon=bow fists=fists fpArmsVisible=true @ http://localhost:3001/entities/Player.js:1203
[   44084ms] [LOG] [Player] selectSlot: slot=1 weapon=bow mesh=exists this.mesh=exists socket=exists @ http://localhost:3001/entities/Player.js:833
[   44084ms] [LOG] [Player] selectSlot: detached old weapon bow @ http://localhost:3001/entities/Player.js:838
[   44085ms] [LOG] [Player] selectSlot: attached weapon bow to socket, mesh.visible=true @ http://localhost:3001/entities/Player.js:846
[   44085ms] [LOG] [Player] updateViewWeapon: currentWeapon=bow fists=fists fpArmsVisible=true @ http://localhost:3001/entities/Player.js:1203
[   44092ms] [LOG] [Player] selectSlot: slot=1 weapon=bow mesh=exists this.mesh=exists socket=exists @ http://localhost:3001/entities/Player.js:833
[   44092ms] [LOG] [Player] selectSlot: detached old weapon bow @ http://localhost:3001/entities/Player.js:838
[   44092ms] [LOG] [Player] selectSlot: attached weapon bow to socket, mesh.visible=true @ http://localhost:3001/entities/Player.js:846
[   44092ms] [LOG] [Player] updateViewWeapon: currentWeapon=bow fists=fists fpArmsVisible=true @ http://localhost:3001/entities/Player.js:1203
[   44415ms] [LOG] [CameraController] playerPos=85.85,1.84,53.83 targetY=1.99 camPos=85.84,1.99,53.77 @ http://localhost:3001/core/CameraController.js:240
[   46719ms] [LOG] [CameraController] playerPos=92.89,1.84,57.65 targetY=1.99 camPos=92.89,1.99,57.65 @ http://localhost:3001/core/CameraController.js:240
[   46719ms] [LOG] [Cam] pitch=-1.3° yaw=183.1° @ http://localhost:3001/core/CameraController.js:252
[   50140ms] [LOG] [Perf] frames=6300 draws=749 tris=75884 geos=985 mats=30 @ http://localhost:3001/main.js?v=1785342403739:2704
[   50142ms] [LOG] [CameraController] playerPos=98.42,2.00,68.59 targetY=2.15 camPos=98.44,2.15,68.55 @ http://localhost:3001/core/CameraController.js:240
[   53456ms] [LOG] [Perf] frames=6600 draws=838 tris=81906 geos=1022 mats=33 @ http://localhost:3001/main.js?v=1785342403739:2704
[   53458ms] [LOG] [CameraController] playerPos=86.73,2.00,72.11 targetY=2.15 camPos=86.78,2.11,72.11 @ http://localhost:3001/core/CameraController.js:240
[   53458ms] [LOG] [Cam] pitch=-1.9° yaw=82.5° @ http://localhost:3001/core/CameraController.js:252
