[     191ms] [LOG] [initGame] START, isMobile: false @ http://localhost:8095/main.js?v=20240101:293
[     191ms] [LOG] [initGame] creating scene... @ http://localhost:8095/main.js?v=20240101:296
[     191ms] [LOG] [initGame] scene created: true @ http://localhost:8095/main.js?v=20240101:298
[     301ms] [LOG] [NodePad] Pad 0: pos=(46.00, 0.00) data=(46.00, 0.00) @ http://localhost:8095/world/MapGeneratorNode.js?v=1783108959290:369
[     301ms] [LOG] [NodePad] Pad 1: pos=(45.91, -2.89) data=(45.91, -2.89) @ http://localhost:8095/world/MapGeneratorNode.js?v=1783108959290:369
[     306ms] [LOG] [MapGenSync] Synced 100 pads from node, first=(46.0, 0.0) second=(45.9, -2.9) @ http://localhost:8095/world/MapGenerator.js:648
[     411ms] [LOG] [MapGenerator] Before filter: 100 pads, first: (46.0, 0.0) @ http://localhost:8095/world/MapGenerator.js:5200
[     412ms] [LOG] [MapGenerator] After filter: 100 pads, first: (46.0, 0.0) second: (45.9, -2.9) @ http://localhost:8095/world/MapGenerator.js:5236
[     417ms] [LOG] [InstancedMesh] Collected 1905 candidate meshes @ http://localhost:8095/world/InstancedMeshSystem.js:24
[     417ms] [LOG] [InstancedMesh] Skipped: noMapGen=0, culled=0, aniInt=275, noGeoKey=0, matKey=0 @ http://localhost:8095/world/InstancedMeshSystem.js:25
[     438ms] [LOG] [InstancedMesh] Groups: 514, Replaced: 1557, Skipped(<2): 348 @ http://localhost:8095/world/InstancedMeshSystem.js:104
[     438ms] [LOG] [MapGenerator] InstancedMesh: 1557 meshes merged into 166 InstancedMesh (total before: 1130, after: 958) @ http://localhost:8095/world/MapGenerator.js:178
[     459ms] [LOG] [LootManager] generateChestsAsync: floorTiles=100, spots=40, chestCount=120 @ http://localhost:8095/items/LootManager.js:259
[     580ms] [LOG] [SpawnDebug] Total pads=100 BotPads=99 First=(46.0, 0.0) Second=(45.9, -2.9) Last=(45.9, 2.9) @ http://localhost:8095/main.js?v=20240101:654
[     580ms] [LOG] [SpawnDebug] Bot 0: pad=(45.91, -2.89) spawn=(45.91, -2.89) distFromCenter=46.00 @ http://localhost:8095/main.js?v=20240101:666
[     581ms] [LOG] [SpawnDebug] Bot 1: pad=(45.64, -5.77) spawn=(45.64, -5.77) distFromCenter=46.00 @ http://localhost:8095/main.js?v=20240101:666
[     582ms] [LOG] [SpawnDebug] Bot 2: pad=(45.19, -8.62) spawn=(45.19, -8.62) distFromCenter=46.00 @ http://localhost:8095/main.js?v=20240101:666
[     608ms] [LOG] [initGame] done: true true true @ http://localhost:8095/main.js?v=20240101:598
[     617ms] [LOG] [LootManager] floorTiles path: created 39 chests @ http://localhost:8095/items/LootManager.js:301
[     617ms] [LOG] [LootManager] random fallback path, chestCount=120 @ http://localhost:8095/items/LootManager.js:310
[     877ms] [LOG] [LootManager] random fallback: created 120 chests @ http://localhost:8095/items/LootManager.js:338
[     879ms] [LOG] [LootManager] Generated 120 chests @ http://localhost:8095/items/LootManager.js:46
[    2982ms] [LOG] [CameraController] playerPos=46.00,4.04,0.00 targetY=4.19 camPos=46.00,4.19,0.00 @ http://localhost:8095/core/CameraController.js:240
[    3223ms] [ERROR] Failed to load resource: net::ERR_CONNECTION_REFUSED @ http://localhost:8095/favicon.ico:0
[    5169ms] [LOG] [CameraController] playerPos=46.00,4.04,0.00 targetY=4.19 camPos=46.00,4.19,0.00 @ http://localhost:8095/core/CameraController.js:240
[    7349ms] [LOG] [CameraController] playerPos=46.00,4.04,0.00 targetY=4.19 camPos=46.00,4.19,0.00 @ http://localhost:8095/core/CameraController.js:240
[   10407ms] [LOG] [CameraController] playerPos=46.00,4.04,0.00 targetY=4.19 camPos=46.00,4.19,0.00 @ http://localhost:8095/core/CameraController.js:240
[   12664ms] [LOG] [CameraController] playerPos=46.00,4.04,0.00 targetY=4.19 camPos=46.00,4.19,0.00 @ http://localhost:8095/core/CameraController.js:240
[   14821ms] [LOG] [CameraController] playerPos=46.00,4.04,0.00 targetY=4.19 camPos=46.00,4.19,0.00 @ http://localhost:8095/core/CameraController.js:240
[   16925ms] [LOG] [CameraController] playerPos=46.00,4.04,0.00 targetY=4.19 camPos=46.00,4.19,0.00 @ http://localhost:8095/core/CameraController.js:240
[   19066ms] [LOG] [CameraController] playerPos=46.00,4.04,0.00 targetY=4.19 camPos=46.00,4.19,0.00 @ http://localhost:8095/core/CameraController.js:240
[   21312ms] [LOG] [CameraController] playerPos=46.00,4.04,0.00 targetY=4.19 camPos=46.00,4.19,0.00 @ http://localhost:8095/core/CameraController.js:240
[   23531ms] [LOG] [CameraController] playerPos=46.00,4.04,0.00 targetY=4.19 camPos=46.00,4.19,0.00 @ http://localhost:8095/core/CameraController.js:240
[   24391ms] [WARNING] Failed to execute 'requestFullscreen' on 'Element': API can only be initiated by a user gesture. @ http://localhost:8095/:0
[   25929ms] [LOG] [CameraController] playerPos=46.00,4.04,0.00 targetY=4.19 camPos=46.00,4.19,0.00 @ http://localhost:8095/core/CameraController.js:240
[   26727ms] [ERROR] Failed to load resource: net::ERR_CONNECTION_REFUSED @ http://localhost:8095/assets/audio/rpg/doorClose_2.ogg:0
[   26727ms] [ERROR] Failed to load resource: net::ERR_CONNECTION_REFUSED @ http://localhost:8095/assets/audio/rpg/doorClose_3.ogg:0
[   26727ms] [ERROR] Failed to load resource: net::ERR_CONNECTION_REFUSED @ http://localhost:8095/assets/audio/rpg/doorClose_4.ogg:0
[   26727ms] [ERROR] Failed to load resource: net::ERR_CONNECTION_REFUSED @ http://localhost:8095/assets/audio/rpg/footstep00.ogg:0
[   26727ms] [ERROR] Failed to load resource: net::ERR_CONNECTION_REFUSED @ http://localhost:8095/assets/audio/rpg/footstep01.ogg:0
[   26727ms] [ERROR] Failed to load resource: net::ERR_CONNECTION_REFUSED @ http://localhost:8095/assets/audio/rpg/footstep02.ogg:0
[   28245ms] [LOG] [CameraController] playerPos=46.00,4.04,0.00 targetY=4.19 camPos=46.00,4.19,0.00 @ http://localhost:8095/core/CameraController.js:240
[   29077ms] [ERROR] Failed to load resource: net::ERR_CONNECTION_REFUSED @ http://localhost:8095/assets/audio/rpg/footstep03.ogg:0
[   29077ms] [ERROR] Failed to load resource: net::ERR_CONNECTION_REFUSED @ http://localhost:8095/assets/audio/rpg/footstep04.ogg:0
[   29077ms] [ERROR] Failed to load resource: net::ERR_CONNECTION_REFUSED @ http://localhost:8095/assets/audio/rpg/footstep05.ogg:0
[   29077ms] [ERROR] Failed to load resource: net::ERR_CONNECTION_REFUSED @ http://localhost:8095/assets/audio/rpg/footstep06.ogg:0
[   29077ms] [ERROR] Failed to load resource: net::ERR_CONNECTION_REFUSED @ http://localhost:8095/assets/audio/rpg/footstep07.ogg:0
[   29077ms] [ERROR] Failed to load resource: net::ERR_CONNECTION_REFUSED @ http://localhost:8095/assets/audio/rpg/footstep08.ogg:0
[   30377ms] [LOG] [CameraController] playerPos=46.00,4.04,0.00 targetY=4.19 camPos=46.00,4.19,0.00 @ http://localhost:8095/core/CameraController.js:240
[   31440ms] [ERROR] Failed to load resource: net::ERR_CONNECTION_REFUSED @ http://localhost:8095/assets/audio/rpg/footstep09.ogg:0
[   31440ms] [ERROR] Failed to load resource: net::ERR_CONNECTION_REFUSED @ http://localhost:8095/assets/audio/rpg/knifeSlice.ogg:0
[   31441ms] [ERROR] Failed to load resource: net::ERR_CONNECTION_REFUSED @ http://localhost:8095/assets/audio/rpg/knifeSlice2.ogg:0
[   31441ms] [ERROR] Failed to load resource: net::ERR_CONNECTION_REFUSED @ http://localhost:8095/assets/audio/rpg/chop.ogg:0
[   31441ms] [ERROR] Failed to load resource: net::ERR_CONNECTION_REFUSED @ http://localhost:8095/assets/audio/rpg/cloth3.ogg:0
[   31441ms] [ERROR] Failed to load resource: net::ERR_CONNECTION_REFUSED @ http://localhost:8095/assets/audio/rpg/cloth4.ogg:0
[   32722ms] [LOG] [CameraController] playerPos=46.00,4.04,0.00 targetY=4.19 camPos=46.00,4.19,0.00 @ http://localhost:8095/core/CameraController.js:240
[   33786ms] [ERROR] Failed to load resource: net::ERR_CONNECTION_REFUSED @ http://localhost:8095/assets/audio/rpg/clothBelt.ogg:0
[   33786ms] [ERROR] Failed to load resource: net::ERR_CONNECTION_REFUSED @ http://localhost:8095/assets/audio/rpg/clothBelt2.ogg:0
[   33786ms] [ERROR] Failed to load resource: net::ERR_CONNECTION_REFUSED @ http://localhost:8095/assets/audio/zombies/zombie-1.wav:0
[   33786ms] [ERROR] Failed to load resource: net::ERR_CONNECTION_REFUSED @ http://localhost:8095/assets/audio/zombies/zombie-2.wav:0
[   33787ms] [ERROR] Failed to load resource: net::ERR_CONNECTION_REFUSED @ http://localhost:8095/assets/audio/zombies/zombie-3.wav:0
[   33787ms] [ERROR] Failed to load resource: net::ERR_CONNECTION_REFUSED @ http://localhost:8095/assets/audio/zombies/zombie-4.wav:0
[   34911ms] [LOG] [CameraController] playerPos=46.00,4.04,0.00 targetY=4.19 camPos=46.00,4.19,0.00 @ http://localhost:8095/core/CameraController.js:240
[   36139ms] [ERROR] Failed to load resource: net::ERR_CONNECTION_REFUSED @ http://localhost:8095/assets/audio/zombies/zombie-5.wav:0
[   36139ms] [ERROR] Failed to load resource: net::ERR_CONNECTION_REFUSED @ http://localhost:8095/assets/audio/zombies/zombie-6.wav:0
[   36139ms] [ERROR] Failed to load resource: net::ERR_CONNECTION_REFUSED @ http://localhost:8095/assets/audio/zombies/zombie-7.wav:0
[   36139ms] [ERROR] Failed to load resource: net::ERR_CONNECTION_REFUSED @ http://localhost:8095/assets/audio/zombies/zombie-8.wav:0
[   36139ms] [ERROR] Failed to load resource: net::ERR_CONNECTION_REFUSED @ http://localhost:8095/assets/audio/zombies/zombie-9.wav:0
[   36140ms] [ERROR] Failed to load resource: net::ERR_CONNECTION_REFUSED @ http://localhost:8095/assets/audio/zombies/zombie-10.wav:0
[   37014ms] [LOG] [CameraController] playerPos=46.00,4.04,0.00 targetY=4.19 camPos=46.00,4.19,0.00 @ http://localhost:8095/core/CameraController.js:240
[   38476ms] [ERROR] Failed to load resource: net::ERR_CONNECTION_REFUSED @ http://localhost:8095/assets/audio/zombies/zombie-11.wav:0
[   38476ms] [ERROR] Failed to load resource: net::ERR_CONNECTION_REFUSED @ http://localhost:8095/assets/audio/zombies/zombie-12.wav:0
[   38491ms] [ERROR] Failed to load resource: net::ERR_CONNECTION_REFUSED @ http://localhost:8095/assets/audio/zombies/zombie-13.wav:0
[   38491ms] [ERROR] Failed to load resource: net::ERR_CONNECTION_REFUSED @ http://localhost:8095/assets/audio/zombies/zombie-14.wav:0
[   38505ms] [ERROR] Failed to load resource: net::ERR_CONNECTION_REFUSED @ http://localhost:8095/assets/audio/zombies/zombie-15.wav:0
[   38505ms] [ERROR] Failed to load resource: net::ERR_CONNECTION_REFUSED @ http://localhost:8095/assets/audio/zombies/zombie-16.wav:0
[   39307ms] [LOG] [CameraController] playerPos=46.00,4.04,0.00 targetY=4.19 camPos=46.00,4.19,0.00 @ http://localhost:8095/core/CameraController.js:240
[   40824ms] [ERROR] Failed to load resource: net::ERR_CONNECTION_REFUSED @ http://localhost:8095/assets/audio/zombies/zombie-17.wav:0
[   40824ms] [ERROR] Failed to load resource: net::ERR_CONNECTION_REFUSED @ http://localhost:8095/assets/audio/zombies/zombie-18.wav:0
[   40840ms] [ERROR] Failed to load resource: net::ERR_CONNECTION_REFUSED @ http://localhost:8095/assets/audio/zombies/zombie-19.wav:0
[   40840ms] [ERROR] Failed to load resource: net::ERR_CONNECTION_REFUSED @ http://localhost:8095/assets/audio/zombies/zombie-20.wav:0
[   40856ms] [ERROR] Failed to load resource: net::ERR_CONNECTION_REFUSED @ http://localhost:8095/assets/audio/zombies/zombie-21.wav:0
[   40856ms] [ERROR] Failed to load resource: net::ERR_CONNECTION_REFUSED @ http://localhost:8095/assets/audio/zombies/zombie-22.wav:0
[   41599ms] [LOG] [CameraController] playerPos=46.00,3.89,0.00 targetY=4.04 camPos=46.00,4.04,0.00 @ http://localhost:8095/core/CameraController.js:240
[   43171ms] [ERROR] Failed to load resource: net::ERR_CONNECTION_REFUSED @ http://localhost:8095/assets/audio/zombies/zombie-23.wav:0
[   43181ms] [ERROR] Failed to load resource: net::ERR_CONNECTION_REFUSED @ http://localhost:8095/assets/audio/zombies/zombie-24.wav:0
[   43202ms] [ERROR] Failed to load resource: net::ERR_CONNECTION_REFUSED @ http://localhost:8095/assets/audio/weapons/bow_shot.wav:0
[   43202ms] [ERROR] Failed to load resource: net::ERR_CONNECTION_REFUSED @ http://localhost:8095/assets/audio/weapons/laser_shot.wav:0
[   43202ms] [ERROR] Failed to load resource: net::ERR_CONNECTION_REFUSED @ http://localhost:8095/assets/audio/weapons/machinegun_ppsh_a.wav:0
[   43202ms] [ERROR] Failed to load resource: net::ERR_CONNECTION_REFUSED @ http://localhost:8095/assets/audio/weapons/machinegun_ppsh_b.wav:0
[   43926ms] [LOG] [CameraController] playerPos=46.00,3.89,0.00 targetY=4.04 camPos=46.00,4.04,0.00 @ http://localhost:8095/core/CameraController.js:240
[   45534ms] [ERROR] Failed to load resource: net::ERR_CONNECTION_REFUSED @ http://localhost:8095/assets/audio/weapons/shotgun_model12_a.wav:0
[   45547ms] [ERROR] Failed to load resource: net::ERR_CONNECTION_REFUSED @ http://localhost:8095/assets/audio/weapons/pistol_1911_a.wav:0
[   45568ms] [ERROR] Failed to load resource: net::ERR_CONNECTION_REFUSED @ http://localhost:8095/assets/audio/weapons/rifle_ar15_a.wav:0
[   45569ms] [ERROR] Failed to load resource: net::ERR_CONNECTION_REFUSED @ http://localhost:8095/assets/audio/weapons/flamethrower_fire.ogg:0
[   45569ms] [ERROR] Failed to load resource: net::ERR_CONNECTION_REFUSED @ http://localhost:8095/assets/audio/rpg/metalLatch.ogg:0
[   45569ms] [ERROR] Failed to load resource: net::ERR_CONNECTION_REFUSED @ http://localhost:8095/assets/audio/rpg/drawKnife3.ogg:0
[   46398ms] [LOG] [CameraController] playerPos=46.00,3.89,0.00 targetY=4.04 camPos=46.00,4.04,0.00 @ http://localhost:8095/core/CameraController.js:240
[   47905ms] [ERROR] Failed to load resource: net::ERR_CONNECTION_REFUSED @ http://localhost:8095/assets/audio/rpg/handleCoins2.ogg:0
[   47921ms] [ERROR] Failed to load resource: net::ERR_CONNECTION_REFUSED @ http://localhost:8095/assets/audio/weapons/shotgun_shotty.wav:0
[   47921ms] [ERROR] Failed to load resource: net::ERR_CONNECTION_REFUSED @ http://localhost:8095/assets/audio/rpg/metalClick.ogg:0
[   47921ms] [ERROR] Failed to load resource: net::ERR_CONNECTION_REFUSED @ http://localhost:8095/assets/audio/rpg/bookClose.ogg:0
[   47921ms] [ERROR] Failed to load resource: net::ERR_CONNECTION_REFUSED @ http://localhost:8095/assets/audio/rpg/cloth2.ogg:0
[   47936ms] [ERROR] Failed to load resource: net::ERR_CONNECTION_REFUSED @ http://localhost:8095/assets/audio/rpg/cloth1.ogg:0
[   48870ms] [LOG] [CameraController] playerPos=46.00,3.89,0.00 targetY=4.04 camPos=46.00,4.04,0.00 @ http://localhost:8095/core/CameraController.js:240
[   50270ms] [ERROR] Failed to load resource: net::ERR_CONNECTION_REFUSED @ http://localhost:8095/assets/audio/rpg/bookOpen.ogg:0
[   50284ms] [ERROR] Failed to load resource: net::ERR_CONNECTION_REFUSED @ http://localhost:8095/assets/audio/rpg/handleCoins.ogg:0
[   50284ms] [ERROR] Failed to load resource: net::ERR_CONNECTION_REFUSED @ http://localhost:8095/assets/audio/rpg/metalPot1.ogg:0
[   50284ms] [ERROR] Failed to load resource: net::ERR_CONNECTION_REFUSED @ http://localhost:8095/assets/audio/rpg/metalPot2.ogg:0
[   50290ms] [ERROR] Failed to load resource: net::ERR_CONNECTION_REFUSED @ http://localhost:8095/assets/audio/rpg/metalPot3.ogg:0
[   50290ms] [ERROR] Failed to load resource: net::ERR_CONNECTION_REFUSED @ http://localhost:8095/assets/audio/weather_rain.ogg:0
[   51126ms] [LOG] [CameraController] playerPos=46.00,3.89,0.00 targetY=4.04 camPos=46.00,4.04,0.00 @ http://localhost:8095/core/CameraController.js:240
[   52638ms] [ERROR] Failed to load resource: net::ERR_CONNECTION_REFUSED @ http://localhost:8095/favicon.ico:0
[   53317ms] [LOG] [CameraController] playerPos=46.00,3.89,0.00 targetY=4.04 camPos=46.00,4.04,0.00 @ http://localhost:8095/core/CameraController.js:240
[   55541ms] [LOG] [CameraController] playerPos=46.00,3.89,0.00 targetY=4.04 camPos=46.00,4.04,0.00 @ http://localhost:8095/core/CameraController.js:240
[   57697ms] [LOG] [CameraController] playerPos=46.00,3.89,0.00 targetY=4.04 camPos=46.00,4.04,0.00 @ http://localhost:8095/core/CameraController.js:240
[   60029ms] [LOG] [CameraController] playerPos=46.00,3.89,0.00 targetY=4.04 camPos=46.00,4.04,0.00 @ http://localhost:8095/core/CameraController.js:240
[   62529ms] [LOG] [CameraController] playerPos=46.00,3.89,0.00 targetY=4.04 camPos=46.00,4.04,0.00 @ http://localhost:8095/core/CameraController.js:240
[   64846ms] [LOG] [CameraController] playerPos=46.00,3.89,0.00 targetY=4.04 camPos=46.00,4.04,0.00 @ http://localhost:8095/core/CameraController.js:240
[   67347ms] [LOG] [CameraController] playerPos=46.00,3.89,0.00 targetY=4.04 camPos=46.00,4.04,0.00 @ http://localhost:8095/core/CameraController.js:240
[   69459ms] [LOG] [CameraController] playerPos=46.00,3.89,0.00 targetY=4.04 camPos=46.00,4.04,0.00 @ http://localhost:8095/core/CameraController.js:240
[   71902ms] [LOG] [Perf] frames=9300 draws=656 tris=73440 geos=673 mats=16 @ http://localhost:8095/main.js?v=20240101:2829
[   71904ms] [LOG] [CameraController] playerPos=46.00,3.89,0.00 targetY=4.04 camPos=46.00,4.04,0.00 @ http://localhost:8095/core/CameraController.js:240
[   74468ms] [LOG] [Perf] frames=9600 draws=624 tris=73858 geos=696 mats=16 @ http://localhost:8095/main.js?v=20240101:2829
[   74470ms] [LOG] [CameraController] playerPos=46.00,3.89,0.00 targetY=4.04 camPos=46.00,4.04,0.00 @ http://localhost:8095/core/CameraController.js:240
[   76825ms] [LOG] [Perf] frames=9900 draws=618 tris=73518 geos=696 mats=16 @ http://localhost:8095/main.js?v=20240101:2829
[   76826ms] [LOG] [CameraController] playerPos=46.00,3.89,0.00 targetY=4.04 camPos=46.00,4.04,0.00 @ http://localhost:8095/core/CameraController.js:240
