[     130ms] [LOG] [initGame] START, isMobile: false @ http://localhost:3001/main.js?v=1785341329265:289
[     130ms] [LOG] [initGame] creating scene... @ http://localhost:3001/main.js?v=1785341329265:292
[     130ms] [LOG] [initGame] scene created: true @ http://localhost:3001/main.js?v=1785341329265:294
[     230ms] [LOG] [NodePad] Pad 0: pos=(46.00, 0.00) data=(46.00, 0.00) @ http://localhost:3001/world/MapGeneratorNode.js?v=1783108959290:369
[     230ms] [LOG] [NodePad] Pad 1: pos=(45.91, -2.89) data=(45.91, -2.89) @ http://localhost:3001/world/MapGeneratorNode.js?v=1783108959290:369
[     238ms] [LOG] [MapGenSync] Synced 100 pads from node, first=(46.0, 0.0) second=(45.9, -2.9) @ http://localhost:3001/world/MapGenerator.js:637
[     336ms] [LOG] [MapGenerator] Before filter: 100 pads, first: (46.0, 0.0) @ http://localhost:3001/world/MapGenerator.js:5169
[     337ms] [LOG] [MapGenerator] After filter: 100 pads, first: (46.0, 0.0) second: (45.9, -2.9) @ http://localhost:3001/world/MapGenerator.js:5205
[     341ms] [LOG] [InstancedMesh] Collected 1757 candidate meshes @ http://localhost:3001/world/InstancedMeshSystem.js:24
[     341ms] [LOG] [InstancedMesh] Skipped: noMapGen=0, culled=0, aniInt=276, noGeoKey=0, matKey=0 @ http://localhost:3001/world/InstancedMeshSystem.js:25
[     363ms] [LOG] [InstancedMesh] Groups: 505, Replaced: 1409, Skipped(<2): 348 @ http://localhost:3001/world/InstancedMeshSystem.js:104
[     363ms] [LOG] [MapGenerator] InstancedMesh: 1409 meshes merged into 157 InstancedMesh (total before: 1005, after: 944) @ http://localhost:3001/world/MapGenerator.js:178
[     382ms] [LOG] [LootManager] generateChestsAsync: floorTiles=100, spots=40, chestCount=120 @ http://localhost:3001/items/LootManager.js:257
[     406ms] [LOG] [Player] selectSlot: slot=0 weapon=knife mesh=exists this.mesh=exists socket=exists @ http://localhost:3001/entities/Player.js:835
[     406ms] [LOG] [Player] selectSlot: attached weapon knife to socket, mesh.visible=true @ http://localhost:3001/entities/Player.js:848
[     407ms] [LOG] [Player] updateViewWeapon: currentWeapon=knife fists=fists fpArmsVisible=false @ http://localhost:3001/entities/Player.js:1205
[     407ms] [LOG] [Player] animateViewModelWeapon ENTER type=knife @ http://localhost:3001/entities/Player.js:1132
[     407ms] [LOG] [Player] Weapon created: type=knife mesh=exists @ http://localhost:3001/entities/Player.js:1158
[     407ms] [LOG] [Player] animateViewModelWeapon: viewClone created, hasRotation=yes rot=0.00,0.00,0.00 @ http://localhost:3001/entities/Player.js:1167
[     408ms] [LOG] [Player] animateViewModelWeapon: set rot=0.08,-1.57,0.08 offsetRot=0.08,-1.57,0.08 @ http://localhost:3001/entities/Player.js:1189
[     408ms] [LOG] [Player] updateViewWeapon: currentWeapon=knife fists=fists fpArmsVisible=true @ http://localhost:3001/entities/Player.js:1205
[     409ms] [LOG] [SpawnDebug] Total pads=100 BotPads=99 First=(46.0, 0.0) Second=(45.9, -2.9) Last=(45.9, 2.9) @ http://localhost:3001/main.js?v=1785341329265:621
[     409ms] [LOG] [SpawnDebug] Bot 0: pad=(45.91, -2.89) spawn=(45.91, -2.89) distFromCenter=46.00 @ http://localhost:3001/main.js?v=1785341329265:633
[     411ms] [LOG] [SpawnDebug] Bot 1: pad=(45.64, -5.77) spawn=(45.64, -5.77) distFromCenter=46.00 @ http://localhost:3001/main.js?v=1785341329265:633
[     411ms] [LOG] [SpawnDebug] Bot 2: pad=(45.19, -8.62) spawn=(45.19, -8.62) distFromCenter=46.00 @ http://localhost:3001/main.js?v=1785341329265:633
[     443ms] [LOG] [initGame] done: true true true @ http://localhost:3001/main.js?v=1785341329265:570
[     451ms] [LOG] [LootManager] floorTiles path: created 40 chests @ http://localhost:3001/items/LootManager.js:299
[     451ms] [LOG] [LootManager] random fallback path, chestCount=120 @ http://localhost:3001/items/LootManager.js:308
[     701ms] [LOG] [LootManager] random fallback: created 120 chests @ http://localhost:3001/items/LootManager.js:336
[     701ms] [LOG] [LootManager] Generated 120 chests @ http://localhost:3001/items/LootManager.js:44
[    1148ms] [LOG] [Weapon] applyToMesh: recoilAngle=0.1 swayX=0 swayY=0 time=0.5062999999998137 baseRot=undefined,undefined,undefined @ http://localhost:3001/items/Weapon.js:220
[    1155ms] [LOG] [Weapon] applyToMesh: recoilAngle=0.1 swayX=0 swayY=0 time=0.5145999999996275 baseRot=undefined,undefined,undefined @ http://localhost:3001/items/Weapon.js:220
[    1163ms] [LOG] [Weapon] applyToMesh: recoilAngle=0.1 swayX=0 swayY=0 time=0.5222000000001863 baseRot=undefined,undefined,undefined @ http://localhost:3001/items/Weapon.js:220
[    1171ms] [LOG] [Weapon] applyToMesh: recoilAngle=0.1 swayX=0 swayY=0 time=0.5300999999996275 baseRot=undefined,undefined,undefined @ http://localhost:3001/items/Weapon.js:220
[    1180ms] [LOG] [Weapon] applyToMesh: recoilAngle=0.1 swayX=0 swayY=0 time=0.5385999999996275 baseRot=undefined,undefined,undefined @ http://localhost:3001/items/Weapon.js:220
[    1187ms] [LOG] [Weapon] applyToMesh: recoilAngle=0.1 swayX=0 swayY=0 time=0.5460999999996274 baseRot=undefined,undefined,undefined @ http://localhost:3001/items/Weapon.js:220
[    1195ms] [LOG] [Weapon] applyToMesh: recoilAngle=0.1 swayX=0 swayY=0 time=0.5540999999996274 baseRot=undefined,undefined,undefined @ http://localhost:3001/items/Weapon.js:220
[    1202ms] [LOG] [Weapon] applyToMesh: recoilAngle=0.1 swayX=0 swayY=0 time=0.5615 baseRot=undefined,undefined,undefined @ http://localhost:3001/items/Weapon.js:220
[    1210ms] [LOG] [Weapon] applyToMesh: recoilAngle=0.1 swayX=0 swayY=0 time=0.5692999999998137 baseRot=undefined,undefined,undefined @ http://localhost:3001/items/Weapon.js:220
[    1218ms] [LOG] [Weapon] applyToMesh: recoilAngle=0.1 swayX=0 swayY=0 time=0.5774000000003725 baseRot=undefined,undefined,undefined @ http://localhost:3001/items/Weapon.js:220
[    1226ms] [LOG] [Weapon] applyToMesh: recoilAngle=0.1 swayX=0 swayY=0 time=0.5855 baseRot=undefined,undefined,undefined @ http://localhost:3001/items/Weapon.js:220
[    1234ms] [LOG] [Weapon] applyToMesh: recoilAngle=0.1 swayX=0 swayY=0 time=0.5927999999998138 baseRot=undefined,undefined,undefined @ http://localhost:3001/items/Weapon.js:220
[    1242ms] [LOG] [Weapon] applyToMesh: recoilAngle=0.1 swayX=0 swayY=0 time=0.6012000000001864 baseRot=undefined,undefined,undefined @ http://localhost:3001/items/Weapon.js:220
[    1250ms] [LOG] [Weapon] applyToMesh: recoilAngle=0.1 swayX=0 swayY=0 time=0.6090000000000001 baseRot=undefined,undefined,undefined @ http://localhost:3001/items/Weapon.js:220
[    1258ms] [LOG] [Weapon] applyToMesh: recoilAngle=0.1 swayX=0 swayY=0 time=0.6170999999996276 baseRot=undefined,undefined,undefined @ http://localhost:3001/items/Weapon.js:220
[    1266ms] [LOG] [Weapon] applyToMesh: recoilAngle=0.1 swayX=0 swayY=0 time=0.6247000000001864 baseRot=undefined,undefined,undefined @ http://localhost:3001/items/Weapon.js:220
[    1274ms] [LOG] [Weapon] applyToMesh: recoilAngle=0.1 swayX=0 swayY=0 time=0.632799999999814 baseRot=undefined,undefined,undefined @ http://localhost:3001/items/Weapon.js:220
[    1281ms] [LOG] [Weapon] applyToMesh: recoilAngle=0.1 swayX=0 swayY=0 time=0.6400000000000002 baseRot=undefined,undefined,undefined @ http://localhost:3001/items/Weapon.js:220
[    1291ms] [LOG] [Weapon] applyToMesh: recoilAngle=0.1 swayX=0 swayY=0 time=0.649799999999814 baseRot=undefined,undefined,undefined @ http://localhost:3001/items/Weapon.js:220
[    1299ms] [LOG] [Weapon] applyToMesh: recoilAngle=0.1 swayX=0 swayY=0 time=0.6582000000001865 baseRot=undefined,undefined,undefined @ http://localhost:3001/items/Weapon.js:220
[    1307ms] [LOG] [Weapon] applyToMesh: recoilAngle=0.1 swayX=0 swayY=0 time=0.6659000000003727 baseRot=undefined,undefined,undefined @ http://localhost:3001/items/Weapon.js:220
[    1313ms] [LOG] [Weapon] applyToMesh: recoilAngle=0.1 swayX=0 swayY=0 time=0.6724000000003727 baseRot=undefined,undefined,undefined @ http://localhost:3001/items/Weapon.js:220
[    1320ms] [LOG] [Weapon] applyToMesh: recoilAngle=0.1 swayX=0 swayY=0 time=0.6795999999996276 baseRot=undefined,undefined,undefined @ http://localhost:3001/items/Weapon.js:220
[    1327ms] [LOG] [Weapon] applyToMesh: recoilAngle=0.1 swayX=0 swayY=0 time=0.6860000000000002 baseRot=undefined,undefined,undefined @ http://localhost:3001/items/Weapon.js:220
[    1334ms] [LOG] [Weapon] applyToMesh: recoilAngle=0.1 swayX=0 swayY=0 time=0.6929000000003727 baseRot=undefined,undefined,undefined @ http://localhost:3001/items/Weapon.js:220
[    1340ms] [LOG] [Weapon] applyToMesh: recoilAngle=0.1 swayX=0 swayY=0 time=0.6994000000003726 baseRot=undefined,undefined,undefined @ http://localhost:3001/items/Weapon.js:220
[    1346ms] [LOG] [Weapon] applyToMesh: recoilAngle=0.1 swayX=0 swayY=0 time=0.7055999999996275 baseRot=undefined,undefined,undefined @ http://localhost:3001/items/Weapon.js:220
[    1353ms] [LOG] [Weapon] applyToMesh: recoilAngle=0.1 swayX=0 swayY=0 time=0.7122000000001864 baseRot=undefined,undefined,undefined @ http://localhost:3001/items/Weapon.js:220
[    1360ms] [LOG] [Weapon] applyToMesh: recoilAngle=0.1 swayX=0 swayY=0 time=0.7192000000001864 baseRot=undefined,undefined,undefined @ http://localhost:3001/items/Weapon.js:220
[    1367ms] [LOG] [Weapon] applyToMesh: recoilAngle=0.1 swayX=0 swayY=0 time=0.7262999999998139 baseRot=undefined,undefined,undefined @ http://localhost:3001/items/Weapon.js:220
[    1374ms] [LOG] [Weapon] applyToMesh: recoilAngle=0.1 swayX=0 swayY=0 time=0.7330999999996276 baseRot=undefined,undefined,undefined @ http://localhost:3001/items/Weapon.js:220
[    1381ms] [LOG] [Weapon] applyToMesh: recoilAngle=0.1 swayX=0 swayY=0 time=0.7400000000000001 baseRot=undefined,undefined,undefined @ http://localhost:3001/items/Weapon.js:220
[    1388ms] [LOG] [Weapon] applyToMesh: recoilAngle=0.1 swayX=0 swayY=0 time=0.7470999999996276 baseRot=undefined,undefined,undefined @ http://localhost:3001/items/Weapon.js:220
[    1396ms] [LOG] [Weapon] applyToMesh: recoilAngle=0.1 swayX=0 swayY=0 time=0.7550999999996276 baseRot=undefined,undefined,undefined @ http://localhost:3001/items/Weapon.js:220
[    1404ms] [LOG] [Weapon] applyToMesh: recoilAngle=0.1 swayX=0 swayY=0 time=0.7630000000000001 baseRot=undefined,undefined,undefined @ http://localhost:3001/items/Weapon.js:220
[    1414ms] [LOG] [Weapon] applyToMesh: recoilAngle=0.1 swayX=0 swayY=0 time=0.7725999999996276 baseRot=undefined,undefined,undefined @ http://localhost:3001/items/Weapon.js:220
[    1423ms] [LOG] [Player] viewWeapon pos=0.25,-0.34,-0.80 rot=NaN,NaN,NaN visible=true fpArmsPos=0.00,0.00,0.00 @ http://localhost:3001/entities/Player.js:737
[    1423ms] [LOG] [Weapon] applyToMesh: recoilAngle=0.1 swayX=0 swayY=0 time=0.7817999999998139 baseRot=undefined,undefined,undefined @ http://localhost:3001/items/Weapon.js:220
[    1431ms] [LOG] [Weapon] applyToMesh: recoilAngle=0.1 swayX=0 swayY=0 time=0.7902000000001864 baseRot=undefined,undefined,undefined @ http://localhost:3001/items/Weapon.js:220
[    1438ms] [LOG] [Weapon] applyToMesh: recoilAngle=0.1 swayX=0 swayY=0 time=0.7972999999998139 baseRot=undefined,undefined,undefined @ http://localhost:3001/items/Weapon.js:220
[    1445ms] [LOG] [Weapon] applyToMesh: recoilAngle=0.1 swayX=0 swayY=0 time=0.8040999999996277 baseRot=undefined,undefined,undefined @ http://localhost:3001/items/Weapon.js:220
[    1454ms] [LOG] [Weapon] applyToMesh: recoilAngle=0.1 swayX=0 swayY=0 time=0.8130999999996277 baseRot=undefined,undefined,undefined @ http://localhost:3001/items/Weapon.js:220
[    1462ms] [LOG] [Weapon] applyToMesh: recoilAngle=0.1 swayX=0 swayY=0 time=0.8207999999998139 baseRot=undefined,undefined,undefined @ http://localhost:3001/items/Weapon.js:220
[    1472ms] [LOG] [Weapon] applyToMesh: recoilAngle=0.1 swayX=0 swayY=0 time=0.8304000000003727 baseRot=undefined,undefined,undefined @ http://localhost:3001/items/Weapon.js:220
[    1479ms] [LOG] [Weapon] applyToMesh: recoilAngle=0.1 swayX=0 swayY=0 time=0.8380999999996277 baseRot=undefined,undefined,undefined @ http://localhost:3001/items/Weapon.js:220
[    1487ms] [LOG] [Weapon] applyToMesh: recoilAngle=0.1 swayX=0 swayY=0 time=0.8455999999996276 baseRot=undefined,undefined,undefined @ http://localhost:3001/items/Weapon.js:220
[    1494ms] [LOG] [Weapon] applyToMesh: recoilAngle=0.1 swayX=0 swayY=0 time=0.8534000000003727 baseRot=undefined,undefined,undefined @ http://localhost:3001/items/Weapon.js:220
[    1501ms] [LOG] [Weapon] applyToMesh: recoilAngle=0.1 swayX=0 swayY=0 time=0.8605000000000003 baseRot=undefined,undefined,undefined @ http://localhost:3001/items/Weapon.js:220
[    1509ms] [LOG] [Weapon] applyToMesh: recoilAngle=0.1 swayX=0 swayY=0 time=0.8685999999996278 baseRot=undefined,undefined,undefined @ http://localhost:3001/items/Weapon.js:220
[    1518ms] [LOG] [Weapon] applyToMesh: recoilAngle=0.1 swayX=0 swayY=0 time=0.8767999999998141 baseRot=undefined,undefined,undefined @ http://localhost:3001/items/Weapon.js:220
[    1526ms] [LOG] [Weapon] applyToMesh: recoilAngle=0.1 swayX=0 swayY=0 time=0.8847000000001866 baseRot=undefined,undefined,undefined @ http://localhost:3001/items/Weapon.js:220
[    1534ms] [LOG] [Weapon] applyToMesh: recoilAngle=0.1 swayX=0 swayY=0 time=0.8927999999998141 baseRot=undefined,undefined,undefined @ http://localhost:3001/items/Weapon.js:220
[    1534ms] [LOG] [Player] anim: recoilAngle=0.1 swayX=0 swayY=0 time=0.8927999999998141 @ http://localhost:3001/entities/Player.js:773
[    1541ms] [LOG] [Weapon] applyToMesh: recoilAngle=0.1 swayX=0 swayY=0 time=0.8999000000003728 baseRot=undefined,undefined,undefined @ http://localhost:3001/items/Weapon.js:220
[    1548ms] [LOG] [Weapon] applyToMesh: recoilAngle=0.1 swayX=0 swayY=0 time=0.9069000000003729 baseRot=undefined,undefined,undefined @ http://localhost:3001/items/Weapon.js:220
[    1555ms] [LOG] [Weapon] applyToMesh: recoilAngle=0.1 swayX=0 swayY=0 time=0.9137000000001866 baseRot=undefined,undefined,undefined @ http://localhost:3001/items/Weapon.js:220
[    1563ms] [LOG] [Weapon] applyToMesh: recoilAngle=0.1 swayX=0 swayY=0 time=0.9222000000001865 baseRot=undefined,undefined,undefined @ http://localhost:3001/items/Weapon.js:220
[    1571ms] [LOG] [Weapon] applyToMesh: recoilAngle=0.1 swayX=0 swayY=0 time=0.9300999999996278 baseRot=undefined,undefined,undefined @ http://localhost:3001/items/Weapon.js:220
[    1579ms] [LOG] [Weapon] applyToMesh: recoilAngle=0.1 swayX=0 swayY=0 time=0.937799999999814 baseRot=undefined,undefined,undefined @ http://localhost:3001/items/Weapon.js:220
[    1586ms] [LOG] [Weapon] applyToMesh: recoilAngle=0.1 swayX=0 swayY=0 time=0.9450999999996278 baseRot=undefined,undefined,undefined @ http://localhost:3001/items/Weapon.js:220
[    1593ms] [LOG] [Weapon] applyToMesh: recoilAngle=0.1 swayX=0 swayY=0 time=0.9524000000003728 baseRot=undefined,undefined,undefined @ http://localhost:3001/items/Weapon.js:220
[    1600ms] [LOG] [Weapon] applyToMesh: recoilAngle=0.1 swayX=0 swayY=0 time=0.9590000000000003 baseRot=undefined,undefined,undefined @ http://localhost:3001/items/Weapon.js:220
[    1610ms] [LOG] [Weapon] applyToMesh: recoilAngle=0.1 swayX=0 swayY=0 time=0.9692000000001866 baseRot=undefined,undefined,undefined @ http://localhost:3001/items/Weapon.js:220
[    1617ms] [LOG] [Weapon] applyToMesh: recoilAngle=0.1 swayX=0 swayY=0 time=0.9762000000001866 baseRot=undefined,undefined,undefined @ http://localhost:3001/items/Weapon.js:220
[    1624ms] [LOG] [Weapon] applyToMesh: recoilAngle=0.1 swayX=0 swayY=0 time=0.9834000000003729 baseRot=undefined,undefined,undefined @ http://localhost:3001/items/Weapon.js:220
[    1633ms] [LOG] [Weapon] applyToMesh: recoilAngle=0.1 swayX=0 swayY=0 time=0.9915000000000004 baseRot=undefined,undefined,undefined @ http://localhost:3001/items/Weapon.js:220
[    1640ms] [LOG] [Weapon] applyToMesh: recoilAngle=0.1 swayX=0 swayY=0 time=0.9989000000003729 baseRot=undefined,undefined,undefined @ http://localhost:3001/items/Weapon.js:220
[    1647ms] [LOG] [Weapon] applyToMesh: recoilAngle=0.1 swayX=0 swayY=0 time=1.005599999999628 baseRot=undefined,undefined,undefined @ http://localhost:3001/items/Weapon.js:220
[    1654ms] [LOG] [Weapon] applyToMesh: recoilAngle=0.1 swayX=0 swayY=0 time=1.0132000000001866 baseRot=undefined,undefined,undefined @ http://localhost:3001/items/Weapon.js:220
[    1661ms] [LOG] [Weapon] applyToMesh: recoilAngle=0.1 swayX=0 swayY=0 time=1.0200999999996279 baseRot=undefined,undefined,undefined @ http://localhost:3001/items/Weapon.js:220
[    1668ms] [LOG] [Weapon] applyToMesh: recoilAngle=0.1 swayX=0 swayY=0 time=1.026900000000373 baseRot=undefined,undefined,undefined @ http://localhost:3001/items/Weapon.js:220
[    1675ms] [LOG] [Weapon] applyToMesh: recoilAngle=0.1 swayX=0 swayY=0 time=1.0337000000001868 baseRot=undefined,undefined,undefined @ http://localhost:3001/items/Weapon.js:220
[    1683ms] [LOG] [Weapon] applyToMesh: recoilAngle=0.1 swayX=0 swayY=0 time=1.0420000000000005 baseRot=undefined,undefined,undefined @ http://localhost:3001/items/Weapon.js:220
[    1690ms] [LOG] [Weapon] applyToMesh: recoilAngle=0.1 swayX=0 swayY=0 time=1.0495000000000005 baseRot=undefined,undefined,undefined @ http://localhost:3001/items/Weapon.js:220
[    1697ms] [LOG] [Weapon] applyToMesh: recoilAngle=0.1 swayX=0 swayY=0 time=1.056400000000373 baseRot=undefined,undefined,undefined @ http://localhost:3001/items/Weapon.js:220
[    1704ms] [LOG] [Weapon] applyToMesh: recoilAngle=0.1 swayX=0 swayY=0 time=1.0635000000000006 baseRot=undefined,undefined,undefined @ http://localhost:3001/items/Weapon.js:220
[    1711ms] [LOG] [Weapon] applyToMesh: recoilAngle=0.1 swayX=0 swayY=0 time=1.0700000000000005 baseRot=undefined,undefined,undefined @ http://localhost:3001/items/Weapon.js:220
[    1719ms] [LOG] [Weapon] applyToMesh: recoilAngle=0.1 swayX=0 swayY=0 time=1.078099999999628 baseRot=undefined,undefined,undefined @ http://localhost:3001/items/Weapon.js:220
[    1727ms] [LOG] [Weapon] applyToMesh: recoilAngle=0.1 swayX=0 swayY=0 time=1.0862000000001868 baseRot=undefined,undefined,undefined @ http://localhost:3001/items/Weapon.js:220
[    1738ms] [LOG] [Weapon] applyToMesh: recoilAngle=0.1 swayX=0 swayY=0 time=1.0967999999998144 baseRot=undefined,undefined,undefined @ http://localhost:3001/items/Weapon.js:220
[    1746ms] [LOG] [Weapon] applyToMesh: recoilAngle=0.1 swayX=0 swayY=0 time=1.1049000000003733 baseRot=undefined,undefined,undefined @ http://localhost:3001/items/Weapon.js:220
[    1753ms] [LOG] [Weapon] applyToMesh: recoilAngle=0.1 swayX=0 swayY=0 time=1.112599999999628 baseRot=undefined,undefined,undefined @ http://localhost:3001/items/Weapon.js:220
[    1760ms] [LOG] [Weapon] applyToMesh: recoilAngle=0.1 swayX=0 swayY=0 time=1.1192999999998143 baseRot=undefined,undefined,undefined @ http://localhost:3001/items/Weapon.js:220
[    1767ms] [LOG] [Weapon] applyToMesh: recoilAngle=0.1 swayX=0 swayY=0 time=1.1259000000003732 baseRot=undefined,undefined,undefined @ http://localhost:3001/items/Weapon.js:220
[    1773ms] [LOG] [Weapon] applyToMesh: recoilAngle=0.1 swayX=0 swayY=0 time=1.1322000000001868 baseRot=undefined,undefined,undefined @ http://localhost:3001/items/Weapon.js:220
[    1780ms] [LOG] [Weapon] applyToMesh: recoilAngle=0.1 swayX=0 swayY=0 time=1.1387999999998144 baseRot=undefined,undefined,undefined @ http://localhost:3001/items/Weapon.js:220
[    1786ms] [LOG] [Weapon] applyToMesh: recoilAngle=0.1 swayX=0 swayY=0 time=1.1455000000000006 baseRot=undefined,undefined,undefined @ http://localhost:3001/items/Weapon.js:220
[    1793ms] [LOG] [Weapon] applyToMesh: recoilAngle=0.1 swayX=0 swayY=0 time=1.1519000000003732 baseRot=undefined,undefined,undefined @ http://localhost:3001/items/Weapon.js:220
[    1801ms] [LOG] [Weapon] applyToMesh: recoilAngle=0.1 swayX=0 swayY=0 time=1.1599000000003732 baseRot=undefined,undefined,undefined @ http://localhost:3001/items/Weapon.js:220
[    1808ms] [LOG] [Weapon] applyToMesh: recoilAngle=0.1 swayX=0 swayY=0 time=1.1667999999998144 baseRot=undefined,undefined,undefined @ http://localhost:3001/items/Weapon.js:220
[    1814ms] [LOG] [Weapon] applyToMesh: recoilAngle=0.1 swayX=0 swayY=0 time=1.173200000000187 baseRot=undefined,undefined,undefined @ http://localhost:3001/items/Weapon.js:220
[    1822ms] [LOG] [Weapon] applyToMesh: recoilAngle=0.1 swayX=0 swayY=0 time=1.1805000000000008 baseRot=undefined,undefined,undefined @ http://localhost:3001/items/Weapon.js:220
[    1829ms] [LOG] [Weapon] applyToMesh: recoilAngle=0.1 swayX=0 swayY=0 time=1.1880000000000008 baseRot=undefined,undefined,undefined @ http://localhost:3001/items/Weapon.js:220
[    1836ms] [LOG] [Weapon] applyToMesh: recoilAngle=0.1 swayX=0 swayY=0 time=1.1950000000000007 baseRot=undefined,undefined,undefined @ http://localhost:3001/items/Weapon.js:220
[    1844ms] [LOG] [Weapon] applyToMesh: recoilAngle=0.1 swayX=0 swayY=0 time=1.2032999999998144 baseRot=undefined,undefined,undefined @ http://localhost:3001/items/Weapon.js:220
[    1854ms] [LOG] [Weapon] applyToMesh: recoilAngle=0.1 swayX=0 swayY=0 time=1.2125999999996282 baseRot=undefined,undefined,undefined @ http://localhost:3001/items/Weapon.js:220
[    1861ms] [LOG] [Weapon] applyToMesh: recoilAngle=0.1 swayX=0 swayY=0 time=1.2204000000003732 baseRot=undefined,undefined,undefined @ http://localhost:3001/items/Weapon.js:220
[    1868ms] [LOG] [Weapon] applyToMesh: recoilAngle=0.1 swayX=0 swayY=0 time=1.2272999999998144 baseRot=undefined,undefined,undefined @ http://localhost:3001/items/Weapon.js:220
[    1875ms] [LOG] [Weapon] applyToMesh: recoilAngle=0.1 swayX=0 swayY=0 time=1.2337999999998144 baseRot=undefined,undefined,undefined @ http://localhost:3001/items/Weapon.js:220
[    1882ms] [LOG] [Weapon] applyToMesh: recoilAngle=0.1 swayX=0 swayY=0 time=1.2409000000003731 baseRot=undefined,undefined,undefined @ http://localhost:3001/items/Weapon.js:220
[    1890ms] [LOG] [Weapon] applyToMesh: recoilAngle=0.1 swayX=0 swayY=0 time=1.2487000000001869 baseRot=undefined,undefined,undefined @ http://localhost:3001/items/Weapon.js:220
[    1897ms] [LOG] [Weapon] applyToMesh: recoilAngle=0.1 swayX=0 swayY=0 time=1.256599999999628 baseRot=undefined,undefined,undefined @ http://localhost:3001/items/Weapon.js:220
[    1904ms] [LOG] [Weapon] applyToMesh: recoilAngle=0.1 swayX=0 swayY=0 time=1.263099999999628 baseRot=undefined,undefined,undefined @ http://localhost:3001/items/Weapon.js:220
[    1911ms] [LOG] [Weapon] applyToMesh: recoilAngle=0.1 swayX=0 swayY=0 time=1.2697000000001868 baseRot=undefined,undefined,undefined @ http://localhost:3001/items/Weapon.js:220
[    1917ms] [LOG] [Weapon] applyToMesh: recoilAngle=0.1 swayX=0 swayY=0 time=1.275900000000373 baseRot=undefined,undefined,undefined @ http://localhost:3001/items/Weapon.js:220
[    1923ms] [LOG] [Weapon] applyToMesh: recoilAngle=0.1 swayX=0 swayY=0 time=1.2822999999998144 baseRot=undefined,undefined,undefined @ http://localhost:3001/items/Weapon.js:220
[    1931ms] [LOG] [Weapon] applyToMesh: recoilAngle=0.1 swayX=0 swayY=0 time=1.2897999999998144 baseRot=undefined,undefined,undefined @ http://localhost:3001/items/Weapon.js:220
[    1937ms] [LOG] [Weapon] applyToMesh: recoilAngle=0.1 swayX=0 swayY=0 time=1.2965000000000007 baseRot=undefined,undefined,undefined @ http://localhost:3001/items/Weapon.js:220
[    1946ms] [LOG] [Weapon] applyToMesh: recoilAngle=0.1 swayX=0 swayY=0 time=1.3049000000003732 baseRot=undefined,undefined,undefined @ http://localhost:3001/items/Weapon.js:220
[    1955ms] [LOG] [Weapon] applyToMesh: recoilAngle=0.1 swayX=0 swayY=0 time=1.3144000000003733 baseRot=undefined,undefined,undefined @ http://localhost:3001/items/Weapon.js:220
[    1962ms] [LOG] [Weapon] applyToMesh: recoilAngle=0.1 swayX=0 swayY=0 time=1.3215000000000008 baseRot=undefined,undefined,undefined @ http://localhost:3001/items/Weapon.js:220
[    1971ms] [LOG] [Weapon] applyToMesh: recoilAngle=0.1 swayX=0 swayY=0 time=1.3305000000000007 baseRot=undefined,undefined,undefined @ http://localhost:3001/items/Weapon.js:220
[    1980ms] [LOG] [Weapon] applyToMesh: recoilAngle=0.1 swayX=0 swayY=0 time=1.3392999999998145 baseRot=undefined,undefined,undefined @ http://localhost:3001/items/Weapon.js:220
[    1988ms] [LOG] [Weapon] applyToMesh: recoilAngle=0.1 swayX=0 swayY=0 time=1.3469000000003732 baseRot=undefined,undefined,undefined @ http://localhost:3001/items/Weapon.js:220
[    1998ms] [LOG] [Weapon] applyToMesh: recoilAngle=0.1 swayX=0 swayY=0 time=1.356700000000187 baseRot=undefined,undefined,undefined @ http://localhost:3001/items/Weapon.js:220
[    2006ms] [LOG] [Weapon] applyToMesh: recoilAngle=0.1 swayX=0 swayY=0 time=1.3650000000000007 baseRot=undefined,undefined,undefined @ http://localhost:3001/items/Weapon.js:220
[    2013ms] [LOG] [Weapon] applyToMesh: recoilAngle=0.1 swayX=0 swayY=0 time=1.372400000000373 baseRot=undefined,undefined,undefined @ http://localhost:3001/items/Weapon.js:220
[    2024ms] [LOG] [Weapon] applyToMesh: recoilAngle=0.1 swayX=0 swayY=0 time=1.3825999999996281 baseRot=undefined,undefined,undefined @ http://localhost:3001/items/Weapon.js:220
[    2032ms] [LOG] [Weapon] applyToMesh: recoilAngle=0.1 swayX=0 swayY=0 time=1.3909000000003733 baseRot=undefined,undefined,undefined @ http://localhost:3001/items/Weapon.js:220
[    2039ms] [LOG] [Weapon] applyToMesh: recoilAngle=0.1 swayX=0 swayY=0 time=1.3980000000000008 baseRot=undefined,undefined,undefined @ http://localhost:3001/items/Weapon.js:220
[    2050ms] [LOG] [Weapon] applyToMesh: recoilAngle=0.1 swayX=0 swayY=0 time=1.4085999999996284 baseRot=undefined,undefined,undefined @ http://localhost:3001/items/Weapon.js:220
[    2059ms] [LOG] [Weapon] applyToMesh: recoilAngle=0.1 swayX=0 swayY=0 time=1.4175999999996283 baseRot=undefined,undefined,undefined @ http://localhost:3001/items/Weapon.js:220
[    2067ms] [LOG] [Weapon] applyToMesh: recoilAngle=0.1 swayX=0 swayY=0 time=1.4262999999998145 baseRot=undefined,undefined,undefined @ http://localhost:3001/items/Weapon.js:220
[    2078ms] [LOG] [Weapon] applyToMesh: recoilAngle=0.1 swayX=0 swayY=0 time=1.4374000000003733 baseRot=undefined,undefined,undefined @ http://localhost:3001/items/Weapon.js:220
[    2087ms] [LOG] [Player] viewWeapon pos=0.25,-0.33,-0.80 rot=NaN,NaN,NaN visible=true fpArmsPos=0.00,0.00,0.00 @ http://localhost:3001/entities/Player.js:737
[    2087ms] [LOG] [Weapon] applyToMesh: recoilAngle=0.1 swayX=0 swayY=0 time=1.4459000000003732 baseRot=undefined,undefined,undefined @ http://localhost:3001/items/Weapon.js:220
[    2097ms] [LOG] [Weapon] applyToMesh: recoilAngle=0.1 swayX=0 swayY=0 time=1.455599999999628 baseRot=undefined,undefined,undefined @ http://localhost:3001/items/Weapon.js:220
[    2107ms] [LOG] [Weapon] applyToMesh: recoilAngle=0.1 swayX=0 swayY=0 time=1.466200000000187 baseRot=undefined,undefined,undefined @ http://localhost:3001/items/Weapon.js:220
[    2115ms] [LOG] [Weapon] applyToMesh: recoilAngle=0.1 swayX=0 swayY=0 time=1.474200000000187 baseRot=undefined,undefined,undefined @ http://localhost:3001/items/Weapon.js:220
[    2125ms] [LOG] [Weapon] applyToMesh: recoilAngle=0.1 swayX=0 swayY=0 time=1.483400000000373 baseRot=undefined,undefined,undefined @ http://localhost:3001/items/Weapon.js:220
[    2135ms] [LOG] [Weapon] applyToMesh: recoilAngle=0.1 swayX=0 swayY=0 time=1.4935000000000005 baseRot=undefined,undefined,undefined @ http://localhost:3001/items/Weapon.js:220
[    2144ms] [LOG] [Weapon] applyToMesh: recoilAngle=0.1 swayX=0 swayY=0 time=1.502900000000373 baseRot=undefined,undefined,undefined @ http://localhost:3001/items/Weapon.js:220
[    2152ms] [LOG] [Weapon] applyToMesh: recoilAngle=0.1 swayX=0 swayY=0 time=1.5110000000000003 baseRot=undefined,undefined,undefined @ http://localhost:3001/items/Weapon.js:220
[    2152ms] [LOG] [Player] anim: recoilAngle=0.1 swayX=0 swayY=0 time=1.5110000000000003 @ http://localhost:3001/entities/Player.js:773
[    2160ms] [LOG] [Weapon] applyToMesh: recoilAngle=0.1 swayX=0 swayY=0 time=1.518900000000373 baseRot=undefined,undefined,undefined @ http://localhost:3001/items/Weapon.js:220
[    2169ms] [LOG] [Weapon] applyToMesh: recoilAngle=0.1 swayX=0 swayY=0 time=1.5279000000003728 baseRot=undefined,undefined,undefined @ http://localhost:3001/items/Weapon.js:220
[    2177ms] [LOG] [Weapon] applyToMesh: recoilAngle=0.1 swayX=0 swayY=0 time=1.5362000000001865 baseRot=undefined,undefined,undefined @ http://localhost:3001/items/Weapon.js:220
[    2187ms] [LOG] [Weapon] applyToMesh: recoilAngle=0.1 swayX=0 swayY=0 time=1.5457000000001866 baseRot=undefined,undefined,undefined @ http://localhost:3001/items/Weapon.js:220
[    2196ms] [LOG] [Weapon] applyToMesh: recoilAngle=0.1 swayX=0 swayY=0 time=1.555400000000373 baseRot=undefined,undefined,undefined @ http://localhost:3001/items/Weapon.js:220
[    2204ms] [LOG] [Weapon] applyToMesh: recoilAngle=0.1 swayX=0 swayY=0 time=1.5630000000000004 baseRot=undefined,undefined,undefined @ http://localhost:3001/items/Weapon.js:220
[    2213ms] [LOG] [Weapon] applyToMesh: recoilAngle=0.1 swayX=0 swayY=0 time=1.5717000000001866 baseRot=undefined,undefined,undefined @ http://localhost:3001/items/Weapon.js:220
[    2221ms] [LOG] [Weapon] applyToMesh: recoilAngle=0.1 swayX=0 swayY=0 time=1.5804000000003728 baseRot=undefined,undefined,undefined @ http://localhost:3001/items/Weapon.js:220
[    2229ms] [LOG] [Weapon] applyToMesh: recoilAngle=0.1 swayX=0 swayY=0 time=1.5877000000001866 baseRot=undefined,undefined,undefined @ http://localhost:3001/items/Weapon.js:220
[    2235ms] [LOG] [Weapon] applyToMesh: recoilAngle=0.1 swayX=0 swayY=0 time=1.5942999999998142 baseRot=undefined,undefined,undefined @ http://localhost:3001/items/Weapon.js:220
[    2243ms] [LOG] [Weapon] applyToMesh: recoilAngle=0.1 swayX=0 swayY=0 time=1.6017000000001866 baseRot=undefined,undefined,undefined @ http://localhost:3001/items/Weapon.js:220
[    2249ms] [LOG] [Weapon] applyToMesh: recoilAngle=0.1 swayX=0 swayY=0 time=1.608099999999628 baseRot=undefined,undefined,undefined @ http://localhost:3001/items/Weapon.js:220
[    2256ms] [LOG] [Weapon] applyToMesh: recoilAngle=0.1 swayX=0 swayY=0 time=1.6150999999996278 baseRot=undefined,undefined,undefined @ http://localhost:3001/items/Weapon.js:220
[    2263ms] [LOG] [Weapon] applyToMesh: recoilAngle=0.1 swayX=0 swayY=0 time=1.6220000000000003 baseRot=undefined,undefined,undefined @ http://localhost:3001/items/Weapon.js:220
[    2270ms] [LOG] [Weapon] applyToMesh: recoilAngle=0.1 swayX=0 swayY=0 time=1.6290000000000002 baseRot=undefined,undefined,undefined @ http://localhost:3001/items/Weapon.js:220
[    2277ms] [LOG] [Weapon] applyToMesh: recoilAngle=0.1 swayX=0 swayY=0 time=1.6359000000003727 baseRot=undefined,undefined,undefined @ http://localhost:3001/items/Weapon.js:220
[    2284ms] [LOG] [Weapon] applyToMesh: recoilAngle=0.1 swayX=0 swayY=0 time=1.642799999999814 baseRot=undefined,undefined,undefined @ http://localhost:3001/items/Weapon.js:220
[    2292ms] [LOG] [Weapon] applyToMesh: recoilAngle=0.1 swayX=0 swayY=0 time=1.6509000000003728 baseRot=undefined,undefined,undefined @ http://localhost:3001/items/Weapon.js:220
[    2298ms] [LOG] [Weapon] applyToMesh: recoilAngle=0.1 swayX=0 swayY=0 time=1.6574000000003728 baseRot=undefined,undefined,undefined @ http://localhost:3001/items/Weapon.js:220
[    2305ms] [LOG] [Weapon] applyToMesh: recoilAngle=0.1 swayX=0 swayY=0 time=1.6640999999996278 baseRot=undefined,undefined,undefined @ http://localhost:3001/items/Weapon.js:220
[    2312ms] [LOG] [Weapon] applyToMesh: recoilAngle=0.1 swayX=0 swayY=0 time=1.671299999999814 baseRot=undefined,undefined,undefined @ http://localhost:3001/items/Weapon.js:220
[    2319ms] [LOG] [Weapon] applyToMesh: recoilAngle=0.1 swayX=0 swayY=0 time=1.6782999999998138 baseRot=undefined,undefined,undefined @ http://localhost:3001/items/Weapon.js:220
[    2326ms] [LOG] [Weapon] applyToMesh: recoilAngle=0.1 swayX=0 swayY=0 time=1.6849000000003727 baseRot=undefined,undefined,undefined @ http://localhost:3001/items/Weapon.js:220
[    2333ms] [LOG] [Weapon] applyToMesh: recoilAngle=0.1 swayX=0 swayY=0 time=1.6915000000000002 baseRot=undefined,undefined,undefined @ http://localhost:3001/items/Weapon.js:220
[    2340ms] [LOG] [Weapon] applyToMesh: recoilAngle=0.1 swayX=0 swayY=0 time=1.6990000000000003 baseRot=undefined,undefined,undefined @ http://localhost:3001/items/Weapon.js:220
[    2346ms] [LOG] [Weapon] applyToMesh: recoilAngle=0.1 swayX=0 swayY=0 time=1.7054000000003728 baseRot=undefined,undefined,undefined @ http://localhost:3001/items/Weapon.js:220
[    2353ms] [LOG] [Weapon] applyToMesh: recoilAngle=0.1 swayX=0 swayY=0 time=1.712299999999814 baseRot=undefined,undefined,undefined @ http://localhost:3001/items/Weapon.js:220
[    2360ms] [LOG] [Weapon] applyToMesh: recoilAngle=0.1 swayX=0 swayY=0 time=1.7192000000001866 baseRot=undefined,undefined,undefined @ http://localhost:3001/items/Weapon.js:220
[    2367ms] [LOG] [Weapon] applyToMesh: recoilAngle=0.1 swayX=0 swayY=0 time=1.7262000000001865 baseRot=undefined,undefined,undefined @ http://localhost:3001/items/Weapon.js:220
[    2374ms] [LOG] [Weapon] applyToMesh: recoilAngle=0.1 swayX=0 swayY=0 time=1.7332000000001864 baseRot=undefined,undefined,undefined @ http://localhost:3001/items/Weapon.js:220
[    2381ms] [LOG] [Weapon] applyToMesh: recoilAngle=0.1 swayX=0 swayY=0 time=1.7400999999996276 baseRot=undefined,undefined,undefined @ http://localhost:3001/items/Weapon.js:220
[    2388ms] [LOG] [Weapon] applyToMesh: recoilAngle=0.1 swayX=0 swayY=0 time=1.7472000000001864 baseRot=undefined,undefined,undefined @ http://localhost:3001/items/Weapon.js:220
[    2398ms] [LOG] [Weapon] applyToMesh: recoilAngle=0.1 swayX=0 swayY=0 time=1.7569000000003727 baseRot=undefined,undefined,undefined @ http://localhost:3001/items/Weapon.js:220
[    2407ms] [LOG] [Weapon] applyToMesh: recoilAngle=0.1 swayX=0 swayY=0 time=1.7660000000000002 baseRot=undefined,undefined,undefined @ http://localhost:3001/items/Weapon.js:220
[    2416ms] [LOG] [Weapon] applyToMesh: recoilAngle=0.1 swayX=0 swayY=0 time=1.7749000000003727 baseRot=undefined,undefined,undefined @ http://localhost:3001/items/Weapon.js:220
[    2432ms] [LOG] [Weapon] applyToMesh: recoilAngle=0.1 swayX=0 swayY=0 time=1.7907000000001865 baseRot=undefined,undefined,undefined @ http://localhost:3001/items/Weapon.js:220
[    2439ms] [LOG] [Weapon] applyToMesh: recoilAngle=0.1 swayX=0 swayY=0 time=1.7980000000000003 baseRot=undefined,undefined,undefined @ http://localhost:3001/items/Weapon.js:220
[    2446ms] [LOG] [Weapon] applyToMesh: recoilAngle=0.1 swayX=0 swayY=0 time=1.8049000000003728 baseRot=undefined,undefined,undefined @ http://localhost:3001/items/Weapon.js:220
[    2453ms] [LOG] [Weapon] applyToMesh: recoilAngle=0.1 swayX=0 swayY=0 time=1.8120000000000003 baseRot=undefined,undefined,undefined @ http://localhost:3001/items/Weapon.js:220
[    2460ms] [LOG] [Weapon] applyToMesh: recoilAngle=0.1 swayX=0 swayY=0 time=1.8190000000000002 baseRot=undefined,undefined,undefined @ http://localhost:3001/items/Weapon.js:220
[    2468ms] [LOG] [Weapon] applyToMesh: recoilAngle=0.1 swayX=0 swayY=0 time=1.8265999999996276 baseRot=undefined,undefined,undefined @ http://localhost:3001/items/Weapon.js:220
[    2530ms] [WARNING] Failed to execute 'requestFullscreen' on 'Element': API can only be initiated by a user gesture. @ http://localhost:3001/:0
[    2549ms] [LOG] [Cam] pointerlockchange isLocked=true @ http://localhost:3001/core/CameraController.js:47
[    2550ms] Permissions check failed
[    2890ms] [ERROR] Failed to load resource: the server responded with a status of 404 (Not Found) @ http://localhost:3001/favicon.ico:0
[    3499ms] [LOG] [CameraController] playerPos=46.00,4.04,0.00 targetY=4.19 camPos=46.00,4.19,0.00 @ http://localhost:3001/core/CameraController.js:240
[    5582ms] [LOG] [CameraController] playerPos=46.00,4.04,0.00 targetY=4.19 camPos=46.00,4.19,0.00 @ http://localhost:3001/core/CameraController.js:240
[    5583ms] [LOG] [Cam] pitch=-14.3° yaw=0.0° @ http://localhost:3001/core/CameraController.js:252
[    7735ms] [LOG] [CameraController] playerPos=46.00,4.04,0.00 targetY=4.19 camPos=46.00,4.19,0.00 @ http://localhost:3001/core/CameraController.js:240
[    9902ms] [LOG] [CameraController] playerPos=46.00,4.04,0.00 targetY=4.19 camPos=46.00,4.19,0.00 @ http://localhost:3001/core/CameraController.js:240
[    9902ms] [LOG] [Cam] pitch=-14.3° yaw=0.0° @ http://localhost:3001/core/CameraController.js:252
[   12159ms] [LOG] [CameraController] playerPos=46.00,4.04,0.00 targetY=4.19 camPos=46.00,4.19,0.00 @ http://localhost:3001/core/CameraController.js:240
[   14242ms] [LOG] [CameraController] playerPos=46.00,4.04,0.00 targetY=4.19 camPos=46.00,4.19,0.00 @ http://localhost:3001/core/CameraController.js:240
[   14242ms] [LOG] [Cam] pitch=-14.3° yaw=0.0° @ http://localhost:3001/core/CameraController.js:252
[   16326ms] [LOG] [CameraController] playerPos=46.00,4.04,0.00 targetY=4.19 camPos=46.00,4.19,0.00 @ http://localhost:3001/core/CameraController.js:240
[   17624ms] [LOG] [Weapon] applyToMesh: recoilAngle=0.1 swayX=0 swayY=0 time=1.8354999999990689 baseRot=undefined,undefined,undefined @ http://localhost:3001/items/Weapon.js:220
[   17649ms] [LOG] [Weapon] applyToMesh: recoilAngle=0.1 swayX=0 swayY=0 time=1.8591999999992552 baseRot=undefined,undefined,undefined @ http://localhost:3001/items/Weapon.js:220
[   17665ms] [LOG] [Weapon] applyToMesh: recoilAngle=0.1 swayX=0 swayY=0 time=1.8762999999988828 baseRot=undefined,undefined,undefined @ http://localhost:3001/items/Weapon.js:220
[   17682ms] [LOG] [Weapon] applyToMesh: recoilAngle=0.1 swayX=0 swayY=0 time=1.8937999999988828 baseRot=undefined,undefined,undefined @ http://localhost:3001/items/Weapon.js:220
[   17698ms] [LOG] [Weapon] applyToMesh: recoilAngle=0.1 swayX=0 swayY=0 time=1.909999999999069 baseRot=undefined,undefined,undefined @ http://localhost:3001/items/Weapon.js:220
[   17708ms] [LOG] [Weapon] applyToMesh: recoilAngle=0.1 swayX=0 swayY=0 time=1.9197999999988828 baseRot=undefined,undefined,undefined @ http://localhost:3001/items/Weapon.js:220
[   17715ms] [LOG] [Weapon] applyToMesh: recoilAngle=0.1 swayX=0 swayY=0 time=1.9266999999992553 baseRot=undefined,undefined,undefined @ http://localhost:3001/items/Weapon.js:220
[   17723ms] [LOG] [Weapon] applyToMesh: recoilAngle=0.1 swayX=0 swayY=0 time=1.934999999999069 baseRot=undefined,undefined,undefined @ http://localhost:3001/items/Weapon.js:220
[   17730ms] [LOG] [Weapon] applyToMesh: recoilAngle=0.1 swayX=0 swayY=0 time=1.941999999999069 baseRot=undefined,undefined,undefined @ http://localhost:3001/items/Weapon.js:220
[   17737ms] [LOG] [Weapon] applyToMesh: recoilAngle=0.1 swayX=0 swayY=0 time=1.9488999999994414 baseRot=undefined,undefined,undefined @ http://localhost:3001/items/Weapon.js:220
[   17743ms] [LOG] [Weapon] applyToMesh: recoilAngle=0.1 swayX=0 swayY=0 time=1.9552999999988827 baseRot=undefined,undefined,undefined @ http://localhost:3001/items/Weapon.js:220
[   17750ms] [LOG] [Weapon] applyToMesh: recoilAngle=0.1 swayX=0 swayY=0 time=1.9620999999996278 baseRot=undefined,undefined,undefined @ http://localhost:3001/items/Weapon.js:220
[   17758ms] [LOG] [Weapon] applyToMesh: recoilAngle=0.1 swayX=0 swayY=0 time=1.9703999999994415 baseRot=undefined,undefined,undefined @ http://localhost:3001/items/Weapon.js:220
[   17765ms] [LOG] [Weapon] applyToMesh: recoilAngle=0.1 swayX=0 swayY=0 time=1.976999999999069 baseRot=undefined,undefined,undefined @ http://localhost:3001/items/Weapon.js:220
[   17772ms] [LOG] [Weapon] applyToMesh: recoilAngle=0.1 swayX=0 swayY=0 time=1.9841999999992552 baseRot=undefined,undefined,undefined @ http://localhost:3001/items/Weapon.js:220
[   17778ms] [LOG] [Weapon] applyToMesh: recoilAngle=0.1 swayX=0 swayY=0 time=1.990499999999069 baseRot=undefined,undefined,undefined @ http://localhost:3001/items/Weapon.js:220
[   17784ms] [LOG] [Weapon] applyToMesh: recoilAngle=0.1 swayX=0 swayY=0 time=1.996499999999069 baseRot=undefined,undefined,undefined @ http://localhost:3001/items/Weapon.js:220
[   17791ms] [LOG] [Weapon] applyToMesh: recoilAngle=0.1 swayX=0 swayY=0 time=2.0031999999992554 baseRot=undefined,undefined,undefined @ http://localhost:3001/items/Weapon.js:220
[   17798ms] [LOG] [Weapon] applyToMesh: recoilAngle=0.1 swayX=0 swayY=0 time=2.0103999999994415 baseRot=undefined,undefined,undefined @ http://localhost:3001/items/Weapon.js:220
[   17805ms] [LOG] [Weapon] applyToMesh: recoilAngle=0.1 swayX=0 swayY=0 time=2.0172999999988828 baseRot=undefined,undefined,undefined @ http://localhost:3001/items/Weapon.js:220
[   17812ms] [LOG] [Weapon] applyToMesh: recoilAngle=0.1 swayX=0 swayY=0 time=2.024299999998883 baseRot=undefined,undefined,undefined @ http://localhost:3001/items/Weapon.js:220
[   17820ms] [LOG] [Weapon] applyToMesh: recoilAngle=0.1 swayX=0 swayY=0 time=2.032299999998883 baseRot=undefined,undefined,undefined @ http://localhost:3001/items/Weapon.js:220
[   17827ms] [LOG] [Weapon] applyToMesh: recoilAngle=0.1 swayX=0 swayY=0 time=2.039399999999442 baseRot=undefined,undefined,undefined @ http://localhost:3001/items/Weapon.js:220
[   17834ms] [LOG] [Weapon] applyToMesh: recoilAngle=0.1 swayX=0 swayY=0 time=2.045799999998883 baseRot=undefined,undefined,undefined @ http://localhost:3001/items/Weapon.js:220
[   17840ms] [LOG] [Weapon] applyToMesh: recoilAngle=0.1 swayX=0 swayY=0 time=2.052099999999628 baseRot=undefined,undefined,undefined @ http://localhost:3001/items/Weapon.js:220
[   17847ms] [LOG] [Weapon] applyToMesh: recoilAngle=0.1 swayX=0 swayY=0 time=2.0586999999992557 baseRot=undefined,undefined,undefined @ http://localhost:3001/items/Weapon.js:220
[   17853ms] [LOG] [Weapon] applyToMesh: recoilAngle=0.1 swayX=0 swayY=0 time=2.065599999999628 baseRot=undefined,undefined,undefined @ http://localhost:3001/items/Weapon.js:220
[   17861ms] [LOG] [Weapon] applyToMesh: recoilAngle=0.1 swayX=0 swayY=0 time=2.0725999999996283 baseRot=undefined,undefined,undefined @ http://localhost:3001/items/Weapon.js:220
[   17868ms] [LOG] [Weapon] applyToMesh: recoilAngle=0.1 swayX=0 swayY=0 time=2.080099999999628 baseRot=undefined,undefined,undefined @ http://localhost:3001/items/Weapon.js:220
[   17875ms] [LOG] [Weapon] applyToMesh: recoilAngle=0.1 swayX=0 swayY=0 time=2.0868999999994418 baseRot=undefined,undefined,undefined @ http://localhost:3001/items/Weapon.js:220
[   17882ms] [LOG] [Weapon] applyToMesh: recoilAngle=0.1 swayX=0 swayY=0 time=2.0936999999992554 baseRot=undefined,undefined,undefined @ http://localhost:3001/items/Weapon.js:220
[   17889ms] [LOG] [Weapon] applyToMesh: recoilAngle=0.1 swayX=0 swayY=0 time=2.100399999999442 baseRot=undefined,undefined,undefined @ http://localhost:3001/items/Weapon.js:220
[   17896ms] [LOG] [Weapon] applyToMesh: recoilAngle=0.1 swayX=0 swayY=0 time=2.1077999999988832 baseRot=undefined,undefined,undefined @ http://localhost:3001/items/Weapon.js:220
[   17903ms] [LOG] [Weapon] applyToMesh: recoilAngle=0.1 swayX=0 swayY=0 time=2.1146999999992557 baseRot=undefined,undefined,undefined @ http://localhost:3001/items/Weapon.js:220
[   17903ms] [LOG] [Player] anim: recoilAngle=0.1 swayX=0 swayY=0 time=2.1146999999992557 @ http://localhost:3001/entities/Player.js:773
[   17909ms] [LOG] [Weapon] applyToMesh: recoilAngle=0.1 swayX=0 swayY=0 time=2.1215999999996282 baseRot=undefined,undefined,undefined @ http://localhost:3001/items/Weapon.js:220
[   17917ms] [LOG] [Weapon] applyToMesh: recoilAngle=0.1 swayX=0 swayY=0 time=2.1289999999990696 baseRot=undefined,undefined,undefined @ http://localhost:3001/items/Weapon.js:220
[   17924ms] [LOG] [Weapon] applyToMesh: recoilAngle=0.1 swayX=0 swayY=0 time=2.1357999999988833 baseRot=undefined,undefined,undefined @ http://localhost:3001/items/Weapon.js:220
[   17930ms] [LOG] [Weapon] applyToMesh: recoilAngle=0.1 swayX=0 swayY=0 time=2.1424999999990697 baseRot=undefined,undefined,undefined @ http://localhost:3001/items/Weapon.js:220
[   17937ms] [LOG] [Weapon] applyToMesh: recoilAngle=0.1 swayX=0 swayY=0 time=2.1492999999988833 baseRot=undefined,undefined,undefined @ http://localhost:3001/items/Weapon.js:220
[   17945ms] [LOG] [Weapon] applyToMesh: recoilAngle=0.1 swayX=0 swayY=0 time=2.157399999999442 baseRot=undefined,undefined,undefined @ http://localhost:3001/items/Weapon.js:220
[   17952ms] [LOG] [Weapon] applyToMesh: recoilAngle=0.1 swayX=0 swayY=0 time=2.163899999999442 baseRot=undefined,undefined,undefined @ http://localhost:3001/items/Weapon.js:220
[   17960ms] [LOG] [Weapon] applyToMesh: recoilAngle=0.1 swayX=0 swayY=0 time=2.1723999999994423 baseRot=undefined,undefined,undefined @ http://localhost:3001/items/Weapon.js:220
[   17967ms] [LOG] [Weapon] applyToMesh: recoilAngle=0.1 swayX=0 swayY=0 time=2.1794999999990696 baseRot=undefined,undefined,undefined @ http://localhost:3001/items/Weapon.js:220
[   17977ms] [LOG] [Weapon] applyToMesh: recoilAngle=0.1 swayX=0 swayY=0 time=2.1891999999992557 baseRot=undefined,undefined,undefined @ http://localhost:3001/items/Weapon.js:220
[   17986ms] [LOG] [Weapon] applyToMesh: recoilAngle=0.1 swayX=0 swayY=0 time=2.1975999999996283 baseRot=undefined,undefined,undefined @ http://localhost:3001/items/Weapon.js:220
[   17992ms] [LOG] [Weapon] applyToMesh: recoilAngle=0.1 swayX=0 swayY=0 time=2.2044999999990695 baseRot=undefined,undefined,undefined @ http://localhost:3001/items/Weapon.js:220
[   17999ms] [LOG] [Weapon] applyToMesh: recoilAngle=0.1 swayX=0 swayY=0 time=2.2114999999990697 baseRot=undefined,undefined,undefined @ http://localhost:3001/items/Weapon.js:220
[   18007ms] [LOG] [Weapon] applyToMesh: recoilAngle=0.1 swayX=0 swayY=0 time=2.219199999999256 baseRot=undefined,undefined,undefined @ http://localhost:3001/items/Weapon.js:220
[   18015ms] [LOG] [Weapon] applyToMesh: recoilAngle=0.1 swayX=0 swayY=0 time=2.2275999999996285 baseRot=undefined,undefined,undefined @ http://localhost:3001/items/Weapon.js:220
[   18022ms] [LOG] [Weapon] applyToMesh: recoilAngle=0.1 swayX=0 swayY=0 time=2.234199999999256 baseRot=undefined,undefined,undefined @ http://localhost:3001/items/Weapon.js:220
[   18029ms] [LOG] [Weapon] applyToMesh: recoilAngle=0.1 swayX=0 swayY=0 time=2.2413999999994423 baseRot=undefined,undefined,undefined @ http://localhost:3001/items/Weapon.js:220
[   18036ms] [LOG] [Weapon] applyToMesh: recoilAngle=0.1 swayX=0 swayY=0 time=2.2483999999994424 baseRot=undefined,undefined,undefined @ http://localhost:3001/items/Weapon.js:220
[   18044ms] [LOG] [Weapon] applyToMesh: recoilAngle=0.1 swayX=0 swayY=0 time=2.255699999999256 baseRot=undefined,undefined,undefined @ http://localhost:3001/items/Weapon.js:220
[   18051ms] [LOG] [Weapon] applyToMesh: recoilAngle=0.1 swayX=0 swayY=0 time=2.263199999999256 baseRot=undefined,undefined,undefined @ http://localhost:3001/items/Weapon.js:220
[   18058ms] [LOG] [Weapon] applyToMesh: recoilAngle=0.1 swayX=0 swayY=0 time=2.270199999999256 baseRot=undefined,undefined,undefined @ http://localhost:3001/items/Weapon.js:220
[   18066ms] [LOG] [Weapon] applyToMesh: recoilAngle=0.1 swayX=0 swayY=0 time=2.2780999999996285 baseRot=undefined,undefined,undefined @ http://localhost:3001/items/Weapon.js:220
[   18073ms] [LOG] [Weapon] applyToMesh: recoilAngle=0.1 swayX=0 swayY=0 time=2.2853999999994423 baseRot=undefined,undefined,undefined @ http://localhost:3001/items/Weapon.js:220
[   18081ms] [LOG] [Weapon] applyToMesh: recoilAngle=0.1 swayX=0 swayY=0 time=2.2927999999988837 baseRot=undefined,undefined,undefined @ http://localhost:3001/items/Weapon.js:220
[   18087ms] [LOG] [Weapon] applyToMesh: recoilAngle=0.1 swayX=0 swayY=0 time=2.29949999999907 baseRot=undefined,undefined,undefined @ http://localhost:3001/items/Weapon.js:220
[   18095ms] [LOG] [Weapon] applyToMesh: recoilAngle=0.1 swayX=0 swayY=0 time=2.3073999999994426 baseRot=undefined,undefined,undefined @ http://localhost:3001/items/Weapon.js:220
[   18106ms] [LOG] [Weapon] applyToMesh: recoilAngle=0.1 swayX=0 swayY=0 time=2.318199999999256 baseRot=undefined,undefined,undefined @ http://localhost:3001/items/Weapon.js:220
[   18115ms] [LOG] [Weapon] applyToMesh: recoilAngle=0.1 swayX=0 swayY=0 time=2.3267999999988835 baseRot=undefined,undefined,undefined @ http://localhost:3001/items/Weapon.js:220
[   18124ms] [LOG] [Weapon] applyToMesh: recoilAngle=0.1 swayX=0 swayY=0 time=2.3358999999994423 baseRot=undefined,undefined,undefined @ http://localhost:3001/items/Weapon.js:220
[   18133ms] [LOG] [Weapon] applyToMesh: recoilAngle=0.1 swayX=0 swayY=0 time=2.34549999999907 baseRot=undefined,undefined,undefined @ http://localhost:3001/items/Weapon.js:220
[   18146ms] [LOG] [Weapon] applyToMesh: recoilAngle=0.1 swayX=0 swayY=0 time=2.35749999999907 baseRot=undefined,undefined,undefined @ http://localhost:3001/items/Weapon.js:220
[   18157ms] [LOG] [Weapon] applyToMesh: recoilAngle=0.1 swayX=0 swayY=0 time=2.3692999999988835 baseRot=undefined,undefined,undefined @ http://localhost:3001/items/Weapon.js:220
[   18170ms] [LOG] [Weapon] applyToMesh: recoilAngle=0.1 swayX=0 swayY=0 time=2.381699999999256 baseRot=undefined,undefined,undefined @ http://localhost:3001/items/Weapon.js:220
[   18179ms] [LOG] [Weapon] applyToMesh: recoilAngle=0.1 swayX=0 swayY=0 time=2.3910999999996285 baseRot=undefined,undefined,undefined @ http://localhost:3001/items/Weapon.js:220
[   18187ms] [LOG] [Weapon] applyToMesh: recoilAngle=0.1 swayX=0 swayY=0 time=2.3989999999990697 baseRot=undefined,undefined,undefined @ http://localhost:3001/items/Weapon.js:220
[   18194ms] [LOG] [Weapon] applyToMesh: recoilAngle=0.1 swayX=0 swayY=0 time=2.405899999999442 baseRot=undefined,undefined,undefined @ http://localhost:3001/items/Weapon.js:220
[   18201ms] [LOG] [Weapon] applyToMesh: recoilAngle=0.1 swayX=0 swayY=0 time=2.4128999999994423 baseRot=undefined,undefined,undefined @ http://localhost:3001/items/Weapon.js:220
[   18208ms] [LOG] [Weapon] applyToMesh: recoilAngle=0.1 swayX=0 swayY=0 time=2.4197999999988835 baseRot=undefined,undefined,undefined @ http://localhost:3001/items/Weapon.js:220
[   18216ms] [LOG] [Weapon] applyToMesh: recoilAngle=0.1 swayX=0 swayY=0 time=2.4275999999996287 baseRot=undefined,undefined,undefined @ http://localhost:3001/items/Weapon.js:220
[   18223ms] [LOG] [Player] viewWeapon pos=0.25,-0.33,-0.80 rot=NaN,NaN,NaN visible=true fpArmsPos=0.00,0.00,0.00 @ http://localhost:3001/entities/Player.js:737
[   18223ms] [LOG] [Weapon] applyToMesh: recoilAngle=0.1 swayX=0 swayY=0 time=2.435299999998884 baseRot=undefined,undefined,undefined @ http://localhost:3001/items/Weapon.js:220
[   18230ms] [LOG] [Weapon] applyToMesh: recoilAngle=0.1 swayX=0 swayY=0 time=2.4419999999990702 baseRot=undefined,undefined,undefined @ http://localhost:3001/items/Weapon.js:220
[   18237ms] [LOG] [Weapon] applyToMesh: recoilAngle=0.1 swayX=0 swayY=0 time=2.4486999999992567 baseRot=undefined,undefined,undefined @ http://localhost:3001/items/Weapon.js:220
[   18245ms] [LOG] [Weapon] applyToMesh: recoilAngle=0.1 swayX=0 swayY=0 time=2.4574999999990705 baseRot=undefined,undefined,undefined @ http://localhost:3001/items/Weapon.js:220
[   18252ms] [LOG] [Weapon] applyToMesh: recoilAngle=0.1 swayX=0 swayY=0 time=2.464399999999443 baseRot=undefined,undefined,undefined @ http://localhost:3001/items/Weapon.js:220
[   18259ms] [LOG] [Weapon] applyToMesh: recoilAngle=0.1 swayX=0 swayY=0 time=2.471599999999629 baseRot=undefined,undefined,undefined @ http://localhost:3001/items/Weapon.js:220
[   18267ms] [LOG] [Weapon] applyToMesh: recoilAngle=0.1 swayX=0 swayY=0 time=2.4792999999988843 baseRot=undefined,undefined,undefined @ http://localhost:3001/items/Weapon.js:220
[   18273ms] [LOG] [Weapon] applyToMesh: recoilAngle=0.1 swayX=0 swayY=0 time=2.4855999999996294 baseRot=undefined,undefined,undefined @ http://localhost:3001/items/Weapon.js:220
[   18279ms] [LOG] [Weapon] applyToMesh: recoilAngle=0.1 swayX=0 swayY=0 time=2.491699999999257 baseRot=undefined,undefined,undefined @ http://localhost:3001/items/Weapon.js:220
[   18286ms] [LOG] [Weapon] applyToMesh: recoilAngle=0.1 swayX=0 swayY=0 time=2.4984999999990705 baseRot=undefined,undefined,undefined @ http://localhost:3001/items/Weapon.js:220
[   18292ms] [LOG] [Weapon] applyToMesh: recoilAngle=0.1 swayX=0 swayY=0 time=2.5044999999990702 baseRot=undefined,undefined,undefined @ http://localhost:3001/items/Weapon.js:220
[   18299ms] [LOG] [Weapon] applyToMesh: recoilAngle=0.1 swayX=0 swayY=0 time=2.5106999999992565 baseRot=undefined,undefined,undefined @ http://localhost:3001/items/Weapon.js:220
[   18306ms] [LOG] [Weapon] applyToMesh: recoilAngle=0.1 swayX=0 swayY=0 time=2.517599999999629 baseRot=undefined,undefined,undefined @ http://localhost:3001/items/Weapon.js:220
[   18313ms] [LOG] [Weapon] applyToMesh: recoilAngle=0.1 swayX=0 swayY=0 time=2.5251999999992565 baseRot=undefined,undefined,undefined @ http://localhost:3001/items/Weapon.js:220
[   18319ms] [LOG] [Player] viewWeapon pos=0.25,-0.33,-0.80 rot=NaN,NaN,NaN visible=true fpArmsPos=0.00,0.00,0.00 @ http://localhost:3001/entities/Player.js:737
[   18319ms] [LOG] [Weapon] applyToMesh: recoilAngle=0.1 swayX=0 swayY=0 time=2.531299999998884 baseRot=undefined,undefined,undefined @ http://localhost:3001/items/Weapon.js:220
[   18326ms] [LOG] [Weapon] applyToMesh: recoilAngle=0.1 swayX=0 swayY=0 time=2.5378999999994427 baseRot=undefined,undefined,undefined @ http://localhost:3001/items/Weapon.js:220
[   18333ms] [LOG] [Weapon] applyToMesh: recoilAngle=0.1 swayX=0 swayY=0 time=2.5451999999992565 baseRot=undefined,undefined,undefined @ http://localhost:3001/items/Weapon.js:220
[   18341ms] [LOG] [Weapon] applyToMesh: recoilAngle=0.1 swayX=0 swayY=0 time=2.553599999999629 baseRot=undefined,undefined,undefined @ http://localhost:3001/items/Weapon.js:220
[   18349ms] [LOG] [Weapon] applyToMesh: recoilAngle=0.1 swayX=0 swayY=0 time=2.5609999999990705 baseRot=undefined,undefined,undefined @ http://localhost:3001/items/Weapon.js:220
[   18356ms] [LOG] [Weapon] applyToMesh: recoilAngle=0.1 swayX=0 swayY=0 time=2.5682999999988843 baseRot=undefined,undefined,undefined @ http://localhost:3001/items/Weapon.js:220
[   18363ms] [LOG] [Weapon] applyToMesh: recoilAngle=0.1 swayX=0 swayY=0 time=2.5755999999996293 baseRot=undefined,undefined,undefined @ http://localhost:3001/items/Weapon.js:220
[   18370ms] [LOG] [Weapon] applyToMesh: recoilAngle=0.1 swayX=0 swayY=0 time=2.581899999999443 baseRot=undefined,undefined,undefined @ http://localhost:3001/items/Weapon.js:220
[   18377ms] [LOG] [Weapon] applyToMesh: recoilAngle=0.1 swayX=0 swayY=0 time=2.589699999999257 baseRot=undefined,undefined,undefined @ http://localhost:3001/items/Weapon.js:220
[   18384ms] [LOG] [Weapon] applyToMesh: recoilAngle=0.1 swayX=0 swayY=0 time=2.5963999999994436 baseRot=undefined,undefined,undefined @ http://localhost:3001/items/Weapon.js:220
[   18390ms] [LOG] [Weapon] applyToMesh: recoilAngle=0.1 swayX=0 swayY=0 time=2.602499999999071 baseRot=undefined,undefined,undefined @ http://localhost:3001/items/Weapon.js:220
[   18398ms] [LOG] [Weapon] applyToMesh: recoilAngle=0.1 swayX=0 swayY=0 time=2.609799999998885 baseRot=undefined,undefined,undefined @ http://localhost:3001/items/Weapon.js:220
[   18404ms] [LOG] [Weapon] applyToMesh: recoilAngle=0.1 swayX=0 swayY=0 time=2.6162999999988847 baseRot=undefined,undefined,undefined @ http://localhost:3001/items/Weapon.js:220
[   18412ms] [LOG] [Weapon] applyToMesh: recoilAngle=0.1 swayX=0 swayY=0 time=2.6242999999988847 baseRot=undefined,undefined,undefined @ http://localhost:3001/items/Weapon.js:220
[   18419ms] [LOG] [Weapon] applyToMesh: recoilAngle=0.1 swayX=0 swayY=0 time=2.6307999999988847 baseRot=undefined,undefined,undefined @ http://localhost:3001/items/Weapon.js:220
[   18425ms] [LOG] [Weapon] applyToMesh: recoilAngle=0.1 swayX=0 swayY=0 time=2.636999999999071 baseRot=undefined,undefined,undefined @ http://localhost:3001/items/Weapon.js:220
[   18431ms] [LOG] [Weapon] applyToMesh: recoilAngle=0.1 swayX=0 swayY=0 time=2.6429999999990708 baseRot=undefined,undefined,undefined @ http://localhost:3001/items/Weapon.js:220
[   18438ms] [LOG] [Weapon] applyToMesh: recoilAngle=0.1 swayX=0 swayY=0 time=2.6495999999996296 baseRot=undefined,undefined,undefined @ http://localhost:3001/items/Weapon.js:220
[   18446ms] [LOG] [Weapon] applyToMesh: recoilAngle=0.1 swayX=0 swayY=0 time=2.658699999999257 baseRot=undefined,undefined,undefined @ http://localhost:3001/items/Weapon.js:220
[   18454ms] [LOG] [Weapon] applyToMesh: recoilAngle=0.1 swayX=0 swayY=0 time=2.6663999999994434 baseRot=undefined,undefined,undefined @ http://localhost:3001/items/Weapon.js:220
[   18461ms] [LOG] [Weapon] applyToMesh: recoilAngle=0.1 swayX=0 swayY=0 time=2.6734999999990707 baseRot=undefined,undefined,undefined @ http://localhost:3001/items/Weapon.js:220
[   18468ms] [LOG] [Weapon] applyToMesh: recoilAngle=0.1 swayX=0 swayY=0 time=2.6802999999988844 baseRot=undefined,undefined,undefined @ http://localhost:3001/items/Weapon.js:220
[   18475ms] [LOG] [Weapon] applyToMesh: recoilAngle=0.1 swayX=0 swayY=0 time=2.686999999999071 baseRot=undefined,undefined,undefined @ http://localhost:3001/items/Weapon.js:220
[   18481ms] [LOG] [Weapon] applyToMesh: recoilAngle=0.1 swayX=0 swayY=0 time=2.693399999999443 baseRot=undefined,undefined,undefined @ http://localhost:3001/items/Weapon.js:220
[   18488ms] [LOG] [Weapon] applyToMesh: recoilAngle=0.1 swayX=0 swayY=0 time=2.6999999999990707 baseRot=undefined,undefined,undefined @ http://localhost:3001/items/Weapon.js:220
[   18494ms] [LOG] [Weapon] applyToMesh: recoilAngle=0.1 swayX=0 swayY=0 time=2.705699999999257 baseRot=undefined,undefined,undefined @ http://localhost:3001/items/Weapon.js:220
[   18500ms] [LOG] [Weapon] applyToMesh: recoilAngle=0.1 swayX=0 swayY=0 time=2.711899999999443 baseRot=undefined,undefined,undefined @ http://localhost:3001/items/Weapon.js:220
[   18507ms] [LOG] [Weapon] applyToMesh: recoilAngle=0.1 swayX=0 swayY=0 time=2.719199999999257 baseRot=undefined,undefined,undefined @ http://localhost:3001/items/Weapon.js:220
[   18514ms] [LOG] [Weapon] applyToMesh: recoilAngle=0.1 swayX=0 swayY=0 time=2.7259999999990705 baseRot=undefined,undefined,undefined @ http://localhost:3001/items/Weapon.js:220
[   18521ms] [LOG] [Weapon] applyToMesh: recoilAngle=0.1 swayX=0 swayY=0 time=2.7324999999990705 baseRot=undefined,undefined,undefined @ http://localhost:3001/items/Weapon.js:220
[   18527ms] [LOG] [Weapon] applyToMesh: recoilAngle=0.1 swayX=0 swayY=0 time=2.739399999999443 baseRot=undefined,undefined,undefined @ http://localhost:3001/items/Weapon.js:220
[   18535ms] [LOG] [Weapon] applyToMesh: recoilAngle=0.1 swayX=0 swayY=0 time=2.746899999999443 baseRot=undefined,undefined,undefined @ http://localhost:3001/items/Weapon.js:220
[   18541ms] [LOG] [Weapon] applyToMesh: recoilAngle=0.1 swayX=0 swayY=0 time=2.753299999998884 baseRot=undefined,undefined,undefined @ http://localhost:3001/items/Weapon.js:220
[   18548ms] [LOG] [Weapon] applyToMesh: recoilAngle=0.1 swayX=0 swayY=0 time=2.760599999999629 baseRot=undefined,undefined,undefined @ http://localhost:3001/items/Weapon.js:220
[   18556ms] [LOG] [Weapon] applyToMesh: recoilAngle=0.1 swayX=0 swayY=0 time=2.767799999998884 baseRot=undefined,undefined,undefined @ http://localhost:3001/items/Weapon.js:220
[   18564ms] [LOG] [Weapon] applyToMesh: recoilAngle=0.1 swayX=0 swayY=0 time=2.776299999998884 baseRot=undefined,undefined,undefined @ http://localhost:3001/items/Weapon.js:220
[   18564ms] [LOG] [CameraController] playerPos=46.00,4.04,0.00 targetY=4.19 camPos=46.00,4.19,0.00 @ http://localhost:3001/core/CameraController.js:240
[   18564ms] [LOG] [Cam] pitch=-14.3° yaw=0.0° @ http://localhost:3001/core/CameraController.js:252
[   18571ms] [LOG] [Weapon] applyToMesh: recoilAngle=0.1 swayX=0 swayY=0 time=2.7831999999992565 baseRot=undefined,undefined,undefined @ http://localhost:3001/items/Weapon.js:220
[   18578ms] [LOG] [Weapon] applyToMesh: recoilAngle=0.1 swayX=0 swayY=0 time=2.7903999999994427 baseRot=undefined,undefined,undefined @ http://localhost:3001/items/Weapon.js:220
[   18586ms] [LOG] [Weapon] applyToMesh: recoilAngle=0.1 swayX=0 swayY=0 time=2.798299999998884 baseRot=undefined,undefined,undefined @ http://localhost:3001/items/Weapon.js:220
[   18593ms] [LOG] [Weapon] applyToMesh: recoilAngle=0.1 swayX=0 swayY=0 time=2.805399999999443 baseRot=undefined,undefined,undefined @ http://localhost:3001/items/Weapon.js:220
[   18601ms] [LOG] [Weapon] applyToMesh: recoilAngle=0.1 swayX=0 swayY=0 time=2.812799999998884 baseRot=undefined,undefined,undefined @ http://localhost:3001/items/Weapon.js:220
[   18609ms] [LOG] [Weapon] applyToMesh: recoilAngle=0.1 swayX=0 swayY=0 time=2.820899999999443 baseRot=undefined,undefined,undefined @ http://localhost:3001/items/Weapon.js:220
[   18615ms] [LOG] [Weapon] applyToMesh: recoilAngle=0.1 swayX=0 swayY=0 time=2.827399999999443 baseRot=undefined,undefined,undefined @ http://localhost:3001/items/Weapon.js:220
[   18622ms] [LOG] [Weapon] applyToMesh: recoilAngle=0.1 swayX=0 swayY=0 time=2.8339999999990706 baseRot=undefined,undefined,undefined @ http://localhost:3001/items/Weapon.js:220
[   18628ms] [LOG] [Weapon] applyToMesh: recoilAngle=0.1 swayX=0 swayY=0 time=2.8404999999990705 baseRot=undefined,undefined,undefined @ http://localhost:3001/items/Weapon.js:220
[   18635ms] [LOG] [Weapon] applyToMesh: recoilAngle=0.1 swayX=0 swayY=0 time=2.847199999999257 baseRot=undefined,undefined,undefined @ http://localhost:3001/items/Weapon.js:220
[   18641ms] [LOG] [Weapon] applyToMesh: recoilAngle=0.1 swayX=0 swayY=0 time=2.8530999999996296 baseRot=undefined,undefined,undefined @ http://localhost:3001/items/Weapon.js:220
[   18648ms] [LOG] [Weapon] applyToMesh: recoilAngle=0.1 swayX=0 swayY=0 time=2.8603999999994434 baseRot=undefined,undefined,undefined @ http://localhost:3001/items/Weapon.js:220
[   18655ms] [LOG] [Weapon] applyToMesh: recoilAngle=0.1 swayX=0 swayY=0 time=2.8675999999996296 baseRot=undefined,undefined,undefined @ http://localhost:3001/items/Weapon.js:220
[   18662ms] [LOG] [Weapon] applyToMesh: recoilAngle=0.1 swayX=0 swayY=0 time=2.874399999999443 baseRot=undefined,undefined,undefined @ http://localhost:3001/items/Weapon.js:220
[   18669ms] [LOG] [Weapon] applyToMesh: recoilAngle=0.1 swayX=0 swayY=0 time=2.8814999999990705 baseRot=undefined,undefined,undefined @ http://localhost:3001/items/Weapon.js:220
[   18679ms] [LOG] [Weapon] applyToMesh: recoilAngle=0.1 swayX=0 swayY=0 time=2.890899999999443 baseRot=undefined,undefined,undefined @ http://localhost:3001/items/Weapon.js:220
[   18691ms] [LOG] [Weapon] applyToMesh: recoilAngle=0.1 swayX=0 swayY=0 time=2.902799999998884 baseRot=undefined,undefined,undefined @ http://localhost:3001/items/Weapon.js:220
[   18702ms] [LOG] [Weapon] applyToMesh: recoilAngle=0.1 swayX=0 swayY=0 time=2.9134999999990705 baseRot=undefined,undefined,undefined @ http://localhost:3001/items/Weapon.js:220
[   18715ms] [LOG] [Weapon] applyToMesh: recoilAngle=0.1 swayX=0 swayY=0 time=2.9269999999990706 baseRot=undefined,undefined,undefined @ http://localhost:3001/items/Weapon.js:220
[   18725ms] [LOG] [Weapon] applyToMesh: recoilAngle=0.1 swayX=0 swayY=0 time=2.9367999999988843 baseRot=undefined,undefined,undefined @ http://localhost:3001/items/Weapon.js:220
[   18736ms] [LOG] [Weapon] applyToMesh: recoilAngle=0.1 swayX=0 swayY=0 time=2.9477999999988844 baseRot=undefined,undefined,undefined @ http://localhost:3001/items/Weapon.js:220
[   18743ms] [LOG] [Weapon] applyToMesh: recoilAngle=0.1 swayX=0 swayY=0 time=2.954699999999257 baseRot=undefined,undefined,undefined @ http://localhost:3001/items/Weapon.js:220
[   18749ms] [LOG] [Weapon] applyToMesh: recoilAngle=0.1 swayX=0 swayY=0 time=2.9615999999996294 baseRot=undefined,undefined,undefined @ http://localhost:3001/items/Weapon.js:220
[   18759ms] [LOG] [Weapon] applyToMesh: recoilAngle=0.1 swayX=0 swayY=0 time=2.971399999999443 baseRot=undefined,undefined,undefined @ http://localhost:3001/items/Weapon.js:220
[   18768ms] [LOG] [Weapon] applyToMesh: recoilAngle=0.1 swayX=0 swayY=0 time=2.980399999999443 baseRot=undefined,undefined,undefined @ http://localhost:3001/items/Weapon.js:220
[   18779ms] [LOG] [Weapon] applyToMesh: recoilAngle=0.1 swayX=0 swayY=0 time=2.9910999999996295 baseRot=undefined,undefined,undefined @ http://localhost:3001/items/Weapon.js:220
[   18788ms] [LOG] [Weapon] applyToMesh: recoilAngle=0.1 swayX=0 swayY=0 time=3.000199999999257 baseRot=undefined,undefined,undefined @ http://localhost:3001/items/Weapon.js:220
[   18797ms] [LOG] [Weapon] applyToMesh: recoilAngle=0.1 swayX=0 swayY=0 time=3.009199999999257 baseRot=undefined,undefined,undefined @ http://localhost:3001/items/Weapon.js:220
[   18805ms] [LOG] [Weapon] applyToMesh: recoilAngle=0.1 swayX=0 swayY=0 time=3.0172999999988845 baseRot=undefined,undefined,undefined @ http://localhost:3001/items/Weapon.js:220
[   18814ms] [LOG] [Weapon] applyToMesh: recoilAngle=0.1 swayX=0 swayY=0 time=3.025699999999257 baseRot=undefined,undefined,undefined @ http://localhost:3001/items/Weapon.js:220
[   18821ms] [LOG] [Weapon] applyToMesh: recoilAngle=0.1 swayX=0 swayY=0 time=3.0324999999990707 baseRot=undefined,undefined,undefined @ http://localhost:3001/items/Weapon.js:220
[   18826ms] [LOG] [Weapon] applyToMesh: recoilAngle=0.1 swayX=0 swayY=0 time=3.037899999999443 baseRot=undefined,undefined,undefined @ http://localhost:3001/items/Weapon.js:220
[   18833ms] [LOG] [Weapon] applyToMesh: recoilAngle=0.1 swayX=0 swayY=0 time=3.0448999999994433 baseRot=undefined,undefined,undefined @ http://localhost:3001/items/Weapon.js:220
[   18840ms] [LOG] [Weapon] applyToMesh: recoilAngle=0.1 swayX=0 swayY=0 time=3.0517999999988845 baseRot=undefined,undefined,undefined @ http://localhost:3001/items/Weapon.js:220
[   18847ms] [LOG] [Weapon] applyToMesh: recoilAngle=0.1 swayX=0 swayY=0 time=3.058699999999257 baseRot=undefined,undefined,undefined @ http://localhost:3001/items/Weapon.js:220
[   18855ms] [LOG] [Weapon] applyToMesh: recoilAngle=0.1 swayX=0 swayY=0 time=3.0673999999994432 baseRot=undefined,undefined,undefined @ http://localhost:3001/items/Weapon.js:220
[   18861ms] [LOG] [Weapon] applyToMesh: recoilAngle=0.1 swayX=0 swayY=0 time=3.072999999999071 baseRot=undefined,undefined,undefined @ http://localhost:3001/items/Weapon.js:220
[   18868ms] [LOG] [Weapon] applyToMesh: recoilAngle=0.1 swayX=0 swayY=0 time=3.0795999999996297 baseRot=undefined,undefined,undefined @ http://localhost:3001/items/Weapon.js:220
[   18874ms] [LOG] [Weapon] applyToMesh: recoilAngle=0.1 swayX=0 swayY=0 time=3.086499999999071 baseRot=undefined,undefined,undefined @ http://localhost:3001/items/Weapon.js:220
[   18881ms] [LOG] [Weapon] applyToMesh: recoilAngle=0.1 swayX=0 swayY=0 time=3.0933999999994435 baseRot=undefined,undefined,undefined @ http://localhost:3001/items/Weapon.js:220
[   18889ms] [LOG] [Weapon] applyToMesh: recoilAngle=0.1 swayX=0 swayY=0 time=3.10109999999963 baseRot=undefined,undefined,undefined @ http://localhost:3001/items/Weapon.js:220
[   18898ms] [LOG] [Weapon] applyToMesh: recoilAngle=0.1 swayX=0 swayY=0 time=3.1093999999994435 baseRot=undefined,undefined,undefined @ http://localhost:3001/items/Weapon.js:220
[   18908ms] [LOG] [Weapon] applyToMesh: recoilAngle=0.1 swayX=0 swayY=0 time=3.120199999999257 baseRot=undefined,undefined,undefined @ http://localhost:3001/items/Weapon.js:220
[   18917ms] [LOG] [Weapon] applyToMesh: recoilAngle=0.1 swayX=0 swayY=0 time=3.1293999999994435 baseRot=undefined,undefined,undefined @ http://localhost:3001/items/Weapon.js:220
[   18927ms] [LOG] [Weapon] applyToMesh: recoilAngle=0.1 swayX=0 swayY=0 time=3.1390999999996296 baseRot=undefined,undefined,undefined @ http://localhost:3001/items/Weapon.js:220
[   18935ms] [LOG] [Weapon] applyToMesh: recoilAngle=0.1 swayX=0 swayY=0 time=3.1473999999994433 baseRot=undefined,undefined,undefined @ http://localhost:3001/items/Weapon.js:220
[   18941ms] [LOG] [Weapon] applyToMesh: recoilAngle=0.1 swayX=0 swayY=0 time=3.1534999999990707 baseRot=undefined,undefined,undefined @ http://localhost:3001/items/Weapon.js:220
[   18951ms] [LOG] [Weapon] applyToMesh: recoilAngle=0.1 swayX=0 swayY=0 time=3.1630999999996297 baseRot=undefined,undefined,undefined @ http://localhost:3001/items/Weapon.js:220
[   18960ms] [LOG] [Weapon] applyToMesh: recoilAngle=0.1 swayX=0 swayY=0 time=3.171499999999071 baseRot=undefined,undefined,undefined @ http://localhost:3001/items/Weapon.js:220
[   18967ms] [LOG] [Weapon] applyToMesh: recoilAngle=0.1 swayX=0 swayY=0 time=3.179299999998885 baseRot=undefined,undefined,undefined @ http://localhost:3001/items/Weapon.js:220
[   18974ms] [LOG] [Weapon] applyToMesh: recoilAngle=0.1 swayX=0 swayY=0 time=3.18559999999963 baseRot=undefined,undefined,undefined @ http://localhost:3001/items/Weapon.js:220
[   18983ms] [LOG] [Weapon] applyToMesh: recoilAngle=0.1 swayX=0 swayY=0 time=3.194799999998885 baseRot=undefined,undefined,undefined @ http://localhost:3001/items/Weapon.js:220
[   18990ms] [LOG] [Weapon] applyToMesh: recoilAngle=0.1 swayX=0 swayY=0 time=3.20159999999963 baseRot=undefined,undefined,undefined @ http://localhost:3001/items/Weapon.js:220
[   18996ms] [LOG] [Weapon] applyToMesh: recoilAngle=0.1 swayX=0 swayY=0 time=3.2081999999992576 baseRot=undefined,undefined,undefined @ http://localhost:3001/items/Weapon.js:220
[   19004ms] [LOG] [Weapon] applyToMesh: recoilAngle=0.1 swayX=0 swayY=0 time=3.2159999999990716 baseRot=undefined,undefined,undefined @ http://localhost:3001/items/Weapon.js:220
[   19010ms] [LOG] [Weapon] applyToMesh: recoilAngle=0.1 swayX=0 swayY=0 time=3.222399999999444 baseRot=undefined,undefined,undefined @ http://localhost:3001/items/Weapon.js:220
[   19016ms] [LOG] [Weapon] applyToMesh: recoilAngle=0.1 swayX=0 swayY=0 time=3.2284999999990713 baseRot=undefined,undefined,undefined @ http://localhost:3001/items/Weapon.js:220
[   19023ms] [LOG] [Weapon] applyToMesh: recoilAngle=0.1 swayX=0 swayY=0 time=3.2348999999994437 baseRot=undefined,undefined,undefined @ http://localhost:3001/items/Weapon.js:220
[   19031ms] [LOG] [Weapon] applyToMesh: recoilAngle=0.1 swayX=0 swayY=0 time=3.2429999999990713 baseRot=undefined,undefined,undefined @ http://localhost:3001/items/Weapon.js:220
[   19039ms] [LOG] [Weapon] applyToMesh: recoilAngle=0.1 swayX=0 swayY=0 time=3.2508999999994437 baseRot=undefined,undefined,undefined @ http://localhost:3001/items/Weapon.js:220
[   19046ms] [LOG] [Weapon] applyToMesh: recoilAngle=0.1 swayX=0 swayY=0 time=3.2576999999992573 baseRot=undefined,undefined,undefined @ http://localhost:3001/items/Weapon.js:220
[   19056ms] [LOG] [Weapon] applyToMesh: recoilAngle=0.1 swayX=0 swayY=0 time=3.2677999999988847 baseRot=undefined,undefined,undefined @ http://localhost:3001/items/Weapon.js:220
[   19062ms] [LOG] [Weapon] applyToMesh: recoilAngle=0.1 swayX=0 swayY=0 time=3.2745999999996296 baseRot=undefined,undefined,undefined @ http://localhost:3001/items/Weapon.js:220
[   19069ms] [LOG] [Weapon] applyToMesh: recoilAngle=0.1 swayX=0 swayY=0 time=3.2809999999990707 baseRot=undefined,undefined,undefined @ http://localhost:3001/items/Weapon.js:220
[   19076ms] [LOG] [Weapon] applyToMesh: recoilAngle=0.1 swayX=0 swayY=0 time=3.287899999999443 baseRot=undefined,undefined,undefined @ http://localhost:3001/items/Weapon.js:220
[   19085ms] [LOG] [Weapon] applyToMesh: recoilAngle=0.1 swayX=0 swayY=0 time=3.297399999999443 baseRot=undefined,undefined,undefined @ http://localhost:3001/items/Weapon.js:220
[   19092ms] [LOG] [Weapon] applyToMesh: recoilAngle=0.1 swayX=0 swayY=0 time=3.3043999999994433 baseRot=undefined,undefined,undefined @ http://localhost:3001/items/Weapon.js:220
[   19101ms] [LOG] [Weapon] applyToMesh: recoilAngle=0.1 swayX=0 swayY=0 time=3.3128999999994435 baseRot=undefined,undefined,undefined @ http://localhost:3001/items/Weapon.js:220
[   19107ms] [LOG] [Weapon] applyToMesh: recoilAngle=0.1 swayX=0 swayY=0 time=3.3186999999992572 baseRot=undefined,undefined,undefined @ http://localhost:3001/items/Weapon.js:220
[   19113ms] [LOG] [Weapon] applyToMesh: recoilAngle=0.1 swayX=0 swayY=0 time=3.325199999999257 baseRot=undefined,undefined,undefined @ http://localhost:3001/items/Weapon.js:220
[   19120ms] [LOG] [Weapon] applyToMesh: recoilAngle=0.1 swayX=0 swayY=0 time=3.332499999999071 baseRot=undefined,undefined,undefined @ http://localhost:3001/items/Weapon.js:220
[   19129ms] [LOG] [Weapon] applyToMesh: recoilAngle=0.1 swayX=0 swayY=0 time=3.3410999999996296 baseRot=undefined,undefined,undefined @ http://localhost:3001/items/Weapon.js:220
[   19136ms] [LOG] [Weapon] applyToMesh: recoilAngle=0.1 swayX=0 swayY=0 time=3.348199999999257 baseRot=undefined,undefined,undefined @ http://localhost:3001/items/Weapon.js:220
[   19142ms] [LOG] [Weapon] applyToMesh: recoilAngle=0.1 swayX=0 swayY=0 time=3.3540999999996295 baseRot=undefined,undefined,undefined @ http://localhost:3001/items/Weapon.js:220
[   19150ms] [LOG] [Weapon] applyToMesh: recoilAngle=0.1 swayX=0 swayY=0 time=3.362199999999257 baseRot=undefined,undefined,undefined @ http://localhost:3001/items/Weapon.js:220
[   19157ms] [LOG] [Weapon] applyToMesh: recoilAngle=0.1 swayX=0 swayY=0 time=3.3689999999990707 baseRot=undefined,undefined,undefined @ http://localhost:3001/items/Weapon.js:220
[   19164ms] [LOG] [Weapon] applyToMesh: recoilAngle=0.1 swayX=0 swayY=0 time=3.375699999999257 baseRot=undefined,undefined,undefined @ http://localhost:3001/items/Weapon.js:220
[   19171ms] [LOG] [Weapon] applyToMesh: recoilAngle=0.1 swayX=0 swayY=0 time=3.3832999999988846 baseRot=undefined,undefined,undefined @ http://localhost:3001/items/Weapon.js:220
[   19179ms] [LOG] [Weapon] applyToMesh: recoilAngle=0.1 swayX=0 swayY=0 time=3.3906999999992573 baseRot=undefined,undefined,undefined @ http://localhost:3001/items/Weapon.js:220
[   19187ms] [LOG] [Weapon] applyToMesh: recoilAngle=0.1 swayX=0 swayY=0 time=3.39909999999963 baseRot=undefined,undefined,undefined @ http://localhost:3001/items/Weapon.js:220
[   19194ms] [LOG] [Weapon] applyToMesh: recoilAngle=0.1 swayX=0 swayY=0 time=3.4063999999994437 baseRot=undefined,undefined,undefined @ http://localhost:3001/items/Weapon.js:220
[   19201ms] [LOG] [Weapon] applyToMesh: recoilAngle=0.1 swayX=0 swayY=0 time=3.4128999999994436 baseRot=undefined,undefined,undefined @ http://localhost:3001/items/Weapon.js:220
[   19208ms] [LOG] [Weapon] applyToMesh: recoilAngle=0.1 swayX=0 swayY=0 time=3.419999999999071 baseRot=undefined,undefined,undefined @ http://localhost:3001/items/Weapon.js:220
[   19215ms] [LOG] [Weapon] applyToMesh: recoilAngle=0.1 swayX=0 swayY=0 time=3.4268999999994434 baseRot=undefined,undefined,undefined @ http://localhost:3001/items/Weapon.js:220
[   19222ms] [LOG] [Weapon] applyToMesh: recoilAngle=0.1 swayX=0 swayY=0 time=3.4338999999994435 baseRot=undefined,undefined,undefined @ http://localhost:3001/items/Weapon.js:220
[   19230ms] [LOG] [Weapon] applyToMesh: recoilAngle=0.1 swayX=0 swayY=0 time=3.441999999999071 baseRot=undefined,undefined,undefined @ http://localhost:3001/items/Weapon.js:220
[   19236ms] [LOG] [Weapon] applyToMesh: recoilAngle=0.1 swayX=0 swayY=0 time=3.448499999999071 baseRot=undefined,undefined,undefined @ http://localhost:3001/items/Weapon.js:220
[   19246ms] [LOG] [Weapon] applyToMesh: recoilAngle=0.1 swayX=0 swayY=0 time=3.458199999999257 baseRot=undefined,undefined,undefined @ http://localhost:3001/items/Weapon.js:220
[   19255ms] [LOG] [Weapon] applyToMesh: recoilAngle=0.1 swayX=0 swayY=0 time=3.4672999999988847 baseRot=undefined,undefined,undefined @ http://localhost:3001/items/Weapon.js:220
[   19264ms] [LOG] [Weapon] applyToMesh: recoilAngle=0.1 swayX=0 swayY=0 time=3.475799999998885 baseRot=undefined,undefined,undefined @ http://localhost:3001/items/Weapon.js:220
[   19274ms] [LOG] [Weapon] applyToMesh: recoilAngle=0.1 swayX=0 swayY=0 time=3.485999999999071 baseRot=undefined,undefined,undefined @ http://localhost:3001/items/Weapon.js:220
[   19285ms] [LOG] [Weapon] applyToMesh: recoilAngle=0.1 swayX=0 swayY=0 time=3.49709999999963 baseRot=undefined,undefined,undefined @ http://localhost:3001/items/Weapon.js:220
[   19295ms] [LOG] [Weapon] applyToMesh: recoilAngle=0.1 swayX=0 swayY=0 time=3.507299999998885 baseRot=undefined,undefined,undefined @ http://localhost:3001/items/Weapon.js:220
[   19303ms] [LOG] [Weapon] applyToMesh: recoilAngle=0.1 swayX=0 swayY=0 time=3.514899999999444 baseRot=undefined,undefined,undefined @ http://localhost:3001/items/Weapon.js:220
[   19309ms] [LOG] [Weapon] applyToMesh: recoilAngle=0.1 swayX=0 swayY=0 time=3.5209999999990713 baseRot=undefined,undefined,undefined @ http://localhost:3001/items/Weapon.js:220
[   19316ms] [LOG] [Weapon] applyToMesh: recoilAngle=0.1 swayX=0 swayY=0 time=3.52759999999963 baseRot=undefined,undefined,undefined @ http://localhost:3001/items/Weapon.js:220
[   19322ms] [LOG] [Weapon] applyToMesh: recoilAngle=0.1 swayX=0 swayY=0 time=3.5341999999992577 baseRot=undefined,undefined,undefined @ http://localhost:3001/items/Weapon.js:220
[   19328ms] [LOG] [Weapon] applyToMesh: recoilAngle=0.1 swayX=0 swayY=0 time=3.5399999999990714 baseRot=undefined,undefined,undefined @ http://localhost:3001/items/Weapon.js:220
[   19335ms] [LOG] [Weapon] applyToMesh: recoilAngle=0.1 swayX=0 swayY=0 time=3.546899999999444 baseRot=undefined,undefined,undefined @ http://localhost:3001/items/Weapon.js:220
[   19341ms] [LOG] [Weapon] applyToMesh: recoilAngle=0.1 swayX=0 swayY=0 time=3.553399999999444 baseRot=undefined,undefined,undefined @ http://localhost:3001/items/Weapon.js:220
[   19348ms] [LOG] [Weapon] applyToMesh: recoilAngle=0.1 swayX=0 swayY=0 time=3.5593999999994437 baseRot=undefined,undefined,undefined @ http://localhost:3001/items/Weapon.js:220
[   19354ms] [LOG] [Weapon] applyToMesh: recoilAngle=0.1 swayX=0 swayY=0 time=3.5656999999992576 baseRot=undefined,undefined,undefined @ http://localhost:3001/items/Weapon.js:220
[   19362ms] [LOG] [Weapon] applyToMesh: recoilAngle=0.1 swayX=0 swayY=0 time=3.5741999999992577 baseRot=undefined,undefined,undefined @ http://localhost:3001/items/Weapon.js:220
[   19370ms] [LOG] [Weapon] applyToMesh: recoilAngle=0.1 swayX=0 swayY=0 time=3.5821999999992578 baseRot=undefined,undefined,undefined @ http://localhost:3001/items/Weapon.js:220
[   19379ms] [LOG] [Weapon] applyToMesh: recoilAngle=0.1 swayX=0 swayY=0 time=3.590799999998885 baseRot=undefined,undefined,undefined @ http://localhost:3001/items/Weapon.js:220
[   19386ms] [LOG] [Weapon] applyToMesh: recoilAngle=0.1 swayX=0 swayY=0 time=3.598399999999444 baseRot=undefined,undefined,undefined @ http://localhost:3001/items/Weapon.js:220
[   19393ms] [LOG] [Weapon] applyToMesh: recoilAngle=0.1 swayX=0 swayY=0 time=3.605499999999071 baseRot=undefined,undefined,undefined @ http://localhost:3001/items/Weapon.js:220
[   19399ms] [LOG] [Weapon] applyToMesh: recoilAngle=0.1 swayX=0 swayY=0 time=3.611299999998885 baseRot=undefined,undefined,undefined @ http://localhost:3001/items/Weapon.js:220
[   19406ms] [LOG] [Weapon] applyToMesh: recoilAngle=0.1 swayX=0 swayY=0 time=3.6179999999990713 baseRot=undefined,undefined,undefined @ http://localhost:3001/items/Weapon.js:220
[   19414ms] [LOG] [Weapon] applyToMesh: recoilAngle=0.1 swayX=0 swayY=0 time=3.62559999999963 baseRot=undefined,undefined,undefined @ http://localhost:3001/items/Weapon.js:220
[   19422ms] [LOG] [Weapon] applyToMesh: recoilAngle=0.1 swayX=0 swayY=0 time=3.633499999999071 baseRot=undefined,undefined,undefined @ http://localhost:3001/items/Weapon.js:220
[   19431ms] [LOG] [Weapon] applyToMesh: recoilAngle=0.1 swayX=0 swayY=0 time=3.6428999999994436 baseRot=undefined,undefined,undefined @ http://localhost:3001/items/Weapon.js:220
[   19439ms] [LOG] [Weapon] applyToMesh: recoilAngle=0.1 swayX=0 swayY=0 time=3.6513999999994438 baseRot=undefined,undefined,undefined @ http://localhost:3001/items/Weapon.js:220
[   19449ms] [LOG] [Weapon] applyToMesh: recoilAngle=0.1 swayX=0 swayY=0 time=3.6611999999992575 baseRot=undefined,undefined,undefined @ http://localhost:3001/items/Weapon.js:220
[   19460ms] [LOG] [Weapon] applyToMesh: recoilAngle=0.1 swayX=0 swayY=0 time=3.67159999999963 baseRot=undefined,undefined,undefined @ http://localhost:3001/items/Weapon.js:220
[   19469ms] [LOG] [Weapon] applyToMesh: recoilAngle=0.1 swayX=0 swayY=0 time=3.6805999999996297 baseRot=undefined,undefined,undefined @ http://localhost:3001/items/Weapon.js:220
[   19478ms] [LOG] [Weapon] applyToMesh: recoilAngle=0.1 swayX=0 swayY=0 time=3.6896999999992572 baseRot=undefined,undefined,undefined @ http://localhost:3001/items/Weapon.js:220
[   19489ms] [LOG] [Weapon] applyToMesh: recoilAngle=0.1 swayX=0 swayY=0 time=3.700499999999071 baseRot=undefined,undefined,undefined @ http://localhost:3001/items/Weapon.js:220
[   19499ms] [LOG] [Weapon] applyToMesh: recoilAngle=0.1 swayX=0 swayY=0 time=3.7105999999996295 baseRot=undefined,undefined,undefined @ http://localhost:3001/items/Weapon.js:220
[   19509ms] [LOG] [Weapon] applyToMesh: recoilAngle=0.1 swayX=0 swayY=0 time=3.7210999999996295 baseRot=undefined,undefined,undefined @ http://localhost:3001/items/Weapon.js:220
[   19519ms] [LOG] [Weapon] applyToMesh: recoilAngle=0.1 swayX=0 swayY=0 time=3.7305999999996295 baseRot=undefined,undefined,undefined @ http://localhost:3001/items/Weapon.js:220
[   19528ms] [LOG] [Weapon] applyToMesh: recoilAngle=0.1 swayX=0 swayY=0 time=3.7403999999994433 baseRot=undefined,undefined,undefined @ http://localhost:3001/items/Weapon.js:220
[   19538ms] [LOG] [Weapon] applyToMesh: recoilAngle=0.1 swayX=0 swayY=0 time=3.7498999999994433 baseRot=undefined,undefined,undefined @ http://localhost:3001/items/Weapon.js:220
[   19549ms] [LOG] [Weapon] applyToMesh: recoilAngle=0.1 swayX=0 swayY=0 time=3.7608999999994435 baseRot=undefined,undefined,undefined @ http://localhost:3001/items/Weapon.js:220
[   19558ms] [LOG] [Weapon] applyToMesh: recoilAngle=0.1 swayX=0 swayY=0 time=3.769499999999071 baseRot=undefined,undefined,undefined @ http://localhost:3001/items/Weapon.js:220
[   19566ms] [LOG] [Weapon] applyToMesh: recoilAngle=0.1 swayX=0 swayY=0 time=3.778199999999257 baseRot=undefined,undefined,undefined @ http://localhost:3001/items/Weapon.js:220
[   19575ms] [LOG] [Weapon] applyToMesh: recoilAngle=0.1 swayX=0 swayY=0 time=3.7864999999990707 baseRot=undefined,undefined,undefined @ http://localhost:3001/items/Weapon.js:220
[   19584ms] [LOG] [Weapon] applyToMesh: recoilAngle=0.1 swayX=0 swayY=0 time=3.7957999999988843 baseRot=undefined,undefined,undefined @ http://localhost:3001/items/Weapon.js:220
[   19594ms] [LOG] [Weapon] applyToMesh: recoilAngle=0.1 swayX=0 swayY=0 time=3.8062999999988842 baseRot=undefined,undefined,undefined @ http://localhost:3001/items/Weapon.js:220
[   19605ms] [LOG] [Weapon] applyToMesh: recoilAngle=0.1 swayX=0 swayY=0 time=3.8166999999992566 baseRot=undefined,undefined,undefined @ http://localhost:3001/items/Weapon.js:220
[   19613ms] [LOG] [Weapon] applyToMesh: recoilAngle=0.1 swayX=0 swayY=0 time=3.824799999998884 baseRot=undefined,undefined,undefined @ http://localhost:3001/items/Weapon.js:220
[   19619ms] [LOG] [Weapon] applyToMesh: recoilAngle=0.1 swayX=0 swayY=0 time=3.831299999998884 baseRot=undefined,undefined,undefined @ http://localhost:3001/items/Weapon.js:220
[   19626ms] [LOG] [Weapon] applyToMesh: recoilAngle=0.1 swayX=0 swayY=0 time=3.837899999999443 baseRot=undefined,undefined,undefined @ http://localhost:3001/items/Weapon.js:220
[   19632ms] [LOG] [Weapon] applyToMesh: recoilAngle=0.1 swayX=0 swayY=0 time=3.8439999999990704 baseRot=undefined,undefined,undefined @ http://localhost:3001/items/Weapon.js:220
[   19639ms] [LOG] [Weapon] applyToMesh: recoilAngle=0.1 swayX=0 swayY=0 time=3.850799999998884 baseRot=undefined,undefined,undefined @ http://localhost:3001/items/Weapon.js:220
[   19645ms] [LOG] [Weapon] applyToMesh: recoilAngle=0.1 swayX=0 swayY=0 time=3.857399999999443 baseRot=undefined,undefined,undefined @ http://localhost:3001/items/Weapon.js:220
[   19653ms] [LOG] [Weapon] applyToMesh: recoilAngle=0.1 swayX=0 swayY=0 time=3.865599999999629 baseRot=undefined,undefined,undefined @ http://localhost:3001/items/Weapon.js:220
[   19660ms] [LOG] [Weapon] applyToMesh: recoilAngle=0.1 swayX=0 swayY=0 time=3.8715999999996287 baseRot=undefined,undefined,undefined @ http://localhost:3001/items/Weapon.js:220
[   19667ms] [LOG] [Weapon] applyToMesh: recoilAngle=0.1 swayX=0 swayY=0 time=3.8787999999988836 baseRot=undefined,undefined,undefined @ http://localhost:3001/items/Weapon.js:220
[   19673ms] [LOG] [Weapon] applyToMesh: recoilAngle=0.1 swayX=0 swayY=0 time=3.885199999999256 baseRot=undefined,undefined,undefined @ http://localhost:3001/items/Weapon.js:220
[   19683ms] [LOG] [Weapon] applyToMesh: recoilAngle=0.1 swayX=0 swayY=0 time=3.894899999999442 baseRot=undefined,undefined,undefined @ http://localhost:3001/items/Weapon.js:220
[   19691ms] [LOG] [Weapon] applyToMesh: recoilAngle=0.1 swayX=0 swayY=0 time=3.9032999999988833 baseRot=undefined,undefined,undefined @ http://localhost:3001/items/Weapon.js:220
[   19698ms] [LOG] [Weapon] applyToMesh: recoilAngle=0.1 swayX=0 swayY=0 time=3.9095999999996285 baseRot=undefined,undefined,undefined @ http://localhost:3001/items/Weapon.js:220
[   19704ms] [LOG] [Weapon] applyToMesh: recoilAngle=0.1 swayX=0 swayY=0 time=3.9157999999988835 baseRot=undefined,undefined,undefined @ http://localhost:3001/items/Weapon.js:220
[   19711ms] [LOG] [Weapon] applyToMesh: recoilAngle=0.1 swayX=0 swayY=0 time=3.92249999999907 baseRot=undefined,undefined,undefined @ http://localhost:3001/items/Weapon.js:220
[   19718ms] [LOG] [Weapon] applyToMesh: recoilAngle=0.1 swayX=0 swayY=0 time=3.92999999999907 baseRot=undefined,undefined,undefined @ http://localhost:3001/items/Weapon.js:220
[   19725ms] [LOG] [Player] viewWeapon pos=0.25,-0.34,-0.80 rot=NaN,NaN,NaN visible=true fpArmsPos=0.00,0.00,0.00 @ http://localhost:3001/entities/Player.js:737
[   19725ms] [LOG] [Weapon] applyToMesh: recoilAngle=0.1 swayX=0 swayY=0 time=3.93699999999907 baseRot=undefined,undefined,undefined @ http://localhost:3001/items/Weapon.js:220
[   19732ms] [LOG] [Weapon] applyToMesh: recoilAngle=0.1 swayX=0 swayY=0 time=3.9435999999996287 baseRot=undefined,undefined,undefined @ http://localhost:3001/items/Weapon.js:220
[   19739ms] [LOG] [Weapon] applyToMesh: recoilAngle=0.1 swayX=0 swayY=0 time=3.9508999999994425 baseRot=undefined,undefined,undefined @ http://localhost:3001/items/Weapon.js:220
[   19745ms] [LOG] [Weapon] applyToMesh: recoilAngle=0.1 swayX=0 swayY=0 time=3.95649999999907 baseRot=undefined,undefined,undefined @ http://localhost:3001/items/Weapon.js:220
[   19751ms] [LOG] [Weapon] applyToMesh: recoilAngle=0.1 swayX=0 swayY=0 time=3.962599999999629 baseRot=undefined,undefined,undefined @ http://localhost:3001/items/Weapon.js:220
[   19758ms] [LOG] [Weapon] applyToMesh: recoilAngle=0.1 swayX=0 swayY=0 time=3.9700999999996287 baseRot=undefined,undefined,undefined @ http://localhost:3001/items/Weapon.js:220
[   19764ms] [LOG] [Weapon] applyToMesh: recoilAngle=0.1 swayX=0 swayY=0 time=3.9763999999994426 baseRot=undefined,undefined,undefined @ http://localhost:3001/items/Weapon.js:220
[   19770ms] [LOG] [Weapon] applyToMesh: recoilAngle=0.1 swayX=0 swayY=0 time=3.9823999999994424 baseRot=undefined,undefined,undefined @ http://localhost:3001/items/Weapon.js:220
[   19777ms] [LOG] [Weapon] applyToMesh: recoilAngle=0.1 swayX=0 swayY=0 time=3.989199999999256 baseRot=undefined,undefined,undefined @ http://localhost:3001/items/Weapon.js:220
[   19784ms] [LOG] [Weapon] applyToMesh: recoilAngle=0.1 swayX=0 swayY=0 time=3.996199999999256 baseRot=undefined,undefined,undefined @ http://localhost:3001/items/Weapon.js:220
[   19791ms] [LOG] [Weapon] applyToMesh: recoilAngle=0.1 swayX=0 swayY=0 time=4.003299999998884 baseRot=undefined,undefined,undefined @ http://localhost:3001/items/Weapon.js:220
[   19801ms] [LOG] [Weapon] applyToMesh: recoilAngle=0.1 swayX=0 swayY=0 time=4.012599999999629 baseRot=undefined,undefined,undefined @ http://localhost:3001/items/Weapon.js:220
[   19806ms] [LOG] [Weapon] applyToMesh: recoilAngle=0.1 swayX=0 swayY=0 time=4.018599999999629 baseRot=undefined,undefined,undefined @ http://localhost:3001/items/Weapon.js:220
[   19812ms] [LOG] [Weapon] applyToMesh: recoilAngle=0.1 swayX=0 swayY=0 time=4.024199999999256 baseRot=undefined,undefined,undefined @ http://localhost:3001/items/Weapon.js:220
[   19819ms] [LOG] [Weapon] applyToMesh: recoilAngle=0.1 swayX=0 swayY=0 time=4.030899999999442 baseRot=undefined,undefined,undefined @ http://localhost:3001/items/Weapon.js:220
[   19826ms] [LOG] [Weapon] applyToMesh: recoilAngle=0.1 swayX=0 swayY=0 time=4.0379999999990694 baseRot=undefined,undefined,undefined @ http://localhost:3001/items/Weapon.js:220
[   19833ms] [LOG] [Weapon] applyToMesh: recoilAngle=0.1 swayX=0 swayY=0 time=4.044899999999442 baseRot=undefined,undefined,undefined @ http://localhost:3001/items/Weapon.js:220
[   19840ms] [LOG] [Weapon] applyToMesh: recoilAngle=0.1 swayX=0 swayY=0 time=4.051799999998884 baseRot=undefined,undefined,undefined @ http://localhost:3001/items/Weapon.js:220
[   19847ms] [LOG] [Weapon] applyToMesh: recoilAngle=0.1 swayX=0 swayY=0 time=4.058799999998883 baseRot=undefined,undefined,undefined @ http://localhost:3001/items/Weapon.js:220
[   19854ms] [LOG] [Weapon] applyToMesh: recoilAngle=0.1 swayX=0 swayY=0 time=4.065699999999256 baseRot=undefined,undefined,undefined @ http://localhost:3001/items/Weapon.js:220
[   19861ms] [LOG] [Weapon] applyToMesh: recoilAngle=0.1 swayX=0 swayY=0 time=4.072599999999629 baseRot=undefined,undefined,undefined @ http://localhost:3001/items/Weapon.js:220
[   19867ms] [LOG] [Weapon] applyToMesh: recoilAngle=0.1 swayX=0 swayY=0 time=4.079599999999629 baseRot=undefined,undefined,undefined @ http://localhost:3001/items/Weapon.js:220
[   19874ms] [LOG] [Weapon] applyToMesh: recoilAngle=0.1 swayX=0 swayY=0 time=4.08649999999907 baseRot=undefined,undefined,undefined @ http://localhost:3001/items/Weapon.js:220
[   19881ms] [LOG] [Weapon] applyToMesh: recoilAngle=0.1 swayX=0 swayY=0 time=4.09349999999907 baseRot=undefined,undefined,undefined @ http://localhost:3001/items/Weapon.js:220
[   19888ms] [LOG] [Weapon] applyToMesh: recoilAngle=0.1 swayX=0 swayY=0 time=4.1004999999990694 baseRot=undefined,undefined,undefined @ http://localhost:3001/items/Weapon.js:220
[   19895ms] [LOG] [Weapon] applyToMesh: recoilAngle=0.1 swayX=0 swayY=0 time=4.107399999999442 baseRot=undefined,undefined,undefined @ http://localhost:3001/items/Weapon.js:220
[   19902ms] [LOG] [Weapon] applyToMesh: recoilAngle=0.1 swayX=0 swayY=0 time=4.114399999999442 baseRot=undefined,undefined,undefined @ http://localhost:3001/items/Weapon.js:220
[   19909ms] [LOG] [Weapon] applyToMesh: recoilAngle=0.1 swayX=0 swayY=0 time=4.121399999999442 baseRot=undefined,undefined,undefined @ http://localhost:3001/items/Weapon.js:220
[   19916ms] [LOG] [Weapon] applyToMesh: recoilAngle=0.1 swayX=0 swayY=0 time=4.128199999999255 baseRot=undefined,undefined,undefined @ http://localhost:3001/items/Weapon.js:220
[   19923ms] [LOG] [Weapon] applyToMesh: recoilAngle=0.1 swayX=0 swayY=0 time=4.135099999999628 baseRot=undefined,undefined,undefined @ http://localhost:3001/items/Weapon.js:220
[   19930ms] [LOG] [Weapon] applyToMesh: recoilAngle=0.1 swayX=0 swayY=0 time=4.1419999999990695 baseRot=undefined,undefined,undefined @ http://localhost:3001/items/Weapon.js:220
[   19937ms] [LOG] [Weapon] applyToMesh: recoilAngle=0.1 swayX=0 swayY=0 time=4.1490999999996285 baseRot=undefined,undefined,undefined @ http://localhost:3001/items/Weapon.js:220
[   19944ms] [LOG] [Weapon] applyToMesh: recoilAngle=0.1 swayX=0 swayY=0 time=4.15599999999907 baseRot=undefined,undefined,undefined @ http://localhost:3001/items/Weapon.js:220
[   19951ms] [LOG] [Weapon] applyToMesh: recoilAngle=0.1 swayX=0 swayY=0 time=4.1629999999990694 baseRot=undefined,undefined,undefined @ http://localhost:3001/items/Weapon.js:220
[   19958ms] [LOG] [Weapon] applyToMesh: recoilAngle=0.1 swayX=0 swayY=0 time=4.169999999999069 baseRot=undefined,undefined,undefined @ http://localhost:3001/items/Weapon.js:220
[   19965ms] [LOG] [Weapon] applyToMesh: recoilAngle=0.1 swayX=0 swayY=0 time=4.176899999999442 baseRot=undefined,undefined,undefined @ http://localhost:3001/items/Weapon.js:220
[   19972ms] [LOG] [Weapon] applyToMesh: recoilAngle=0.1 swayX=0 swayY=0 time=4.184099999999629 baseRot=undefined,undefined,undefined @ http://localhost:3001/items/Weapon.js:220
[   19980ms] [LOG] [Weapon] applyToMesh: recoilAngle=0.1 swayX=0 swayY=0 time=4.191799999998883 baseRot=undefined,undefined,undefined @ http://localhost:3001/items/Weapon.js:220
[   19986ms] [LOG] [Weapon] applyToMesh: recoilAngle=0.1 swayX=0 swayY=0 time=4.1977999999988835 baseRot=undefined,undefined,undefined @ http://localhost:3001/items/Weapon.js:220
[   19993ms] [LOG] [Weapon] applyToMesh: recoilAngle=0.1 swayX=0 swayY=0 time=4.204599999999629 baseRot=undefined,undefined,undefined @ http://localhost:3001/items/Weapon.js:220
[   20000ms] [LOG] [Weapon] applyToMesh: recoilAngle=0.1 swayX=0 swayY=0 time=4.211799999998884 baseRot=undefined,undefined,undefined @ http://localhost:3001/items/Weapon.js:220
[   20007ms] [LOG] [Weapon] applyToMesh: recoilAngle=0.1 swayX=0 swayY=0 time=4.21849999999907 baseRot=undefined,undefined,undefined @ http://localhost:3001/items/Weapon.js:220
[   20014ms] [LOG] [Weapon] applyToMesh: recoilAngle=0.1 swayX=0 swayY=0 time=4.225799999998883 baseRot=undefined,undefined,undefined @ http://localhost:3001/items/Weapon.js:220
[   20020ms] [LOG] [Weapon] applyToMesh: recoilAngle=0.1 swayX=0 swayY=0 time=4.232499999999069 baseRot=undefined,undefined,undefined @ http://localhost:3001/items/Weapon.js:220
[   20027ms] [LOG] [Weapon] applyToMesh: recoilAngle=0.1 swayX=0 swayY=0 time=4.239299999998883 baseRot=undefined,undefined,undefined @ http://localhost:3001/items/Weapon.js:220
[   20034ms] [LOG] [Weapon] applyToMesh: recoilAngle=0.1 swayX=0 swayY=0 time=4.246299999998882 baseRot=undefined,undefined,undefined @ http://localhost:3001/items/Weapon.js:220
[   20041ms] [LOG] [Weapon] applyToMesh: recoilAngle=0.1 swayX=0 swayY=0 time=4.253399999999441 baseRot=undefined,undefined,undefined @ http://localhost:3001/items/Weapon.js:220
[   20048ms] [LOG] [Weapon] applyToMesh: recoilAngle=0.1 swayX=0 swayY=0 time=4.260199999999255 baseRot=undefined,undefined,undefined @ http://localhost:3001/items/Weapon.js:220
[   20055ms] [LOG] [Weapon] applyToMesh: recoilAngle=0.1 swayX=0 swayY=0 time=4.267099999999628 baseRot=undefined,undefined,undefined @ http://localhost:3001/items/Weapon.js:220
[   20062ms] [LOG] [Weapon] applyToMesh: recoilAngle=0.1 swayX=0 swayY=0 time=4.274199999999255 baseRot=undefined,undefined,undefined @ http://localhost:3001/items/Weapon.js:220
[   20069ms] [LOG] [Weapon] applyToMesh: recoilAngle=0.1 swayX=0 swayY=0 time=4.281099999999628 baseRot=undefined,undefined,undefined @ http://localhost:3001/items/Weapon.js:220
[   20076ms] [LOG] [Weapon] applyToMesh: recoilAngle=0.1 swayX=0 swayY=0 time=4.287899999999442 baseRot=undefined,undefined,undefined @ http://localhost:3001/items/Weapon.js:220
[   20083ms] [LOG] [Weapon] applyToMesh: recoilAngle=0.1 swayX=0 swayY=0 time=4.294999999999069 baseRot=undefined,undefined,undefined @ http://localhost:3001/items/Weapon.js:220
[   20090ms] [LOG] [Weapon] applyToMesh: recoilAngle=0.1 swayX=0 swayY=0 time=4.301799999998883 baseRot=undefined,undefined,undefined @ http://localhost:3001/items/Weapon.js:220
[   20097ms] [LOG] [Weapon] applyToMesh: recoilAngle=0.1 swayX=0 swayY=0 time=4.308799999998882 baseRot=undefined,undefined,undefined @ http://localhost:3001/items/Weapon.js:220
[   20104ms] [LOG] [Weapon] applyToMesh: recoilAngle=0.1 swayX=0 swayY=0 time=4.315799999998882 baseRot=undefined,undefined,undefined @ http://localhost:3001/items/Weapon.js:220
[   20111ms] [LOG] [Weapon] applyToMesh: recoilAngle=0.1 swayX=0 swayY=0 time=4.322799999998882 baseRot=undefined,undefined,undefined @ http://localhost:3001/items/Weapon.js:220
[   20117ms] [LOG] [Weapon] applyToMesh: recoilAngle=0.1 swayX=0 swayY=0 time=4.329599999999627 baseRot=undefined,undefined,undefined @ http://localhost:3001/items/Weapon.js:220
[   20124ms] [LOG] [Weapon] applyToMesh: recoilAngle=0.1 swayX=0 swayY=0 time=4.336499999999068 baseRot=undefined,undefined,undefined @ http://localhost:3001/items/Weapon.js:220
[   20131ms] [LOG] [Weapon] applyToMesh: recoilAngle=0.1 swayX=0 swayY=0 time=4.343499999999068 baseRot=undefined,undefined,undefined @ http://localhost:3001/items/Weapon.js:220
[   20138ms] [LOG] [Weapon] applyToMesh: recoilAngle=0.1 swayX=0 swayY=0 time=4.350399999999441 baseRot=undefined,undefined,undefined @ http://localhost:3001/items/Weapon.js:220
[   20145ms] [LOG] [Weapon] applyToMesh: recoilAngle=0.1 swayX=0 swayY=0 time=4.357499999999068 baseRot=undefined,undefined,undefined @ http://localhost:3001/items/Weapon.js:220
[   20152ms] [LOG] [Weapon] applyToMesh: recoilAngle=0.1 swayX=0 swayY=0 time=4.364299999998882 baseRot=undefined,undefined,undefined @ http://localhost:3001/items/Weapon.js:220
[   20159ms] [LOG] [Weapon] applyToMesh: recoilAngle=0.1 swayX=0 swayY=0 time=4.3712999999988815 baseRot=undefined,undefined,undefined @ http://localhost:3001/items/Weapon.js:220
[   20166ms] [LOG] [Weapon] applyToMesh: recoilAngle=0.1 swayX=0 swayY=0 time=4.378299999998881 baseRot=undefined,undefined,undefined @ http://localhost:3001/items/Weapon.js:220
[   20173ms] [LOG] [Weapon] applyToMesh: recoilAngle=0.1 swayX=0 swayY=0 time=4.38539999999944 baseRot=undefined,undefined,undefined @ http://localhost:3001/items/Weapon.js:220
[   20180ms] [LOG] [Weapon] applyToMesh: recoilAngle=0.1 swayX=0 swayY=0 time=4.392299999998881 baseRot=undefined,undefined,undefined @ http://localhost:3001/items/Weapon.js:220
[   20187ms] [LOG] [Weapon] applyToMesh: recoilAngle=0.1 swayX=0 swayY=0 time=4.399299999998881 baseRot=undefined,undefined,undefined @ http://localhost:3001/items/Weapon.js:220
[   20194ms] [LOG] [Weapon] applyToMesh: recoilAngle=0.1 swayX=0 swayY=0 time=4.406099999999626 baseRot=undefined,undefined,undefined @ http://localhost:3001/items/Weapon.js:220
[   20201ms] [LOG] [Weapon] applyToMesh: recoilAngle=0.1 swayX=0 swayY=0 time=4.412999999999068 baseRot=undefined,undefined,undefined @ http://localhost:3001/items/Weapon.js:220
[   20208ms] [LOG] [Weapon] applyToMesh: recoilAngle=0.1 swayX=0 swayY=0 time=4.419899999999441 baseRot=undefined,undefined,undefined @ http://localhost:3001/items/Weapon.js:220
[   20215ms] [LOG] [Weapon] applyToMesh: recoilAngle=0.1 swayX=0 swayY=0 time=4.427199999999254 baseRot=undefined,undefined,undefined @ http://localhost:3001/items/Weapon.js:220
[   20222ms] [LOG] [Weapon] applyToMesh: recoilAngle=0.1 swayX=0 swayY=0 time=4.4337999999988815 baseRot=undefined,undefined,undefined @ http://localhost:3001/items/Weapon.js:220
[   20228ms] [LOG] [Cam] pointerlockchange isLocked=false @ http://localhost:3001/core/CameraController.js:47
