[     190ms] [LOG] [initGame] START, isMobile: false @ http://localhost:8095/main.js?v=20240101:293
[     190ms] [LOG] [initGame] creating scene... @ http://localhost:8095/main.js?v=20240101:296
[     190ms] [LOG] [initGame] scene created: true @ http://localhost:8095/main.js?v=20240101:298
[     315ms] [LOG] [NodePad] Pad 0: pos=(46.00, 0.00) data=(46.00, 0.00) @ http://localhost:8095/world/MapGeneratorNode.js?v=1783108959290:369
[     315ms] [LOG] [NodePad] Pad 1: pos=(45.91, -2.89) data=(45.91, -2.89) @ http://localhost:8095/world/MapGeneratorNode.js?v=1783108959290:369
[     321ms] [LOG] [MapGenSync] Synced 100 pads from node, first=(46.0, 0.0) second=(45.9, -2.9) @ http://localhost:8095/world/MapGenerator.js:648
[     441ms] [LOG] [MapGenerator] Before filter: 100 pads, first: (46.0, 0.0) @ http://localhost:8095/world/MapGenerator.js:5200
[     442ms] [LOG] [MapGenerator] After filter: 100 pads, first: (46.0, 0.0) second: (45.9, -2.9) @ http://localhost:8095/world/MapGenerator.js:5236
[     448ms] [LOG] [InstancedMesh] Collected 1905 candidate meshes @ http://localhost:8095/world/InstancedMeshSystem.js:24
[     449ms] [LOG] [InstancedMesh] Skipped: noMapGen=0, culled=0, aniInt=275, noGeoKey=0, matKey=0 @ http://localhost:8095/world/InstancedMeshSystem.js:25
[     471ms] [LOG] [InstancedMesh] Groups: 514, Replaced: 1557, Skipped(<2): 348 @ http://localhost:8095/world/InstancedMeshSystem.js:104
[     471ms] [LOG] [MapGenerator] InstancedMesh: 1557 meshes merged into 166 InstancedMesh (total before: 1130, after: 958) @ http://localhost:8095/world/MapGenerator.js:178
[     493ms] [LOG] [LootManager] generateChestsAsync: floorTiles=100, spots=40, chestCount=120 @ http://localhost:8095/items/LootManager.js:259
[     670ms] [LOG] [SpawnDebug] Total pads=100 BotPads=99 First=(46.0, 0.0) Second=(45.9, -2.9) Last=(45.9, 2.9) @ http://localhost:8095/main.js?v=20240101:654
[     670ms] [LOG] [SpawnDebug] Bot 0: pad=(45.91, -2.89) spawn=(45.91, -2.89) distFromCenter=46.00 @ http://localhost:8095/main.js?v=20240101:666
[     674ms] [LOG] [SpawnDebug] Bot 1: pad=(45.64, -5.77) spawn=(45.64, -5.77) distFromCenter=46.00 @ http://localhost:8095/main.js?v=20240101:666
[     674ms] [LOG] [SpawnDebug] Bot 2: pad=(45.19, -8.62) spawn=(45.19, -8.62) distFromCenter=46.00 @ http://localhost:8095/main.js?v=20240101:666
[     707ms] [LOG] [initGame] done: true true true @ http://localhost:8095/main.js?v=20240101:598
[     718ms] [LOG] [LootManager] floorTiles path: created 39 chests @ http://localhost:8095/items/LootManager.js:301
[     719ms] [LOG] [LootManager] random fallback path, chestCount=120 @ http://localhost:8095/items/LootManager.js:310
[    1015ms] [LOG] [LootManager] random fallback: created 120 chests @ http://localhost:8095/items/LootManager.js:338
[    1016ms] [LOG] [LootManager] Generated 120 chests @ http://localhost:8095/items/LootManager.js:46
[    3399ms] [ERROR] Failed to load resource: net::ERR_CONNECTION_REFUSED @ http://localhost:8095/favicon.ico:0
[    3609ms] [LOG] [CameraController] playerPos=46.00,4.04,0.00 targetY=4.19 camPos=46.00,4.19,0.00 @ http://localhost:8095/core/CameraController.js:240
[    5783ms] [LOG] [CameraController] playerPos=46.00,4.04,0.00 targetY=4.19 camPos=46.00,4.19,0.00 @ http://localhost:8095/core/CameraController.js:240
[    8241ms] [LOG] [CameraController] playerPos=46.00,4.04,0.00 targetY=4.19 camPos=46.00,4.19,0.00 @ http://localhost:8095/core/CameraController.js:240
[   10547ms] [LOG] [CameraController] playerPos=46.00,4.04,0.00 targetY=4.19 camPos=46.00,4.19,0.00 @ http://localhost:8095/core/CameraController.js:240
[   12672ms] [LOG] [CameraController] playerPos=46.00,4.04,0.00 targetY=4.19 camPos=46.00,4.19,0.00 @ http://localhost:8095/core/CameraController.js:240
[   15318ms] [WARNING] Failed to execute 'requestFullscreen' on 'Element': API can only be initiated by a user gesture. @ http://localhost:8095/:0
[   15527ms] [LOG] [CameraController] playerPos=46.00,4.04,0.00 targetY=4.19 camPos=46.00,4.19,0.00 @ http://localhost:8095/core/CameraController.js:240
[   17642ms] [ERROR] Failed to load resource: net::ERR_CONNECTION_REFUSED @ http://localhost:8095/assets/audio/rpg/doorClose_2.ogg:0
[   17643ms] [ERROR] Failed to load resource: net::ERR_CONNECTION_REFUSED @ http://localhost:8095/assets/audio/rpg/doorClose_3.ogg:0
[   17643ms] [ERROR] Failed to load resource: net::ERR_CONNECTION_REFUSED @ http://localhost:8095/assets/audio/rpg/doorClose_4.ogg:0
[   17643ms] [ERROR] Failed to load resource: net::ERR_CONNECTION_REFUSED @ http://localhost:8095/assets/audio/rpg/footstep00.ogg:0
[   17643ms] [ERROR] Failed to load resource: net::ERR_CONNECTION_REFUSED @ http://localhost:8095/assets/audio/rpg/footstep01.ogg:0
[   17643ms] [ERROR] Failed to load resource: net::ERR_CONNECTION_REFUSED @ http://localhost:8095/assets/audio/rpg/footstep02.ogg:0
[   17809ms] [LOG] [CameraController] playerPos=46.00,4.04,0.00 targetY=4.19 camPos=46.00,4.19,0.00 @ http://localhost:8095/core/CameraController.js:240
[   20007ms] [ERROR] Failed to load resource: net::ERR_CONNECTION_REFUSED @ http://localhost:8095/assets/audio/rpg/footstep03.ogg:0
[   20007ms] [ERROR] Failed to load resource: net::ERR_CONNECTION_REFUSED @ http://localhost:8095/assets/audio/rpg/footstep04.ogg:0
[   20007ms] [ERROR] Failed to load resource: net::ERR_CONNECTION_REFUSED @ http://localhost:8095/assets/audio/rpg/footstep05.ogg:0
[   20007ms] [ERROR] Failed to load resource: net::ERR_CONNECTION_REFUSED @ http://localhost:8095/assets/audio/rpg/footstep06.ogg:0
[   20008ms] [ERROR] Failed to load resource: net::ERR_CONNECTION_REFUSED @ http://localhost:8095/assets/audio/rpg/footstep07.ogg:0
[   20008ms] [ERROR] Failed to load resource: net::ERR_CONNECTION_REFUSED @ http://localhost:8095/assets/audio/rpg/footstep08.ogg:0
[   20087ms] [LOG] [CameraController] playerPos=46.00,4.04,0.00 targetY=4.19 camPos=46.00,4.19,0.00 @ http://localhost:8095/core/CameraController.js:240
[   22258ms] [LOG] [CameraController] playerPos=46.00,4.04,0.00 targetY=4.19 camPos=46.00,4.19,0.00 @ http://localhost:8095/core/CameraController.js:240
[   22349ms] [ERROR] Failed to load resource: net::ERR_CONNECTION_REFUSED @ http://localhost:8095/assets/audio/rpg/footstep09.ogg:0
[   22349ms] [ERROR] Failed to load resource: net::ERR_CONNECTION_REFUSED @ http://localhost:8095/assets/audio/rpg/knifeSlice.ogg:0
[   22369ms] [ERROR] Failed to load resource: net::ERR_CONNECTION_REFUSED @ http://localhost:8095/assets/audio/rpg/knifeSlice2.ogg:0
[   22369ms] [ERROR] Failed to load resource: net::ERR_CONNECTION_REFUSED @ http://localhost:8095/assets/audio/rpg/chop.ogg:0
[   22369ms] [ERROR] Failed to load resource: net::ERR_CONNECTION_REFUSED @ http://localhost:8095/assets/audio/rpg/cloth3.ogg:0
[   22369ms] [ERROR] Failed to load resource: net::ERR_CONNECTION_REFUSED @ http://localhost:8095/assets/audio/rpg/cloth4.ogg:0
[   24394ms] [LOG] [CameraController] playerPos=46.00,4.04,0.00 targetY=4.19 camPos=46.00,4.19,0.00 @ http://localhost:8095/core/CameraController.js:240
[   24718ms] [ERROR] Failed to load resource: net::ERR_CONNECTION_REFUSED @ http://localhost:8095/assets/audio/rpg/clothBelt.ogg:0
[   24719ms] [ERROR] Failed to load resource: net::ERR_CONNECTION_REFUSED @ http://localhost:8095/assets/audio/rpg/clothBelt2.ogg:0
[   24719ms] [ERROR] Failed to load resource: net::ERR_CONNECTION_REFUSED @ http://localhost:8095/assets/audio/zombies/zombie-1.wav:0
[   24719ms] [ERROR] Failed to load resource: net::ERR_CONNECTION_REFUSED @ http://localhost:8095/assets/audio/zombies/zombie-2.wav:0
[   24719ms] [ERROR] Failed to load resource: net::ERR_CONNECTION_REFUSED @ http://localhost:8095/assets/audio/zombies/zombie-3.wav:0
[   24719ms] [ERROR] Failed to load resource: net::ERR_CONNECTION_REFUSED @ http://localhost:8095/assets/audio/zombies/zombie-4.wav:0
[   26657ms] [LOG] [CameraController] playerPos=46.00,4.04,0.00 targetY=4.19 camPos=46.00,4.19,0.00 @ http://localhost:8095/core/CameraController.js:240
[   27054ms] [ERROR] Failed to load resource: net::ERR_CONNECTION_REFUSED @ http://localhost:8095/assets/audio/zombies/zombie-5.wav:0
[   27054ms] [ERROR] Failed to load resource: net::ERR_CONNECTION_REFUSED @ http://localhost:8095/assets/audio/zombies/zombie-6.wav:0
[   27070ms] [ERROR] Failed to load resource: net::ERR_CONNECTION_REFUSED @ http://localhost:8095/assets/audio/zombies/zombie-7.wav:0
[   27070ms] [ERROR] Failed to load resource: net::ERR_CONNECTION_REFUSED @ http://localhost:8095/assets/audio/zombies/zombie-8.wav:0
[   27070ms] [ERROR] Failed to load resource: net::ERR_CONNECTION_REFUSED @ http://localhost:8095/assets/audio/zombies/zombie-9.wav:0
[   27070ms] [ERROR] Failed to load resource: net::ERR_CONNECTION_REFUSED @ http://localhost:8095/assets/audio/zombies/zombie-10.wav:0
[   28759ms] [LOG] [CameraController] playerPos=46.00,4.04,0.00 targetY=4.19 camPos=46.00,4.19,0.00 @ http://localhost:8095/core/CameraController.js:240
[   29414ms] [ERROR] Failed to load resource: net::ERR_CONNECTION_REFUSED @ http://localhost:8095/assets/audio/zombies/zombie-11.wav:0
[   29414ms] [ERROR] Failed to load resource: net::ERR_CONNECTION_REFUSED @ http://localhost:8095/assets/audio/zombies/zombie-12.wav:0
[   29435ms] [ERROR] Failed to load resource: net::ERR_CONNECTION_REFUSED @ http://localhost:8095/assets/audio/zombies/zombie-13.wav:0
[   29435ms] [ERROR] Failed to load resource: net::ERR_CONNECTION_REFUSED @ http://localhost:8095/assets/audio/zombies/zombie-14.wav:0
[   29435ms] [ERROR] Failed to load resource: net::ERR_CONNECTION_REFUSED @ http://localhost:8095/assets/audio/zombies/zombie-15.wav:0
[   29435ms] [ERROR] Failed to load resource: net::ERR_CONNECTION_REFUSED @ http://localhost:8095/assets/audio/zombies/zombie-16.wav:0
[   31218ms] [LOG] [CameraController] playerPos=46.00,3.89,0.00 targetY=4.04 camPos=46.00,4.05,0.00 @ http://localhost:8095/core/CameraController.js:240
[   31784ms] [ERROR] Failed to load resource: net::ERR_CONNECTION_REFUSED @ http://localhost:8095/assets/audio/zombies/zombie-17.wav:0
[   31784ms] [ERROR] Failed to load resource: net::ERR_CONNECTION_REFUSED @ http://localhost:8095/assets/audio/zombies/zombie-18.wav:0
[   31799ms] [ERROR] Failed to load resource: net::ERR_CONNECTION_REFUSED @ http://localhost:8095/assets/audio/zombies/zombie-19.wav:0
[   31799ms] [ERROR] Failed to load resource: net::ERR_CONNECTION_REFUSED @ http://localhost:8095/assets/audio/zombies/zombie-20.wav:0
[   31799ms] [ERROR] Failed to load resource: net::ERR_CONNECTION_REFUSED @ http://localhost:8095/assets/audio/zombies/zombie-21.wav:0
[   31799ms] [ERROR] Failed to load resource: net::ERR_CONNECTION_REFUSED @ http://localhost:8095/assets/audio/zombies/zombie-22.wav:0
[   33462ms] [LOG] [CameraController] playerPos=46.00,3.89,0.00 targetY=4.04 camPos=46.00,4.05,0.00 @ http://localhost:8095/core/CameraController.js:240
[   34148ms] [ERROR] Failed to load resource: net::ERR_CONNECTION_REFUSED @ http://localhost:8095/assets/audio/zombies/zombie-23.wav:0
[   34148ms] [ERROR] Failed to load resource: net::ERR_CONNECTION_REFUSED @ http://localhost:8095/assets/audio/zombies/zombie-24.wav:0
[   34162ms] [ERROR] Failed to load resource: net::ERR_CONNECTION_REFUSED @ http://localhost:8095/assets/audio/weapons/bow_shot.wav:0
[   34162ms] [ERROR] Failed to load resource: net::ERR_CONNECTION_REFUSED @ http://localhost:8095/assets/audio/weapons/laser_shot.wav:0
[   34162ms] [ERROR] Failed to load resource: net::ERR_CONNECTION_REFUSED @ http://localhost:8095/assets/audio/weapons/machinegun_ppsh_a.wav:0
[   34162ms] [ERROR] Failed to load resource: net::ERR_CONNECTION_REFUSED @ http://localhost:8095/assets/audio/weapons/machinegun_ppsh_b.wav:0
[   35560ms] [LOG] [CameraController] playerPos=46.00,3.89,0.00 targetY=4.04 camPos=46.00,4.05,0.00 @ http://localhost:8095/core/CameraController.js:240
[   36495ms] [ERROR] Failed to load resource: net::ERR_CONNECTION_REFUSED @ http://localhost:8095/assets/audio/weapons/shotgun_model12_a.wav:0
[   36509ms] [ERROR] Failed to load resource: net::ERR_CONNECTION_REFUSED @ http://localhost:8095/assets/audio/weapons/pistol_1911_a.wav:0
[   36523ms] [ERROR] Failed to load resource: net::ERR_CONNECTION_REFUSED @ http://localhost:8095/assets/audio/weapons/rifle_ar15_a.wav:0
[   36523ms] [ERROR] Failed to load resource: net::ERR_CONNECTION_REFUSED @ http://localhost:8095/assets/audio/weapons/flamethrower_fire.ogg:0
[   36523ms] [ERROR] Failed to load resource: net::ERR_CONNECTION_REFUSED @ http://localhost:8095/assets/audio/rpg/metalLatch.ogg:0
[   36523ms] [ERROR] Failed to load resource: net::ERR_CONNECTION_REFUSED @ http://localhost:8095/assets/audio/rpg/drawKnife3.ogg:0
[   37906ms] [LOG] [CameraController] playerPos=46.00,3.89,0.00 targetY=4.04 camPos=46.00,4.05,0.00 @ http://localhost:8095/core/CameraController.js:240
[   38842ms] [ERROR] Failed to load resource: net::ERR_CONNECTION_REFUSED @ http://localhost:8095/assets/audio/rpg/handleCoins2.ogg:0
[   38981ms] [ERROR] Failed to load resource: net::ERR_CONNECTION_REFUSED @ http://localhost:8095/assets/audio/weapons/shotgun_shotty.wav:0
[   38981ms] [ERROR] Failed to load resource: net::ERR_CONNECTION_REFUSED @ http://localhost:8095/assets/audio/rpg/metalClick.ogg:0
[   38981ms] [ERROR] Failed to load resource: net::ERR_CONNECTION_REFUSED @ http://localhost:8095/assets/audio/rpg/bookClose.ogg:0
[   38981ms] [ERROR] Failed to load resource: net::ERR_CONNECTION_REFUSED @ http://localhost:8095/assets/audio/rpg/cloth2.ogg:0
[   38981ms] [ERROR] Failed to load resource: net::ERR_CONNECTION_REFUSED @ http://localhost:8095/assets/audio/rpg/cloth1.ogg:0
[   40504ms] [LOG] [CameraController] playerPos=46.00,3.89,0.00 targetY=4.04 camPos=46.00,4.05,0.00 @ http://localhost:8095/core/CameraController.js:240
[   41209ms] [ERROR] Failed to load resource: net::ERR_CONNECTION_REFUSED @ http://localhost:8095/assets/audio/rpg/bookOpen.ogg:0
[   41223ms] [ERROR] Failed to load resource: net::ERR_CONNECTION_REFUSED @ http://localhost:8095/assets/audio/rpg/handleCoins.ogg:0
[   41237ms] [ERROR] Failed to load resource: net::ERR_CONNECTION_REFUSED @ http://localhost:8095/assets/audio/rpg/metalPot1.ogg:0
[   41237ms] [ERROR] Failed to load resource: net::ERR_CONNECTION_REFUSED @ http://localhost:8095/assets/audio/rpg/metalPot2.ogg:0
[   41238ms] [ERROR] Failed to load resource: net::ERR_CONNECTION_REFUSED @ http://localhost:8095/assets/audio/rpg/metalPot3.ogg:0
[   41251ms] [ERROR] Failed to load resource: net::ERR_CONNECTION_REFUSED @ http://localhost:8095/assets/audio/weather_rain.ogg:0
[   42588ms] [LOG] [CameraController] playerPos=46.00,3.89,0.00 targetY=4.04 camPos=46.00,4.05,0.00 @ http://localhost:8095/core/CameraController.js:240
[   43551ms] [ERROR] Failed to load resource: net::ERR_CONNECTION_REFUSED @ http://localhost:8095/favicon.ico:0
[   44685ms] [LOG] [CameraController] playerPos=46.00,3.89,0.00 targetY=4.04 camPos=46.00,4.05,0.00 @ http://localhost:8095/core/CameraController.js:240
[   46824ms] [LOG] [CameraController] playerPos=46.00,3.89,0.00 targetY=4.04 camPos=46.00,4.05,0.00 @ http://localhost:8095/core/CameraController.js:240
[   48927ms] [LOG] [CameraController] playerPos=46.00,3.89,0.00 targetY=4.04 camPos=46.00,4.05,0.00 @ http://localhost:8095/core/CameraController.js:240
[   51068ms] [LOG] [CameraController] playerPos=46.00,3.89,0.00 targetY=4.04 camPos=46.00,4.05,0.00 @ http://localhost:8095/core/CameraController.js:240
[   53403ms] [LOG] [CameraController] playerPos=46.00,3.89,0.00 targetY=4.04 camPos=46.00,4.05,0.00 @ http://localhost:8095/core/CameraController.js:240
[   55643ms] [LOG] [CameraController] playerPos=46.00,3.89,0.00 targetY=4.04 camPos=46.00,4.05,0.00 @ http://localhost:8095/core/CameraController.js:240
[   57949ms] [LOG] [CameraController] playerPos=46.00,3.89,0.00 targetY=4.04 camPos=46.00,4.05,0.00 @ http://localhost:8095/core/CameraController.js:240
[   60385ms] [LOG] [CameraController] playerPos=46.00,3.89,0.00 targetY=4.04 camPos=46.00,4.05,0.00 @ http://localhost:8095/core/CameraController.js:240
