[     121ms] [LOG] [initGame] START, isMobile: false @ http://localhost:8095/main.js?v=20240101:293
[     121ms] [LOG] [initGame] creating scene... @ http://localhost:8095/main.js?v=20240101:296
[     121ms] [LOG] [initGame] scene created: true @ http://localhost:8095/main.js?v=20240101:298
[     168ms] [LOG] [NodePad] Pad 0: pos=(46.00, 0.00) data=(46.00, 0.00) @ http://localhost:8095/world/MapGeneratorNode.js?v=1783108959290:369
[     168ms] [LOG] [NodePad] Pad 1: pos=(45.91, -2.89) data=(45.91, -2.89) @ http://localhost:8095/world/MapGeneratorNode.js?v=1783108959290:369
[     174ms] [LOG] [MapGenSync] Synced 100 pads from node, first=(46.0, 0.0) second=(45.9, -2.9) @ http://localhost:8095/world/MapGenerator.js:648
[     279ms] [LOG] [MapGenerator] Before filter: 100 pads, first: (46.0, 0.0) @ http://localhost:8095/world/MapGenerator.js:5200
[     280ms] [LOG] [MapGenerator] After filter: 100 pads, first: (46.0, 0.0) second: (45.9, -2.9) @ http://localhost:8095/world/MapGenerator.js:5236
[     285ms] [LOG] [InstancedMesh] Collected 1905 candidate meshes @ http://localhost:8095/world/InstancedMeshSystem.js:24
[     285ms] [LOG] [InstancedMesh] Skipped: noMapGen=0, culled=0, aniInt=275, noGeoKey=0, matKey=0 @ http://localhost:8095/world/InstancedMeshSystem.js:25
[     311ms] [LOG] [InstancedMesh] Groups: 514, Replaced: 1557, Skipped(<2): 348 @ http://localhost:8095/world/InstancedMeshSystem.js:104
[     311ms] [LOG] [MapGenerator] InstancedMesh: 1557 meshes merged into 166 InstancedMesh (total before: 1130, after: 958) @ http://localhost:8095/world/MapGenerator.js:178
[     330ms] [LOG] [LootManager] generateChestsAsync: floorTiles=100, spots=40, chestCount=120 @ http://localhost:8095/items/LootManager.js:259
[     480ms] [LOG] [SpawnDebug] Total pads=100 BotPads=99 First=(46.0, 0.0) Second=(45.9, -2.9) Last=(45.9, 2.9) @ http://localhost:8095/main.js?v=20240101:655
[     480ms] [LOG] [SpawnDebug] Bot 0: pad=(45.91, -2.89) spawn=(45.91, -2.89) distFromCenter=46.00 @ http://localhost:8095/main.js?v=20240101:667
[     482ms] [LOG] [SpawnDebug] Bot 1: pad=(45.64, -5.77) spawn=(45.64, -5.77) distFromCenter=46.00 @ http://localhost:8095/main.js?v=20240101:667
[     483ms] [LOG] [SpawnDebug] Bot 2: pad=(45.19, -8.62) spawn=(45.19, -8.62) distFromCenter=46.00 @ http://localhost:8095/main.js?v=20240101:667
[     510ms] [LOG] [initGame] done: true true true @ http://localhost:8095/main.js?v=20240101:599
[     520ms] [LOG] [LootManager] floorTiles path: created 39 chests @ http://localhost:8095/items/LootManager.js:301
[     521ms] [LOG] [LootManager] random fallback path, chestCount=120 @ http://localhost:8095/items/LootManager.js:310
[     785ms] [LOG] [LootManager] random fallback: created 120 chests @ http://localhost:8095/items/LootManager.js:338
[     786ms] [LOG] [LootManager] Generated 120 chests @ http://localhost:8095/items/LootManager.js:46
[     817ms] [ERROR] Failed to load resource: the server responded with a status of 404 (Not Found) @ http://localhost:8095/favicon.ico:0
[    3144ms] [LOG] [CameraController] playerPos=46.00,4.04,0.00 targetY=4.19 camPos=46.00,4.19,0.00 @ http://localhost:8095/core/CameraController.js:240
[    5498ms] [LOG] [CameraController] playerPos=46.00,4.04,0.00 targetY=4.19 camPos=46.00,4.19,0.00 @ http://localhost:8095/core/CameraController.js:240
[    7926ms] [LOG] [CameraController] playerPos=46.00,4.04,0.00 targetY=4.19 camPos=46.00,4.19,0.00 @ http://localhost:8095/core/CameraController.js:240
[   10526ms] [LOG] [CameraController] playerPos=46.00,4.04,0.00 targetY=4.19 camPos=46.00,4.19,0.00 @ http://localhost:8095/core/CameraController.js:240
[   12947ms] [LOG] [CameraController] playerPos=46.00,4.04,0.00 targetY=4.19 camPos=46.00,4.19,0.00 @ http://localhost:8095/core/CameraController.js:240
[   15119ms] [LOG] [CameraController] playerPos=46.00,4.04,0.00 targetY=4.19 camPos=46.00,4.19,0.00 @ http://localhost:8095/core/CameraController.js:240
[   17661ms] [LOG] [CameraController] playerPos=46.00,4.04,0.00 targetY=4.19 camPos=46.00,4.19,0.00 @ http://localhost:8095/core/CameraController.js:240
[   18686ms] [WARNING] Failed to execute 'requestFullscreen' on 'Element': API can only be initiated by a user gesture. @ http://localhost:8095/:0
[   18934ms] [ERROR] Failed to load resource: the server responded with a status of 404 (Not Found) @ http://localhost:8095/favicon.ico:0
[   20736ms] [LOG] [CameraController] playerPos=46.00,4.04,0.00 targetY=4.19 camPos=46.00,4.19,0.00 @ http://localhost:8095/core/CameraController.js:240
[   23240ms] [LOG] [CameraController] playerPos=46.00,4.04,0.00 targetY=4.19 camPos=46.00,4.19,0.00 @ http://localhost:8095/core/CameraController.js:240
[   25429ms] [LOG] [CameraController] playerPos=46.00,4.04,0.00 targetY=4.19 camPos=46.00,4.19,0.00 @ http://localhost:8095/core/CameraController.js:240
[   27563ms] [LOG] [CameraController] playerPos=46.00,4.04,0.00 targetY=4.19 camPos=46.00,4.19,0.00 @ http://localhost:8095/core/CameraController.js:240
[   29922ms] [LOG] [CameraController] playerPos=46.00,4.04,0.00 targetY=4.19 camPos=46.00,4.19,0.00 @ http://localhost:8095/core/CameraController.js:240
[   32265ms] [LOG] [CameraController] playerPos=46.00,4.04,0.00 targetY=4.19 camPos=46.00,4.19,0.00 @ http://localhost:8095/core/CameraController.js:240
[   34836ms] [LOG] [CameraController] playerPos=46.00,3.89,0.00 targetY=4.04 camPos=46.00,4.05,0.00 @ http://localhost:8095/core/CameraController.js:240
[   37055ms] [LOG] [CameraController] playerPos=46.00,3.89,0.00 targetY=4.04 camPos=46.00,4.05,0.00 @ http://localhost:8095/core/CameraController.js:240
[   39178ms] [LOG] [CameraController] playerPos=46.00,3.89,0.00 targetY=4.04 camPos=46.00,4.05,0.00 @ http://localhost:8095/core/CameraController.js:240
[   42101ms] [LOG] [CameraController] playerPos=46.00,3.89,0.00 targetY=4.04 camPos=46.00,4.05,0.00 @ http://localhost:8095/core/CameraController.js:240
[   44489ms] [LOG] [CameraController] playerPos=46.00,3.89,0.00 targetY=4.04 camPos=46.00,4.05,0.00 @ http://localhost:8095/core/CameraController.js:240
[   46803ms] [LOG] [CameraController] playerPos=46.00,3.89,0.00 targetY=4.04 camPos=46.00,4.05,0.00 @ http://localhost:8095/core/CameraController.js:240
[   48893ms] [LOG] [CameraController] playerPos=46.00,3.89,0.00 targetY=4.04 camPos=46.00,4.05,0.00 @ http://localhost:8095/core/CameraController.js:240
[   51173ms] [LOG] [CameraController] playerPos=46.00,3.89,0.00 targetY=4.04 camPos=46.00,4.05,0.00 @ http://localhost:8095/core/CameraController.js:240
[   53755ms] [LOG] [CameraController] playerPos=46.00,3.89,0.00 targetY=4.04 camPos=46.00,4.05,0.00 @ http://localhost:8095/core/CameraController.js:240
[   56195ms] [LOG] [CameraController] playerPos=46.00,3.89,0.00 targetY=4.04 camPos=46.00,4.05,0.00 @ http://localhost:8095/core/CameraController.js:240
[   58472ms] [LOG] [CameraController] playerPos=46.00,3.89,0.00 targetY=4.04 camPos=46.00,4.05,0.00 @ http://localhost:8095/core/CameraController.js:240
[   60648ms] [LOG] [CameraController] playerPos=46.00,3.89,0.00 targetY=4.04 camPos=46.00,4.05,0.00 @ http://localhost:8095/core/CameraController.js:240
[   63166ms] [LOG] [CameraController] playerPos=46.00,3.89,0.00 targetY=4.04 camPos=46.00,4.05,0.00 @ http://localhost:8095/core/CameraController.js:240
[   65681ms] [LOG] [Perf] frames=8100 draws=649 tris=72422 geos=454 mats=16 @ http://localhost:8095/main.js?v=20240101:2839
[   65682ms] [LOG] [CameraController] playerPos=46.00,3.89,0.00 targetY=4.04 camPos=46.00,4.05,0.00 @ http://localhost:8095/core/CameraController.js:240
[   67983ms] [LOG] [Perf] frames=8400 draws=632 tris=74002 geos=508 mats=16 @ http://localhost:8095/main.js?v=20240101:2839
[   67985ms] [LOG] [CameraController] playerPos=46.00,3.89,0.00 targetY=4.04 camPos=46.00,4.05,0.00 @ http://localhost:8095/core/CameraController.js:240
[   70216ms] [LOG] [Perf] frames=8700 draws=635 tris=74102 geos=508 mats=16 @ http://localhost:8095/main.js?v=20240101:2839
[   70217ms] [LOG] [CameraController] playerPos=46.00,3.89,0.00 targetY=4.04 camPos=46.00,4.05,0.00 @ http://localhost:8095/core/CameraController.js:240
[   72407ms] [LOG] [Perf] frames=9000 draws=648 tris=74366 geos=530 mats=16 @ http://localhost:8095/main.js?v=20240101:2839
[   72409ms] [LOG] [CameraController] playerPos=46.00,3.89,0.00 targetY=4.04 camPos=46.00,4.05,0.00 @ http://localhost:8095/core/CameraController.js:240
[   74581ms] [LOG] [Perf] frames=9300 draws=638 tris=74346 geos=530 mats=16 @ http://localhost:8095/main.js?v=20240101:2839
[   74583ms] [LOG] [CameraController] playerPos=46.00,3.89,0.00 targetY=4.04 camPos=46.00,4.05,0.00 @ http://localhost:8095/core/CameraController.js:240
[   76801ms] [LOG] [Perf] frames=9600 draws=642 tris=74526 geos=530 mats=16 @ http://localhost:8095/main.js?v=20240101:2839
[   76802ms] [LOG] [CameraController] playerPos=46.00,3.89,0.00 targetY=4.04 camPos=46.00,4.05,0.00 @ http://localhost:8095/core/CameraController.js:240
[   79386ms] [LOG] [Perf] frames=9900 draws=650 tris=74542 geos=530 mats=16 @ http://localhost:8095/main.js?v=20240101:2839
[   79387ms] [LOG] [CameraController] playerPos=46.00,3.89,0.00 targetY=4.04 camPos=46.00,4.05,0.00 @ http://localhost:8095/core/CameraController.js:240
[   81522ms] [LOG] [Perf] frames=10200 draws=650 tris=74542 geos=530 mats=16 @ http://localhost:8095/main.js?v=20240101:2839
[   81524ms] [LOG] [CameraController] playerPos=46.00,3.89,0.00 targetY=4.04 camPos=46.00,4.05,0.00 @ http://localhost:8095/core/CameraController.js:240
[   83706ms] [LOG] [Perf] frames=10500 draws=646 tris=74658 geos=530 mats=16 @ http://localhost:8095/main.js?v=20240101:2839
[   83708ms] [LOG] [CameraController] playerPos=46.00,3.89,0.00 targetY=4.04 camPos=46.00,4.05,0.00 @ http://localhost:8095/core/CameraController.js:240
[   86071ms] [LOG] [Perf] frames=10800 draws=646 tris=74610 geos=530 mats=16 @ http://localhost:8095/main.js?v=20240101:2839
[   86072ms] [LOG] [CameraController] playerPos=46.00,3.89,0.00 targetY=4.04 camPos=46.00,4.05,0.00 @ http://localhost:8095/core/CameraController.js:240
[   88552ms] [LOG] [Perf] frames=11100 draws=656 tris=74634 geos=530 mats=16 @ http://localhost:8095/main.js?v=20240101:2839
[   88553ms] [LOG] [CameraController] playerPos=46.00,3.89,0.00 targetY=4.04 camPos=46.00,4.05,0.00 @ http://localhost:8095/core/CameraController.js:240
[   91108ms] [LOG] [Perf] frames=11400 draws=650 tris=74550 geos=530 mats=16 @ http://localhost:8095/main.js?v=20240101:2839
[   91110ms] [LOG] [CameraController] playerPos=46.00,3.89,0.00 targetY=4.04 camPos=46.00,4.05,0.00 @ http://localhost:8095/core/CameraController.js:240
[   93245ms] [LOG] [Perf] frames=11700 draws=650 tris=74502 geos=530 mats=16 @ http://localhost:8095/main.js?v=20240101:2839
[   93247ms] [LOG] [CameraController] playerPos=46.00,3.89,0.00 targetY=4.04 camPos=46.00,4.05,0.00 @ http://localhost:8095/core/CameraController.js:240
[   94185ms] [LOG] [Gate] Cycle: open=true timer=0 @ http://localhost:8095/main.js?v=20240101:1702
[   95663ms] [LOG] [Perf] frames=12000 draws=658 tris=74350 geos=530 mats=16 @ http://localhost:8095/main.js?v=20240101:2839
[   95665ms] [LOG] [CameraController] playerPos=46.00,3.89,0.00 targetY=4.04 camPos=46.00,4.05,0.00 @ http://localhost:8095/core/CameraController.js:240
[   97983ms] [LOG] [Perf] frames=12300 draws=650 tris=74286 geos=530 mats=16 @ http://localhost:8095/main.js?v=20240101:2839
[   97984ms] [LOG] [CameraController] playerPos=46.00,3.89,0.00 targetY=4.04 camPos=46.00,4.05,0.00 @ http://localhost:8095/core/CameraController.js:240
[  100391ms] [LOG] [Perf] frames=12600 draws=676 tris=74884 geos=530 mats=16 @ http://localhost:8095/main.js?v=20240101:2839
[  100394ms] [LOG] [CameraController] playerPos=46.00,3.89,0.00 targetY=4.04 camPos=46.00,4.05,0.00 @ http://localhost:8095/core/CameraController.js:240
[  102870ms] [LOG] [Perf] frames=12900 draws=675 tris=71744 geos=530 mats=16 @ http://localhost:8095/main.js?v=20240101:2839
[  102871ms] [LOG] [CameraController] playerPos=46.00,3.89,0.00 targetY=4.04 camPos=46.00,4.05,0.00 @ http://localhost:8095/core/CameraController.js:240
[  104964ms] [LOG] [Perf] frames=13200 draws=670 tris=72806 geos=530 mats=16 @ http://localhost:8095/main.js?v=20240101:2839
[  104965ms] [LOG] [CameraController] playerPos=46.00,3.89,0.00 targetY=4.04 camPos=46.00,4.05,0.00 @ http://localhost:8095/core/CameraController.js:240
[  107368ms] [LOG] [Perf] frames=13500 draws=676 tris=72438 geos=530 mats=16 @ http://localhost:8095/main.js?v=20240101:2839
[  107370ms] [LOG] [CameraController] playerPos=46.00,3.89,0.00 targetY=4.04 camPos=46.00,4.05,0.00 @ http://localhost:8095/core/CameraController.js:240
[  109720ms] [LOG] [Perf] frames=13800 draws=715 tris=74838 geos=618 mats=16 @ http://localhost:8095/main.js?v=20240101:2839
[  109721ms] [LOG] [CameraController] playerPos=46.00,3.89,0.00 targetY=4.04 camPos=46.00,4.05,0.00 @ http://localhost:8095/core/CameraController.js:240
[  112334ms] [LOG] [Perf] frames=14100 draws=701 tris=74236 geos=631 mats=16 @ http://localhost:8095/main.js?v=20240101:2839
[  112336ms] [LOG] [CameraController] playerPos=46.00,3.89,0.00 targetY=4.04 camPos=46.00,4.05,0.00 @ http://localhost:8095/core/CameraController.js:240
[  114574ms] [LOG] [Perf] frames=14400 draws=672 tris=72662 geos=631 mats=16 @ http://localhost:8095/main.js?v=20240101:2839
[  114575ms] [LOG] [CameraController] playerPos=46.00,3.89,0.00 targetY=4.04 camPos=46.00,4.05,0.00 @ http://localhost:8095/core/CameraController.js:240
[  116680ms] [LOG] [Perf] frames=14700 draws=694 tris=73942 geos=631 mats=16 @ http://localhost:8095/main.js?v=20240101:2839
[  116682ms] [LOG] [CameraController] playerPos=46.00,3.89,0.00 targetY=4.04 camPos=46.00,4.05,0.00 @ http://localhost:8095/core/CameraController.js:240
[  119204ms] [LOG] [Perf] frames=15000 draws=653 tris=72174 geos=635 mats=16 @ http://localhost:8095/main.js?v=20240101:2839
[  119206ms] [LOG] [CameraController] playerPos=46.00,3.89,0.00 targetY=4.04 camPos=46.00,4.05,0.00 @ http://localhost:8095/core/CameraController.js:240
[  121841ms] [LOG] [Perf] frames=15300 draws=663 tris=72631 geos=635 mats=16 @ http://localhost:8095/main.js?v=20240101:2839
[  121843ms] [LOG] [CameraController] playerPos=46.00,3.89,0.00 targetY=4.04 camPos=46.00,4.05,0.00 @ http://localhost:8095/core/CameraController.js:240
[  124767ms] [LOG] [Perf] frames=15600 draws=691 tris=73058 geos=637 mats=16 @ http://localhost:8095/main.js?v=20240101:2839
[  124769ms] [LOG] [CameraController] playerPos=46.00,3.89,0.00 targetY=4.04 camPos=46.00,4.05,0.00 @ http://localhost:8095/core/CameraController.js:240
[  127022ms] [LOG] [Perf] frames=15900 draws=659 tris=72162 geos=637 mats=16 @ http://localhost:8095/main.js?v=20240101:2839
[  127023ms] [LOG] [CameraController] playerPos=46.00,3.89,0.00 targetY=4.04 camPos=46.00,4.05,0.00 @ http://localhost:8095/core/CameraController.js:240
[  129500ms] [LOG] [Perf] frames=16200 draws=660 tris=73014 geos=637 mats=16 @ http://localhost:8095/main.js?v=20240101:2839
[  129501ms] [LOG] [CameraController] playerPos=46.00,3.89,0.00 targetY=4.04 camPos=46.00,4.05,0.00 @ http://localhost:8095/core/CameraController.js:240
[  132202ms] [LOG] [Perf] frames=16500 draws=690 tris=73650 geos=637 mats=16 @ http://localhost:8095/main.js?v=20240101:2839
[  132204ms] [LOG] [CameraController] playerPos=46.00,3.89,0.00 targetY=4.04 camPos=46.00,4.05,0.00 @ http://localhost:8095/core/CameraController.js:240
[  134967ms] [LOG] [Perf] frames=16800 draws=672 tris=73138 geos=637 mats=16 @ http://localhost:8095/main.js?v=20240101:2839
[  134969ms] [LOG] [CameraController] playerPos=46.00,3.89,0.00 targetY=4.04 camPos=46.00,4.05,0.00 @ http://localhost:8095/core/CameraController.js:240
[  137409ms] [LOG] [Perf] frames=17100 draws=687 tris=72382 geos=637 mats=16 @ http://localhost:8095/main.js?v=20240101:2839
[  137410ms] [LOG] [CameraController] playerPos=46.00,3.89,0.00 targetY=4.04 camPos=46.00,4.05,0.00 @ http://localhost:8095/core/CameraController.js:240
[  138661ms] [LOG] [initGame] START, isMobile: false @ http://localhost:8095/main.js?v=20240101:293
[  138661ms] [LOG] [initGame] creating scene... @ http://localhost:8095/main.js?v=20240101:296
[  138662ms] [LOG] [initGame] scene created: true @ http://localhost:8095/main.js?v=20240101:298
[  138703ms] [LOG] [NodePad] Pad 0: pos=(46.00, 0.00) data=(46.00, 0.00) @ http://localhost:8095/world/MapGeneratorNode.js?v=1783108959290:369
[  138703ms] [LOG] [NodePad] Pad 1: pos=(45.91, -2.89) data=(45.91, -2.89) @ http://localhost:8095/world/MapGeneratorNode.js?v=1783108959290:369
[  138708ms] [LOG] [MapGenSync] Synced 100 pads from node, first=(46.0, 0.0) second=(45.9, -2.9) @ http://localhost:8095/world/MapGenerator.js:648
[  138800ms] [LOG] [MapGenerator] Before filter: 100 pads, first: (46.0, 0.0) @ http://localhost:8095/world/MapGenerator.js:5200
[  138801ms] [LOG] [MapGenerator] After filter: 100 pads, first: (46.0, 0.0) second: (45.9, -2.9) @ http://localhost:8095/world/MapGenerator.js:5236
[  138805ms] [LOG] [InstancedMesh] Collected 1905 candidate meshes @ http://localhost:8095/world/InstancedMeshSystem.js:24
[  138805ms] [LOG] [InstancedMesh] Skipped: noMapGen=0, culled=0, aniInt=275, noGeoKey=0, matKey=0 @ http://localhost:8095/world/InstancedMeshSystem.js:25
[  138825ms] [LOG] [InstancedMesh] Groups: 514, Replaced: 1557, Skipped(<2): 348 @ http://localhost:8095/world/InstancedMeshSystem.js:104
[  138825ms] [LOG] [MapGenerator] InstancedMesh: 1557 meshes merged into 166 InstancedMesh (total before: 1130, after: 958) @ http://localhost:8095/world/MapGenerator.js:178
[  138841ms] [LOG] [LootManager] generateChestsAsync: floorTiles=100, spots=40, chestCount=120 @ http://localhost:8095/items/LootManager.js:259
[  138953ms] [LOG] [SpawnDebug] Total pads=100 BotPads=99 First=(46.0, 0.0) Second=(45.9, -2.9) Last=(45.9, 2.9) @ http://localhost:8095/main.js?v=20240101:655
[  138953ms] [LOG] [SpawnDebug] Bot 0: pad=(45.91, -2.89) spawn=(45.91, -2.89) distFromCenter=46.00 @ http://localhost:8095/main.js?v=20240101:667
[  138955ms] [LOG] [SpawnDebug] Bot 1: pad=(45.64, -5.77) spawn=(45.64, -5.77) distFromCenter=46.00 @ http://localhost:8095/main.js?v=20240101:667
[  138956ms] [LOG] [SpawnDebug] Bot 2: pad=(45.19, -8.62) spawn=(45.19, -8.62) distFromCenter=46.00 @ http://localhost:8095/main.js?v=20240101:667
[  138982ms] [LOG] [initGame] done: true true true @ http://localhost:8095/main.js?v=20240101:599
[  138989ms] [LOG] [LootManager] floorTiles path: created 39 chests @ http://localhost:8095/items/LootManager.js:301
[  138989ms] [LOG] [LootManager] random fallback path, chestCount=120 @ http://localhost:8095/items/LootManager.js:310
[  139222ms] [LOG] [LootManager] random fallback: created 120 chests @ http://localhost:8095/items/LootManager.js:338
[  139223ms] [LOG] [LootManager] Generated 120 chests @ http://localhost:8095/items/LootManager.js:46
[  141711ms] [LOG] [CameraController] playerPos=46.00,4.04,0.00 targetY=4.19 camPos=46.00,4.19,0.00 @ http://localhost:8095/core/CameraController.js:240
[  143996ms] [LOG] [CameraController] playerPos=46.00,4.04,0.00 targetY=4.19 camPos=46.00,4.19,0.00 @ http://localhost:8095/core/CameraController.js:240
[  146490ms] [LOG] [CameraController] playerPos=46.00,4.04,0.00 targetY=4.19 camPos=46.00,4.19,0.00 @ http://localhost:8095/core/CameraController.js:240
[  148795ms] [LOG] [CameraController] playerPos=46.00,4.04,0.00 targetY=4.19 camPos=46.00,4.19,0.00 @ http://localhost:8095/core/CameraController.js:240
[  151499ms] [LOG] [CameraController] playerPos=46.00,4.04,0.00 targetY=4.19 camPos=46.00,4.19,0.00 @ http://localhost:8095/core/CameraController.js:240
[  153934ms] [LOG] [CameraController] playerPos=46.00,4.04,0.00 targetY=4.19 camPos=46.00,4.19,0.00 @ http://localhost:8095/core/CameraController.js:240
[  156436ms] [LOG] [CameraController] playerPos=46.00,4.04,0.00 targetY=4.19 camPos=46.00,4.19,0.00 @ http://localhost:8095/core/CameraController.js:240
[  158886ms] [LOG] [CameraController] playerPos=46.00,4.04,0.00 targetY=4.19 camPos=46.00,4.19,0.00 @ http://localhost:8095/core/CameraController.js:240
[  161308ms] [LOG] [CameraController] playerPos=46.00,4.04,0.00 targetY=4.19 camPos=46.00,4.19,0.00 @ http://localhost:8095/core/CameraController.js:240
[  163971ms] [LOG] [CameraController] playerPos=46.00,4.04,0.00 targetY=4.19 camPos=46.00,4.19,0.00 @ http://localhost:8095/core/CameraController.js:240
[  166711ms] [LOG] [CameraController] playerPos=46.00,4.04,0.00 targetY=4.19 camPos=46.00,4.19,0.00 @ http://localhost:8095/core/CameraController.js:240
[  168899ms] [LOG] [CameraController] playerPos=46.00,4.04,0.00 targetY=4.19 camPos=46.00,4.19,0.00 @ http://localhost:8095/core/CameraController.js:240
[  171024ms] [LOG] [CameraController] playerPos=46.00,4.04,0.00 targetY=4.19 camPos=46.00,4.19,0.00 @ http://localhost:8095/core/CameraController.js:240
[  173192ms] [LOG] [CameraController] playerPos=46.00,4.04,0.00 targetY=4.19 camPos=46.00,4.19,0.00 @ http://localhost:8095/core/CameraController.js:240
[  175464ms] [LOG] [CameraController] playerPos=46.00,4.04,0.00 targetY=4.19 camPos=46.00,4.19,0.00 @ http://localhost:8095/core/CameraController.js:240
[  177594ms] [LOG] [CameraController] playerPos=46.00,4.04,0.00 targetY=4.19 camPos=46.00,4.19,0.00 @ http://localhost:8095/core/CameraController.js:240
[  179801ms] [LOG] [CameraController] playerPos=46.00,4.04,0.00 targetY=4.19 camPos=46.00,4.19,0.00 @ http://localhost:8095/core/CameraController.js:240
[  181891ms] [LOG] [CameraController] playerPos=46.00,4.04,0.00 targetY=4.19 camPos=46.00,4.19,0.00 @ http://localhost:8095/core/CameraController.js:240
[  184079ms] [LOG] [CameraController] playerPos=46.00,4.04,0.00 targetY=4.19 camPos=46.00,4.19,0.00 @ http://localhost:8095/core/CameraController.js:240
[  186256ms] [LOG] [CameraController] playerPos=46.00,4.04,0.00 targetY=4.19 camPos=46.00,4.19,0.00 @ http://localhost:8095/core/CameraController.js:240
[  188392ms] [LOG] [CameraController] playerPos=46.00,4.04,0.00 targetY=4.19 camPos=46.00,4.19,0.00 @ http://localhost:8095/core/CameraController.js:240
[  190592ms] [LOG] [CameraController] playerPos=46.00,4.04,0.00 targetY=4.19 camPos=46.00,4.19,0.00 @ http://localhost:8095/core/CameraController.js:240
[  192690ms] [LOG] [CameraController] playerPos=46.00,4.04,0.00 targetY=4.19 camPos=46.00,4.19,0.00 @ http://localhost:8095/core/CameraController.js:240
[  195288ms] [LOG] [CameraController] playerPos=46.00,4.04,0.00 targetY=4.19 camPos=46.00,4.19,0.00 @ http://localhost:8095/core/CameraController.js:240
[  197742ms] [LOG] [CameraController] playerPos=46.00,4.04,0.00 targetY=4.19 camPos=46.00,4.19,0.00 @ http://localhost:8095/core/CameraController.js:240
[  200304ms] [LOG] [CameraController] playerPos=46.00,4.04,0.00 targetY=4.19 camPos=46.00,4.19,0.00 @ http://localhost:8095/core/CameraController.js:240
[  202581ms] [LOG] [CameraController] playerPos=46.00,4.04,0.00 targetY=4.19 camPos=46.00,4.19,0.00 @ http://localhost:8095/core/CameraController.js:240
[  204850ms] [LOG] [CameraController] playerPos=46.00,4.04,0.00 targetY=4.19 camPos=46.00,4.19,0.00 @ http://localhost:8095/core/CameraController.js:240
[  207399ms] [LOG] [CameraController] playerPos=46.00,4.04,0.00 targetY=4.19 camPos=46.00,4.19,0.00 @ http://localhost:8095/core/CameraController.js:240
[  209748ms] [LOG] [CameraController] playerPos=46.00,4.04,0.00 targetY=4.19 camPos=46.00,4.19,0.00 @ http://localhost:8095/core/CameraController.js:240
[  212437ms] [LOG] [CameraController] playerPos=46.00,4.04,0.00 targetY=4.19 camPos=46.00,4.19,0.00 @ http://localhost:8095/core/CameraController.js:240
[  214995ms] [LOG] [CameraController] playerPos=46.00,4.04,0.00 targetY=4.19 camPos=46.00,4.19,0.00 @ http://localhost:8095/core/CameraController.js:240
[  217475ms] [LOG] [CameraController] playerPos=46.00,4.04,0.00 targetY=4.19 camPos=46.00,4.19,0.00 @ http://localhost:8095/core/CameraController.js:240
[  220198ms] [LOG] [CameraController] playerPos=46.00,4.04,0.00 targetY=4.19 camPos=46.00,4.19,0.00 @ http://localhost:8095/core/CameraController.js:240
[  223186ms] [LOG] [CameraController] playerPos=46.00,4.04,0.00 targetY=4.19 camPos=46.00,4.19,0.00 @ http://localhost:8095/core/CameraController.js:240
[  225587ms] [LOG] [CameraController] playerPos=46.00,4.04,0.00 targetY=4.19 camPos=46.00,4.19,0.00 @ http://localhost:8095/core/CameraController.js:240
[  228582ms] [LOG] [CameraController] playerPos=46.00,4.04,0.00 targetY=4.19 camPos=46.00,4.19,0.00 @ http://localhost:8095/core/CameraController.js:240
[  231263ms] [LOG] [CameraController] playerPos=46.00,4.04,0.00 targetY=4.19 camPos=46.00,4.19,0.00 @ http://localhost:8095/core/CameraController.js:240
[  233899ms] [LOG] [CameraController] playerPos=46.00,4.04,0.00 targetY=4.19 camPos=46.00,4.19,0.00 @ http://localhost:8095/core/CameraController.js:240
[  236379ms] [LOG] [CameraController] playerPos=46.00,4.04,0.00 targetY=4.19 camPos=46.00,4.19,0.00 @ http://localhost:8095/core/CameraController.js:240
[  238460ms] [LOG] [CameraController] playerPos=46.00,4.04,0.00 targetY=4.19 camPos=46.00,4.19,0.00 @ http://localhost:8095/core/CameraController.js:240
[  240692ms] [LOG] [CameraController] playerPos=46.00,4.04,0.00 targetY=4.19 camPos=46.00,4.19,0.00 @ http://localhost:8095/core/CameraController.js:240
[  242807ms] [LOG] [CameraController] playerPos=46.00,4.04,0.00 targetY=4.19 camPos=46.00,4.19,0.00 @ http://localhost:8095/core/CameraController.js:240
[  245112ms] [LOG] [CameraController] playerPos=46.00,4.04,0.00 targetY=4.19 camPos=46.00,4.19,0.00 @ http://localhost:8095/core/CameraController.js:240
[  247230ms] [LOG] [CameraController] playerPos=46.00,4.04,0.00 targetY=4.19 camPos=46.00,4.19,0.00 @ http://localhost:8095/core/CameraController.js:240
[  249399ms] [LOG] [CameraController] playerPos=46.00,4.04,0.00 targetY=4.19 camPos=46.00,4.19,0.00 @ http://localhost:8095/core/CameraController.js:240
[  251616ms] [LOG] [CameraController] playerPos=46.00,4.04,0.00 targetY=4.19 camPos=46.00,4.19,0.00 @ http://localhost:8095/core/CameraController.js:240
