[     139ms] [LOG] [initGame] START, isMobile: false @ http://localhost:3001/main.js?v=1785528008253:293
[     139ms] [LOG] [initGame] creating scene... @ http://localhost:3001/main.js?v=1785528008253:296
[     140ms] [LOG] [initGame] scene created: true @ http://localhost:3001/main.js?v=1785528008253:298
[     444ms] [LOG] [NodePad] Pad 0: pos=(46.00, 0.00) data=(46.00, 0.00) @ http://localhost:3001/world/MapGeneratorNode.js?v=1783108959290:369
[     445ms] [LOG] [NodePad] Pad 1: pos=(45.91, -2.89) data=(45.91, -2.89) @ http://localhost:3001/world/MapGeneratorNode.js?v=1783108959290:369
[     453ms] [LOG] [MapGenSync] Synced 100 pads from node, first=(46.0, 0.0) second=(45.9, -2.9) @ http://localhost:3001/world/MapGenerator.js:648
[     609ms] [LOG] [MapGenerator] Before filter: 100 pads, first: (46.0, 0.0) @ http://localhost:3001/world/MapGenerator.js:5200
[     611ms] [LOG] [MapGenerator] After filter: 100 pads, first: (46.0, 0.0) second: (45.9, -2.9) @ http://localhost:3001/world/MapGenerator.js:5236
[     619ms] [LOG] [InstancedMesh] Collected 1905 candidate meshes @ http://localhost:3001/world/InstancedMeshSystem.js:24
[     619ms] [LOG] [InstancedMesh] Skipped: noMapGen=0, culled=0, aniInt=275, noGeoKey=0, matKey=0 @ http://localhost:3001/world/InstancedMeshSystem.js:25
[     647ms] [LOG] [InstancedMesh] Groups: 514, Replaced: 1557, Skipped(<2): 348 @ http://localhost:3001/world/InstancedMeshSystem.js:104
[     648ms] [LOG] [MapGenerator] InstancedMesh: 1557 meshes merged into 166 InstancedMesh (total before: 1130, after: 958) @ http://localhost:3001/world/MapGenerator.js:178
[     675ms] [LOG] [LootManager] generateChestsAsync: floorTiles=100, spots=40, chestCount=120 @ http://localhost:3001/items/LootManager.js:262
[     903ms] [LOG] [SpawnDebug] Total pads=100 BotPads=99 First=(46.0, 0.0) Second=(45.9, -2.9) Last=(45.9, 2.9) @ http://localhost:3001/main.js?v=1785528008253:655
[     903ms] [LOG] [SpawnDebug] Bot 0: pad=(45.91, -2.89) spawn=(45.91, -2.89) distFromCenter=46.00 @ http://localhost:3001/main.js?v=1785528008253:667
[     906ms] [LOG] [SpawnDebug] Bot 1: pad=(45.64, -5.77) spawn=(45.64, -5.77) distFromCenter=46.00 @ http://localhost:3001/main.js?v=1785528008253:667
[     907ms] [LOG] [SpawnDebug] Bot 2: pad=(45.19, -8.62) spawn=(45.19, -8.62) distFromCenter=46.00 @ http://localhost:3001/main.js?v=1785528008253:667
[     953ms] [LOG] [initGame] done: true true true @ http://localhost:3001/main.js?v=1785528008253:599
[     965ms] [LOG] [LootManager] floorTiles path: created 39 chests @ http://localhost:3001/items/LootManager.js:304
[     965ms] [LOG] [LootManager] random fallback path, chestCount=120 @ http://localhost:3001/items/LootManager.js:313
[    1378ms] [LOG] [LootManager] random fallback: created 120 chests @ http://localhost:3001/items/LootManager.js:338
[    1380ms] [LOG] [LootManager] Generated 120 chests @ http://localhost:3001/items/LootManager.js:46
[    1406ms] [ERROR] Failed to load resource: the server responded with a status of 404 (Not Found) @ http://localhost:3001/favicon.ico:0
[    5832ms] [LOG] [CameraController] playerPos=46.00,4.04,0.00 targetY=4.19 camPos=46.00,4.19,0.00 @ http://localhost:3001/core/CameraController.js:240
[    9625ms] [LOG] [CameraController] playerPos=46.00,4.04,0.00 targetY=4.19 camPos=46.00,4.19,0.00 @ http://localhost:3001/core/CameraController.js:240
[   13325ms] [LOG] [CameraController] playerPos=46.00,4.04,0.00 targetY=4.19 camPos=46.00,4.19,0.00 @ http://localhost:3001/core/CameraController.js:240
[   17230ms] [LOG] [CameraController] playerPos=46.00,4.04,0.00 targetY=4.19 camPos=46.00,4.19,0.00 @ http://localhost:3001/core/CameraController.js:240
[   21172ms] [LOG] [CameraController] playerPos=46.00,4.04,0.00 targetY=4.19 camPos=46.00,4.19,0.00 @ http://localhost:3001/core/CameraController.js:240
[   23149ms] [WARNING] Failed to execute 'requestFullscreen' on 'Element': API can only be initiated by a user gesture. @ http://localhost:3001/:0
[   23504ms] [ERROR] Failed to load resource: the server responded with a status of 404 (Not Found) @ http://localhost:3001/favicon.ico:0
[   25349ms] [LOG] [CameraController] playerPos=46.00,4.04,0.00 targetY=4.19 camPos=46.00,4.19,0.00 @ http://localhost:3001/core/CameraController.js:240
[   28923ms] [LOG] [CameraController] playerPos=46.00,4.04,0.00 targetY=4.19 camPos=46.00,4.19,0.00 @ http://localhost:3001/core/CameraController.js:240
[   32738ms] [LOG] [CameraController] playerPos=46.00,4.04,0.00 targetY=4.19 camPos=46.00,4.19,0.00 @ http://localhost:3001/core/CameraController.js:240
[   35947ms] [LOG] [CameraController] playerPos=46.00,4.04,0.00 targetY=4.19 camPos=46.00,4.19,0.00 @ http://localhost:3001/core/CameraController.js:240
[   40051ms] [LOG] [CameraController] playerPos=46.00,3.89,0.00 targetY=4.04 camPos=46.00,4.04,0.00 @ http://localhost:3001/core/CameraController.js:240
[   42213ms] [LOG] [perk] DEBUG: click event on button JSHandle@node @ http://localhost:3001/ui/HUD.js:780
[   42213ms] [LOG] [perk] Button clicked: autoFire @ http://localhost:3001/ui/HUD.js:783
[   42213ms] [LOG] [selectPerk] DEBUG: event received CustomEvent @ http://localhost:3001/main.js?v=1785528008253:2970
[   43933ms] [LOG] [CameraController] playerPos=46.00,3.89,0.00 targetY=4.04 camPos=46.00,4.04,0.00 @ http://localhost:3001/core/CameraController.js:240
[   47696ms] [LOG] [CameraController] playerPos=46.00,3.89,0.00 targetY=4.04 camPos=46.00,4.04,0.00 @ http://localhost:3001/core/CameraController.js:240
[   51299ms] [LOG] [CameraController] playerPos=46.00,3.89,0.00 targetY=4.04 camPos=46.00,4.04,0.00 @ http://localhost:3001/core/CameraController.js:240
[   54803ms] [LOG] [CameraController] playerPos=46.00,3.89,0.00 targetY=4.04 camPos=46.00,4.04,0.00 @ http://localhost:3001/core/CameraController.js:240
[   58208ms] [LOG] [CameraController] playerPos=46.00,3.89,0.00 targetY=4.04 camPos=46.00,4.04,0.00 @ http://localhost:3001/core/CameraController.js:240
[   62212ms] [LOG] [CameraController] playerPos=46.00,3.89,0.00 targetY=4.04 camPos=46.00,4.04,0.00 @ http://localhost:3001/core/CameraController.js:240
[   63837ms] [LOG] [Cam] pointerlockchange isLocked=true @ http://localhost:3001/core/CameraController.js:47
[   65690ms] [LOG] [CameraController] playerPos=44.87,3.89,-11.08 targetY=4.04 camPos=44.87,4.04,-10.97 @ http://localhost:3001/core/CameraController.js:240
[   65716ms] [LOG] [EasterEgg] 787898 → invincibility! @ http://localhost:3001/main.js?v=1785528008253:594
[   70819ms] [LOG] [Perf] frames=5400 draws=797 tris=68842 geos=590 mats=45 @ http://localhost:3001/main.js?v=1785528008253:2835
[   70822ms] [LOG] [CameraController] playerPos=63.22,1.84,-45.35 targetY=1.99 camPos=63.18,1.99,-45.22 @ http://localhost:3001/core/CameraController.js:240
[   70823ms] [LOG] [Cam] pitch=-3.1° yaw=-20.7° @ http://localhost:3001/core/CameraController.js:252
[   76008ms] [LOG] [Perf] frames=5700 draws=644 tris=65688 geos=687 mats=58 @ http://localhost:3001/main.js?v=1785528008253:2835
[   76012ms] [LOG] [CameraController] playerPos=88.24,1.84,-60.64 targetY=1.99 camPos=88.24,1.99,-60.64 @ http://localhost:3001/core/CameraController.js:240
[   81680ms] [LOG] [Perf] frames=6000 draws=889 tris=89252 geos=832 mats=58 @ http://localhost:3001/main.js?v=1785528008253:2835
[   81684ms] [LOG] [CameraController] playerPos=80.56,1.84,-79.11 targetY=1.99 camPos=80.64,1.99,-79.02 @ http://localhost:3001/core/CameraController.js:240
[   81684ms] [LOG] [Cam] pitch=-14.4° yaw=134.4° @ http://localhost:3001/core/CameraController.js:252
[   87996ms] [LOG] [Perf] frames=6300 draws=712 tris=83556 geos=912 mats=58 @ http://localhost:3001/main.js?v=1785528008253:2835
[   87999ms] [LOG] [CameraController] playerPos=73.04,1.84,-89.74 targetY=1.99 camPos=73.05,1.99,-89.74 @ http://localhost:3001/core/CameraController.js:240
[   93719ms] [LOG] [Perf] frames=6600 draws=725 tris=65159 geos=959 mats=68 @ http://localhost:3001/main.js?v=1785528008253:2835
[   93722ms] [LOG] [CameraController] playerPos=77.78,1.84,-72.36 targetY=1.99 camPos=77.77,1.99,-72.37 @ http://localhost:3001/core/CameraController.js:240
[   93723ms] [LOG] [Cam] pitch=-14.7° yaw=274.6° @ http://localhost:3001/core/CameraController.js:252
[   94637ms] [LOG] [Cam] pointerlockchange isLocked=false @ http://localhost:3001/core/CameraController.js:47
[   96090ms] [LOG] [Cam] pointerlockchange isLocked=true @ http://localhost:3001/core/CameraController.js:47
[   98755ms] [LOG] [Perf] frames=6900 draws=575 tris=62589 geos=959 mats=68 @ http://localhost:3001/main.js?v=1785528008253:2835
[  100397ms] [LOG] [CameraController] playerPos=89.64,1.84,-72.80 targetY=1.99 camPos=89.63,1.99,-72.87 @ http://localhost:3001/core/CameraController.js:240
[  104083ms] [LOG] [Perf] frames=7200 draws=650 tris=67307 geos=981 mats=68 @ http://localhost:3001/main.js?v=1785528008253:2835
[  106003ms] [LOG] [CameraController] playerPos=84.33,1.84,-71.83 targetY=1.99 camPos=84.39,1.99,-71.76 @ http://localhost:3001/core/CameraController.js:240
[  106003ms] [LOG] [Cam] pitch=-20.5° yaw=222.5° @ http://localhost:3001/core/CameraController.js:252
[  109929ms] [LOG] [Cam] pointerlockchange isLocked=false @ http://localhost:3001/core/CameraController.js:47
[  110036ms] [LOG] [Perf] frames=7500 draws=811 tris=71435 geos=981 mats=68 @ http://localhost:3001/main.js?v=1785528008253:2835
[  113083ms] [LOG] [Cam] pointerlockchange isLocked=true @ http://localhost:3001/core/CameraController.js:47
[  114609ms] [LOG] [Perf] frames=7800 draws=796 tris=93603 geos=1003 mats=68 @ http://localhost:3001/main.js?v=1785528008253:2835
[  115285ms] [LOG] [CameraController] playerPos=74.05,1.84,-76.53 targetY=1.99 camPos=73.96,1.99,-76.72 @ http://localhost:3001/core/CameraController.js:240
[  121235ms] [LOG] [Perf] frames=8100 draws=760 tris=94291 geos=1038 mats=68 @ http://localhost:3001/main.js?v=1785528008253:2835
[  121876ms] [LOG] [CameraController] playerPos=69.89,1.84,-54.06 targetY=1.99 camPos=70.06,1.99,-54.15 @ http://localhost:3001/core/CameraController.js:240
[  121877ms] [LOG] [Cam] pitch=-23.5° yaw=120.6° @ http://localhost:3001/core/CameraController.js:252
[  126661ms] [LOG] [Perf] frames=8400 draws=702 tris=72152 geos=1080 mats=68 @ http://localhost:3001/main.js?v=1785528008253:2835
[  127112ms] [LOG] [CameraController] playerPos=64.38,1.84,-47.20 targetY=1.99 camPos=64.38,1.99,-47.20 @ http://localhost:3001/core/CameraController.js:240
[  132247ms] [LOG] [Perf] frames=8700 draws=734 tris=67682 geos=1080 mats=68 @ http://localhost:3001/main.js?v=1785528008253:2835
[  132858ms] [LOG] [CameraController] playerPos=78.54,1.84,-62.29 targetY=1.99 camPos=78.46,1.99,-62.24 @ http://localhost:3001/core/CameraController.js:240
[  132859ms] [LOG] [Cam] pitch=0.1° yaw=-59.2° @ http://localhost:3001/core/CameraController.js:252
[  137999ms] [LOG] [Perf] frames=9000 draws=578 tris=65490 geos=1129 mats=79 @ http://localhost:3001/main.js?v=1785528008253:2835
[  138525ms] [LOG] [CameraController] playerPos=62.95,3.54,-92.86 targetY=3.69 camPos=63.10,3.73,-92.77 @ http://localhost:3001/core/CameraController.js:240
[  143506ms] [LOG] [Perf] frames=9300 draws=680 tris=88041 geos=1165 mats=79 @ http://localhost:3001/main.js?v=1785528008253:2835
[  143904ms] [LOG] [Debug] Current time: 143896, sample phase info @ :26
[  144117ms] [LOG] [CameraController] playerPos=61.66,1.84,-91.01 targetY=1.99 camPos=61.62,1.99,-91.14 @ http://localhost:3001/core/CameraController.js:240
[  144117ms] [LOG] [Cam] pitch=-4.0° yaw=-159.9° @ http://localhost:3001/core/CameraController.js:252
[  149344ms] [LOG] [Perf] frames=9600 draws=526 tris=63492 geos=1231 mats=79 @ http://localhost:3001/main.js?v=1785528008253:2835
[  149838ms] [LOG] [CameraController] playerPos=62.49,2.82,-91.24 targetY=2.97 camPos=62.61,2.84,-91.15 @ http://localhost:3001/core/CameraController.js:240
[  154909ms] [LOG] [Perf] frames=9900 draws=704 tris=69789 geos=1274 mats=79 @ http://localhost:3001/main.js?v=1785528008253:2835
[  155459ms] [LOG] [CameraController] playerPos=49.01,1.84,-110.76 targetY=1.99 camPos=49.02,1.99,-110.64 @ http://localhost:3001/core/CameraController.js:240
[  155459ms] [LOG] [Cam] pitch=-14.9° yaw=-147.5° @ http://localhost:3001/core/CameraController.js:252
[  160260ms] [LOG] [Perf] frames=10200 draws=721 tris=84764 geos=1276 mats=79 @ http://localhost:3001/main.js?v=1785528008253:2835
[  160728ms] [LOG] [CameraController] playerPos=43.43,1.84,-112.58 targetY=1.99 camPos=43.43,1.99,-112.58 @ http://localhost:3001/core/CameraController.js:240
[  164865ms] [LOG] [Perf] frames=10500 draws=641 tris=76480 geos=1279 mats=79 @ http://localhost:3001/main.js?v=1785528008253:2835
[  165315ms] [LOG] [CameraController] playerPos=33.19,1.84,-116.33 targetY=1.99 camPos=33.19,1.99,-116.33 @ http://localhost:3001/core/CameraController.js:240
[  165315ms] [LOG] [Cam] pitch=-3.2° yaw=-280.6° @ http://localhost:3001/core/CameraController.js:252
[  169203ms] [LOG] [Perf] frames=10800 draws=442 tris=58604 geos=1301 mats=79 @ http://localhost:3001/main.js?v=1785528008253:2835
[  169622ms] [LOG] [CameraController] playerPos=45.34,1.84,-119.24 targetY=1.99 camPos=45.24,1.99,-119.26 @ http://localhost:3001/core/CameraController.js:240
[  170654ms] [LOG] [Cam] pointerlockchange isLocked=false @ http://localhost:3001/core/CameraController.js:47
[  171435ms] [LOG] Bot 3 physics: {velocity: Vector3, onGround: true, height: 1.7, radius: 0.4, speed: 8.7521906078309} @ :7
[  171435ms] [LOG] Bot 3 velocity: Vector3 @ :8
[  171435ms] [LOG] Bot 3 speed: 8.7521906078309 @ :9
[  172659ms] [LOG] [Perf] frames=11100 draws=589 tris=68344 geos=1301 mats=79 @ http://localhost:3001/main.js?v=1785528008253:2835
[  175424ms] [LOG] [Perf] frames=11400 draws=589 tris=68344 geos=1301 mats=79 @ http://localhost:3001/main.js?v=1785528008253:2835
[  175487ms] [LOG] [Cam] pointerlockchange isLocked=true @ http://localhost:3001/core/CameraController.js:47
[  179106ms] [LOG] [CameraController] playerPos=40.99,1.84,-106.04 targetY=1.99 camPos=40.99,1.99,-106.14 @ http://localhost:3001/core/CameraController.js:240
[  179106ms] [LOG] [Cam] pitch=-3.7° yaw=-539.7° @ http://localhost:3001/core/CameraController.js:252
[  179931ms] [LOG] [Perf] frames=11700 draws=709 tris=84072 geos=1301 mats=79 @ http://localhost:3001/main.js?v=1785528008253:2835
[  183270ms] [LOG] [CameraController] playerPos=51.12,1.84,-76.57 targetY=1.99 camPos=51.12,1.99,-76.67 @ http://localhost:3001/core/CameraController.js:240
[  184344ms] [LOG] [Perf] frames=12000 draws=858 tris=66679 geos=1463 mats=79 @ http://localhost:3001/main.js?v=1785528008253:2835
[  188213ms] [LOG] [CameraController] playerPos=52.17,1.84,-75.47 targetY=1.99 camPos=52.17,1.99,-75.47 @ http://localhost:3001/core/CameraController.js:240
[  188213ms] [LOG] [Cam] pitch=-5.3° yaw=-421.6° @ http://localhost:3001/core/CameraController.js:252
[  189301ms] [LOG] [Perf] frames=12300 draws=825 tris=65480 geos=1484 mats=79 @ http://localhost:3001/main.js?v=1785528008253:2835
[  193088ms] [LOG] [CameraController] playerPos=64.54,1.84,-89.68 targetY=1.99 camPos=64.53,1.99,-89.69 @ http://localhost:3001/core/CameraController.js:240
[  194125ms] [LOG] [Perf] frames=12600 draws=745 tris=62292 geos=1522 mats=79 @ http://localhost:3001/main.js?v=1785528008253:2835
[  197334ms] [LOG] [CameraController] playerPos=67.10,1.84,-86.34 targetY=1.99 camPos=67.03,1.99,-86.44 @ http://localhost:3001/core/CameraController.js:240
[  197334ms] [LOG] [Cam] pitch=2.3° yaw=-504.7° @ http://localhost:3001/core/CameraController.js:252
[  198516ms] [LOG] [Perf] frames=12900 draws=645 tris=87561 geos=1522 mats=79 @ http://localhost:3001/main.js?v=1785528008253:2835
