[     189ms] [LOG] 🗺️ Debug Map Viewer activated @ http://localhost:3001/main.js:2401
[     190ms] [LOG] 🚀 Starting game for debug mode... @ http://localhost:3001/main.js:2655
[     190ms] [LOG] 🔧 Creating camera... @ http://localhost:3001/main.js:217
[     194ms] [LOG] Camera options: {"fov":75,"aspect":1.5871559633027523,"near":0.1,"far":5000} @ http://localhost:3001/main.js:220
[     195ms] [LOG] ✅ Camera created at position: 0 0 0 @ http://localhost:3001/main.js:223
[     360ms] [LOG] 🗺️ Starting debug camera controls... @ http://localhost:3001/main.js:2625
[     362ms] [LOG] 🗺️ Debug controls: WASD move | Q/E up-down | Scroll zoom | R reset view | T top-down @ http://localhost:3001/main.js:2665
[     423ms] [LOG] DEBUG: Checking game object properties... @ http://localhost:3001/main.js:2391
[     424ms] [LOG]   camera: true object @ http://localhost:3001/main.js:2392
[     424ms] [LOG]   scene: true object @ http://localhost:3001/main.js:2393
[     424ms] [LOG]   camera.position: 100 80 -100 @ http://localhost:3001/main.js:2395
[   15807ms] [LOG] DEBUG: Total map objects in scene: 4348; renderables: 3880 @ http://localhost:3001/main.js:701
[   15811ms] [LOG] [GameLoop] starting, isRunning=true @ http://localhost:3001/core/GameLoop.js:17
[   15811ms] [LOG] [Game] FIRST render: renderer=WebGLRenderer renderMethod=function renderName= @ http://localhost:3001/main.js:2287
[   15811ms] [LOG] [THREE.WebGLRenderer.render #1] @ http://localhost:3001/node_modules/three/build/three.module.js:29533
[   18907ms] [LOG] [GameLoop] first frame: update=function render=function paused=false hidden=false @ http://localhost:3001/core/GameLoop.js:66
[   18908ms] [LOG] [THREE.WebGLRenderer.render #2] @ http://localhost:3001/node_modules/three/build/three.module.js:29533
[   18963ms] [LOG] ✅ Game started successfully @ http://localhost:3001/main.js:2657
[   19033ms] [LOG] [THREE.WebGLRenderer.render #3] @ http://localhost:3001/node_modules/three/build/three.module.js:29533
[   19260ms] [LOG] [THREE.WebGLRenderer.render #4] @ http://localhost:3001/node_modules/three/build/three.module.js:29533
[   19356ms] [LOG] [THREE.WebGLRenderer.render #5] @ http://localhost:3001/node_modules/three/build/three.module.js:29533
[   19443ms] [LOG] [THREE.WebGLRenderer.render #6] @ http://localhost:3001/node_modules/three/build/three.module.js:29533
[   19504ms] [LOG] [THREE.WebGLRenderer.render #7] @ http://localhost:3001/node_modules/three/build/three.module.js:29533
[   19551ms] [LOG] [THREE.WebGLRenderer.render #8] @ http://localhost:3001/node_modules/three/build/three.module.js:29533
[   19603ms] [LOG] [THREE.WebGLRenderer.render #9] @ http://localhost:3001/node_modules/three/build/three.module.js:29533
[   19649ms] [LOG] [THREE.WebGLRenderer.render #10] @ http://localhost:3001/node_modules/three/build/three.module.js:29533
[   24697ms] [LOG] [THREE.WebGLRenderer.render #120] @ http://localhost:3001/node_modules/three/build/three.module.js:29533
[   24784ms] [LOG] [GameLoop] frame#120 @ http://localhost:3001/core/GameLoop.js:69
[   30160ms] [LOG] [THREE.WebGLRenderer.render #240] @ http://localhost:3001/node_modules/three/build/three.module.js:29533
[   30242ms] [LOG] [GameLoop] frame#240 @ http://localhost:3001/core/GameLoop.js:69
[   35549ms] [LOG] [THREE.WebGLRenderer.render #360] @ http://localhost:3001/node_modules/three/build/three.module.js:29533
[   35643ms] [LOG] [GameLoop] frame#360 @ http://localhost:3001/core/GameLoop.js:69
[   41000ms] [LOG] [THREE.WebGLRenderer.render #480] @ http://localhost:3001/node_modules/three/build/three.module.js:29533
[   41094ms] [LOG] [GameLoop] frame#480 @ http://localhost:3001/core/GameLoop.js:69
[   46506ms] [LOG] [THREE.WebGLRenderer.render #600] @ http://localhost:3001/node_modules/three/build/three.module.js:29533
[   46597ms] [LOG] [GameLoop] frame#600 @ http://localhost:3001/core/GameLoop.js:69
[   52007ms] [LOG] [THREE.WebGLRenderer.render #720] @ http://localhost:3001/node_modules/three/build/three.module.js:29533
[   52070ms] [LOG] [GameLoop] frame#720 @ http://localhost:3001/core/GameLoop.js:69
[   57567ms] [LOG] [THREE.WebGLRenderer.render #840] @ http://localhost:3001/node_modules/three/build/three.module.js:29533
[   57663ms] [LOG] [GameLoop] frame#840 @ http://localhost:3001/core/GameLoop.js:69
[   63073ms] [LOG] [THREE.WebGLRenderer.render #960] @ http://localhost:3001/node_modules/three/build/three.module.js:29533
[   63163ms] [LOG] [GameLoop] frame#960 @ http://localhost:3001/core/GameLoop.js:69
[   68555ms] [LOG] [THREE.WebGLRenderer.render #1080] @ http://localhost:3001/node_modules/three/build/three.module.js:29533
[   68650ms] [LOG] [GameLoop] frame#1080 @ http://localhost:3001/core/GameLoop.js:69
[   74064ms] [LOG] [THREE.WebGLRenderer.render #1200] @ http://localhost:3001/node_modules/three/build/three.module.js:29533
[   74152ms] [LOG] [GameLoop] frame#1200 @ http://localhost:3001/core/GameLoop.js:69
[   79675ms] [LOG] [THREE.WebGLRenderer.render #1320] @ http://localhost:3001/node_modules/three/build/three.module.js:29533
[   79767ms] [LOG] [GameLoop] frame#1320 @ http://localhost:3001/core/GameLoop.js:69
[   85007ms] [LOG] [THREE.WebGLRenderer.render #1440] @ http://localhost:3001/node_modules/three/build/three.module.js:29533
[   85095ms] [LOG] [GameLoop] frame#1440 @ http://localhost:3001/core/GameLoop.js:69
[   90549ms] [LOG] [THREE.WebGLRenderer.render #1560] @ http://localhost:3001/node_modules/three/build/three.module.js:29533
[   90644ms] [LOG] [GameLoop] frame#1560 @ http://localhost:3001/core/GameLoop.js:69
[   96081ms] [LOG] [THREE.WebGLRenderer.render #1680] @ http://localhost:3001/node_modules/three/build/three.module.js:29533
[   96174ms] [LOG] [GameLoop] frame#1680 @ http://localhost:3001/core/GameLoop.js:69
[  101625ms] [LOG] [THREE.WebGLRenderer.render #1800] @ http://localhost:3001/node_modules/three/build/three.module.js:29533
[  101718ms] [LOG] [GameLoop] frame#1800 @ http://localhost:3001/core/GameLoop.js:69
[  107546ms] [LOG] [THREE.WebGLRenderer.render #1920] @ http://localhost:3001/node_modules/three/build/three.module.js:29533
[  107633ms] [LOG] [GameLoop] frame#1920 @ http://localhost:3001/core/GameLoop.js:69
[  113455ms] [LOG] [THREE.WebGLRenderer.render #2040] @ http://localhost:3001/node_modules/three/build/three.module.js:29533
[  113556ms] [LOG] [GameLoop] frame#2040 @ http://localhost:3001/core/GameLoop.js:69
[  119518ms] [LOG] [THREE.WebGLRenderer.render #2160] @ http://localhost:3001/node_modules/three/build/three.module.js:29533
[  119606ms] [LOG] [GameLoop] frame#2160 @ http://localhost:3001/core/GameLoop.js:69
[  124576ms] [LOG] [THREE.WebGLRenderer.render #2280] @ http://localhost:3001/node_modules/three/build/three.module.js:29533
[  124645ms] [LOG] [GameLoop] frame#2280 @ http://localhost:3001/core/GameLoop.js:69
[  129641ms] [LOG] [THREE.WebGLRenderer.render #2400] @ http://localhost:3001/node_modules/three/build/three.module.js:29533
[  129719ms] [LOG] [GameLoop] frame#2400 @ http://localhost:3001/core/GameLoop.js:69
[  134628ms] [LOG] [THREE.WebGLRenderer.render #2520] @ http://localhost:3001/node_modules/three/build/three.module.js:29533
[  134716ms] [LOG] [GameLoop] frame#2520 @ http://localhost:3001/core/GameLoop.js:69
[  139920ms] [LOG] [THREE.WebGLRenderer.render #2640] @ http://localhost:3001/node_modules/three/build/three.module.js:29533
[  140009ms] [LOG] [GameLoop] frame#2640 @ http://localhost:3001/core/GameLoop.js:69
[  145484ms] [LOG] [THREE.WebGLRenderer.render #2760] @ http://localhost:3001/node_modules/three/build/three.module.js:29533
[  145566ms] [LOG] [GameLoop] frame#2760 @ http://localhost:3001/core/GameLoop.js:69
[  151172ms] [LOG] [THREE.WebGLRenderer.render #2880] @ http://localhost:3001/node_modules/three/build/three.module.js:29533
[  151262ms] [LOG] [GameLoop] frame#2880 @ http://localhost:3001/core/GameLoop.js:69
[  155442ms] [LOG] [THREE.WebGLRenderer.render #3000] @ http://localhost:3001/node_modules/three/build/three.module.js:29533
[  155504ms] [LOG] [GameLoop] frame#3000 @ http://localhost:3001/core/GameLoop.js:69
[  159345ms] [LOG] [THREE.WebGLRenderer.render #3120] @ http://localhost:3001/node_modules/three/build/three.module.js:29533
[  159417ms] [LOG] [GameLoop] frame#3120 @ http://localhost:3001/core/GameLoop.js:69
[  163185ms] [LOG] [THREE.WebGLRenderer.render #3240] @ http://localhost:3001/node_modules/three/build/three.module.js:29533
[  163248ms] [LOG] [GameLoop] frame#3240 @ http://localhost:3001/core/GameLoop.js:69
[  167019ms] [LOG] [THREE.WebGLRenderer.render #3360] @ http://localhost:3001/node_modules/three/build/three.module.js:29533
[  167076ms] [LOG] [GameLoop] frame#3360 @ http://localhost:3001/core/GameLoop.js:69
[  170825ms] [LOG] [THREE.WebGLRenderer.render #3480] @ http://localhost:3001/node_modules/three/build/three.module.js:29533
[  170887ms] [LOG] [GameLoop] frame#3480 @ http://localhost:3001/core/GameLoop.js:69
[  174653ms] [LOG] [THREE.WebGLRenderer.render #3600] @ http://localhost:3001/node_modules/three/build/three.module.js:29533
[  174712ms] [LOG] [GameLoop] frame#3600 @ http://localhost:3001/core/GameLoop.js:69
[  178791ms] [LOG] [THREE.WebGLRenderer.render #3720] @ http://localhost:3001/node_modules/three/build/three.module.js:29533
[  178863ms] [LOG] [GameLoop] frame#3720 @ http://localhost:3001/core/GameLoop.js:69
[  298351ms] [LOG] [THREE.WebGLRenderer.render #3840] @ http://localhost:3001/node_modules/three/build/three.module.js:29533
[  299378ms] [LOG] [GameLoop] frame#3840 @ http://localhost:3001/core/GameLoop.js:69
[  418891ms] [LOG] [THREE.WebGLRenderer.render #3960] @ http://localhost:3001/node_modules/three/build/three.module.js:29533
[  419920ms] [LOG] [GameLoop] frame#3960 @ http://localhost:3001/core/GameLoop.js:69
[  539423ms] [LOG] [THREE.WebGLRenderer.render #4080] @ http://localhost:3001/node_modules/three/build/three.module.js:29533
[  540446ms] [LOG] [GameLoop] frame#4080 @ http://localhost:3001/core/GameLoop.js:69
[  659956ms] [LOG] [THREE.WebGLRenderer.render #4200] @ http://localhost:3001/node_modules/three/build/three.module.js:29533
[  660984ms] [LOG] [GameLoop] frame#4200 @ http://localhost:3001/core/GameLoop.js:69
[  780502ms] [LOG] [THREE.WebGLRenderer.render #4320] @ http://localhost:3001/node_modules/three/build/three.module.js:29533
[  781531ms] [LOG] [GameLoop] frame#4320 @ http://localhost:3001/core/GameLoop.js:69
[  901048ms] [LOG] [THREE.WebGLRenderer.render #4440] @ http://localhost:3001/node_modules/three/build/three.module.js:29533
[  902078ms] [LOG] [GameLoop] frame#4440 @ http://localhost:3001/core/GameLoop.js:69
[ 1021622ms] [LOG] [THREE.WebGLRenderer.render #4560] @ http://localhost:3001/node_modules/three/build/three.module.js:29533
[ 1022650ms] [LOG] [GameLoop] frame#4560 @ http://localhost:3001/core/GameLoop.js:69
[ 1142155ms] [LOG] [THREE.WebGLRenderer.render #4680] @ http://localhost:3001/node_modules/three/build/three.module.js:29533
[ 1143185ms] [LOG] [GameLoop] frame#4680 @ http://localhost:3001/core/GameLoop.js:69
