[     112ms] [LOG] [initGame] START, isMobile: false @ http://localhost:3001/main.js?v=1785341228531:289
[     112ms] [LOG] [initGame] creating scene... @ http://localhost:3001/main.js?v=1785341228531:292
[     112ms] [LOG] [initGame] scene created: true @ http://localhost:3001/main.js?v=1785341228531:294
[     201ms] [LOG] [NodePad] Pad 0: pos=(46.00, 0.00) data=(46.00, 0.00) @ http://localhost:3001/world/MapGeneratorNode.js?v=1783108959290:369
[     202ms] [LOG] [NodePad] Pad 1: pos=(45.91, -2.89) data=(45.91, -2.89) @ http://localhost:3001/world/MapGeneratorNode.js?v=1783108959290:369
[     207ms] [LOG] [MapGenSync] Synced 100 pads from node, first=(46.0, 0.0) second=(45.9, -2.9) @ http://localhost:3001/world/MapGenerator.js:637
[     296ms] [LOG] [MapGenerator] Before filter: 100 pads, first: (46.0, 0.0) @ http://localhost:3001/world/MapGenerator.js:5169
[     296ms] [LOG] [MapGenerator] After filter: 100 pads, first: (46.0, 0.0) second: (45.9, -2.9) @ http://localhost:3001/world/MapGenerator.js:5205
[     299ms] [LOG] [InstancedMesh] Collected 1757 candidate meshes @ http://localhost:3001/world/InstancedMeshSystem.js:24
[     299ms] [LOG] [InstancedMesh] Skipped: noMapGen=0, culled=0, aniInt=276, noGeoKey=0, matKey=0 @ http://localhost:3001/world/InstancedMeshSystem.js:25
[     316ms] [LOG] [InstancedMesh] Groups: 505, Replaced: 1409, Skipped(<2): 348 @ http://localhost:3001/world/InstancedMeshSystem.js:104
[     317ms] [LOG] [MapGenerator] InstancedMesh: 1409 meshes merged into 157 InstancedMesh (total before: 1005, after: 944) @ http://localhost:3001/world/MapGenerator.js:178
[     337ms] [LOG] [LootManager] generateChestsAsync: floorTiles=100, spots=40, chestCount=120 @ http://localhost:3001/items/LootManager.js:257
[     381ms] [LOG] [Player] selectSlot: slot=0 weapon=knife mesh=exists this.mesh=exists socket=exists @ http://localhost:3001/entities/Player.js:834
[     381ms] [LOG] [Player] selectSlot: attached weapon knife to socket, mesh.visible=true @ http://localhost:3001/entities/Player.js:847
[     381ms] [LOG] [Player] updateViewWeapon: currentWeapon=knife fists=fists fpArmsVisible=false @ http://localhost:3001/entities/Player.js:1204
[     381ms] [LOG] [Player] animateViewModelWeapon ENTER type=knife @ http://localhost:3001/entities/Player.js:1131
[     381ms] [LOG] [Player] Weapon created: type=knife mesh=exists @ http://localhost:3001/entities/Player.js:1157
[     382ms] [LOG] [Player] animateViewModelWeapon: viewClone created, hasRotation=yes rot=0.00,0.00,0.00 @ http://localhost:3001/entities/Player.js:1166
[     382ms] [LOG] [Player] animateViewModelWeapon: set rot=0.08,-1.57,0.08 offsetRot=0.08,-1.57,0.08 @ http://localhost:3001/entities/Player.js:1188
[     382ms] [LOG] [Player] updateViewWeapon: currentWeapon=knife fists=fists fpArmsVisible=true @ http://localhost:3001/entities/Player.js:1204
[     383ms] [LOG] [SpawnDebug] Total pads=100 BotPads=99 First=(46.0, 0.0) Second=(45.9, -2.9) Last=(45.9, 2.9) @ http://localhost:3001/main.js?v=1785341228531:621
[     383ms] [LOG] [SpawnDebug] Bot 0: pad=(45.91, -2.89) spawn=(45.91, -2.89) distFromCenter=46.00 @ http://localhost:3001/main.js?v=1785341228531:633
[     384ms] [LOG] [SpawnDebug] Bot 1: pad=(45.64, -5.77) spawn=(45.64, -5.77) distFromCenter=46.00 @ http://localhost:3001/main.js?v=1785341228531:633
[     385ms] [LOG] [SpawnDebug] Bot 2: pad=(45.19, -8.62) spawn=(45.19, -8.62) distFromCenter=46.00 @ http://localhost:3001/main.js?v=1785341228531:633
[     409ms] [LOG] [initGame] done: true true true @ http://localhost:3001/main.js?v=1785341228531:570
[     423ms] [LOG] [LootManager] floorTiles path: created 40 chests @ http://localhost:3001/items/LootManager.js:299
[     423ms] [LOG] [LootManager] random fallback path, chestCount=120 @ http://localhost:3001/items/LootManager.js:308
[     667ms] [LOG] [LootManager] random fallback: created 120 chests @ http://localhost:3001/items/LootManager.js:336
[     667ms] [LOG] [LootManager] Generated 120 chests @ http://localhost:3001/items/LootManager.js:44
[    1741ms] [LOG] [Player] viewWeapon pos=0.25,-0.34,-0.80 rot=NaN,NaN,NaN visible=true fpArmsPos=0.00,0.00,0.00 @ http://localhost:3001/entities/Player.js:737
[    2811ms] [WARNING] Failed to execute 'requestFullscreen' on 'Element': API can only be initiated by a user gesture. @ http://localhost:3001/:0
[    2831ms] [LOG] [Cam] pointerlockchange isLocked=true @ http://localhost:3001/core/CameraController.js:47
[    2841ms] Permissions check failed
[    3220ms] [ERROR] Failed to load resource: the server responded with a status of 404 (Not Found) @ http://localhost:3001/favicon.ico:0
[    3461ms] [LOG] [CameraController] playerPos=46.00,4.04,0.00 targetY=4.19 camPos=46.00,4.19,0.00 @ http://localhost:3001/core/CameraController.js:240
[    5592ms] [LOG] [CameraController] playerPos=46.00,4.04,0.00 targetY=4.19 camPos=46.00,4.19,0.00 @ http://localhost:3001/core/CameraController.js:240
[    5592ms] [LOG] [Cam] pitch=-14.3° yaw=0.0° @ http://localhost:3001/core/CameraController.js:252
[    7775ms] [LOG] [CameraController] playerPos=46.00,4.04,0.00 targetY=4.19 camPos=46.00,4.19,0.00 @ http://localhost:3001/core/CameraController.js:240
[   10113ms] [LOG] [CameraController] playerPos=46.00,4.04,0.00 targetY=4.19 camPos=46.00,4.19,0.00 @ http://localhost:3001/core/CameraController.js:240
[   10113ms] [LOG] [Cam] pitch=-14.3° yaw=0.0° @ http://localhost:3001/core/CameraController.js:252
[   12356ms] [LOG] [CameraController] playerPos=46.00,4.04,0.00 targetY=4.19 camPos=46.00,4.19,0.00 @ http://localhost:3001/core/CameraController.js:240
[   14439ms] [LOG] [CameraController] playerPos=46.00,4.04,0.00 targetY=4.19 camPos=46.00,4.19,0.00 @ http://localhost:3001/core/CameraController.js:240
[   14439ms] [LOG] [Cam] pitch=-14.3° yaw=0.0° @ http://localhost:3001/core/CameraController.js:252
[   16564ms] [LOG] [CameraController] playerPos=46.00,4.04,0.00 targetY=4.19 camPos=46.00,4.19,0.00 @ http://localhost:3001/core/CameraController.js:240
[   18871ms] [LOG] [CameraController] playerPos=46.00,4.04,0.00 targetY=4.19 camPos=46.00,4.19,0.00 @ http://localhost:3001/core/CameraController.js:240
[   18871ms] [LOG] [Cam] pitch=-14.3° yaw=0.0° @ http://localhost:3001/core/CameraController.js:252
[   19204ms] [LOG] [Player] viewWeapon pos=0.25,-0.34,-0.80 rot=NaN,NaN,NaN visible=true fpArmsPos=0.00,0.00,0.00 @ http://localhost:3001/entities/Player.js:737
[   19305ms] [LOG] [Player] viewWeapon pos=0.25,-0.34,-0.80 rot=NaN,NaN,NaN visible=true fpArmsPos=0.00,0.00,0.00 @ http://localhost:3001/entities/Player.js:737
[   20607ms] [LOG] [Player] viewWeapon pos=0.25,-0.34,-0.80 rot=NaN,NaN,NaN visible=true fpArmsPos=0.00,0.00,0.00 @ http://localhost:3001/entities/Player.js:737
[   21018ms] [LOG] [Player] viewWeapon pos=0.25,-0.35,-0.80 rot=NaN,NaN,NaN visible=true fpArmsPos=0.00,0.00,0.00 @ http://localhost:3001/entities/Player.js:737
[   21268ms] [LOG] [CameraController] playerPos=46.00,4.04,0.00 targetY=4.19 camPos=46.00,4.19,0.00 @ http://localhost:3001/core/CameraController.js:240
[   21697ms] [LOG] [Player] viewWeapon pos=0.25,-0.35,-0.80 rot=NaN,NaN,NaN visible=true fpArmsPos=0.00,0.00,0.00 @ http://localhost:3001/entities/Player.js:737
[   21717ms] [LOG] [Player] viewWeapon pos=0.25,-0.35,-0.80 rot=NaN,NaN,NaN visible=true fpArmsPos=0.00,0.00,0.00 @ http://localhost:3001/entities/Player.js:737
[   21856ms] [LOG] [Player] viewWeapon pos=0.25,-0.35,-0.80 rot=NaN,NaN,NaN visible=true fpArmsPos=0.00,0.00,0.00 @ http://localhost:3001/entities/Player.js:737
[   22405ms] [LOG] [Player] viewWeapon pos=0.25,-0.34,-0.80 rot=NaN,NaN,NaN visible=true fpArmsPos=0.00,0.00,0.00 @ http://localhost:3001/entities/Player.js:737
[   23481ms] [LOG] [CameraController] playerPos=46.00,4.04,0.00 targetY=4.19 camPos=46.00,4.19,0.00 @ http://localhost:3001/core/CameraController.js:240
[   23482ms] [LOG] [Cam] pitch=-14.3° yaw=0.0° @ http://localhost:3001/core/CameraController.js:252
[   24981ms] [LOG] [Player] viewWeapon pos=0.25,-0.33,-0.80 rot=NaN,NaN,NaN visible=true fpArmsPos=0.00,0.00,0.00 @ http://localhost:3001/entities/Player.js:737
[   25648ms] [LOG] [Player] viewWeapon pos=0.25,-0.33,-0.80 rot=NaN,NaN,NaN visible=true fpArmsPos=0.00,0.00,0.00 @ http://localhost:3001/entities/Player.js:737
[   25683ms] [LOG] [CameraController] playerPos=46.00,4.04,0.00 targetY=4.19 camPos=46.00,4.19,0.00 @ http://localhost:3001/core/CameraController.js:240
[   25919ms] [LOG] [Player] viewWeapon pos=0.25,-0.33,-0.80 rot=NaN,NaN,NaN visible=true fpArmsPos=0.00,0.00,0.00 @ http://localhost:3001/entities/Player.js:737
[   27415ms] [LOG] [Player] viewWeapon pos=0.25,-0.34,-0.80 rot=NaN,NaN,NaN visible=true fpArmsPos=0.00,0.00,0.00 @ http://localhost:3001/entities/Player.js:737
[   27697ms] [LOG] [Player] viewWeapon pos=0.25,-0.34,-0.80 rot=NaN,NaN,NaN visible=true fpArmsPos=0.00,0.00,0.00 @ http://localhost:3001/entities/Player.js:737
[   27711ms] [LOG] [Player] viewWeapon pos=0.25,-0.34,-0.80 rot=NaN,NaN,NaN visible=true fpArmsPos=0.00,0.00,0.00 @ http://localhost:3001/entities/Player.js:737
[   27815ms] [LOG] [Player] viewWeapon pos=0.25,-0.34,-0.80 rot=NaN,NaN,NaN visible=true fpArmsPos=0.00,0.00,0.00 @ http://localhost:3001/entities/Player.js:737
[   28037ms] [LOG] [CameraController] playerPos=46.00,4.04,0.00 targetY=4.19 camPos=46.00,4.19,0.00 @ http://localhost:3001/core/CameraController.js:240
[   28037ms] [LOG] [Cam] pitch=-14.3° yaw=0.0° @ http://localhost:3001/core/CameraController.js:252
[   29016ms] [LOG] [Player] viewWeapon pos=0.25,-0.35,-0.80 rot=NaN,NaN,NaN visible=true fpArmsPos=0.00,0.00,0.00 @ http://localhost:3001/entities/Player.js:737
[   29262ms] [LOG] [Player] viewWeapon pos=0.25,-0.35,-0.80 rot=NaN,NaN,NaN visible=true fpArmsPos=0.00,0.00,0.00 @ http://localhost:3001/entities/Player.js:737
[   30152ms] [LOG] [Player] viewWeapon pos=0.25,-0.35,-0.80 rot=NaN,NaN,NaN visible=true fpArmsPos=0.00,0.00,0.00 @ http://localhost:3001/entities/Player.js:737
[   30162ms] [LOG] [Player] viewWeapon pos=0.25,-0.35,-0.80 rot=NaN,NaN,NaN visible=true fpArmsPos=0.00,0.00,0.00 @ http://localhost:3001/entities/Player.js:737
[   30278ms] [LOG] [CameraController] playerPos=46.00,4.04,0.00 targetY=4.19 camPos=46.00,4.19,0.00 @ http://localhost:3001/core/CameraController.js:240
[   30885ms] [LOG] [Player] viewWeapon pos=0.25,-0.34,-0.80 rot=NaN,NaN,NaN visible=true fpArmsPos=0.00,0.00,0.00 @ http://localhost:3001/entities/Player.js:737
[   33092ms] [LOG] [CameraController] playerPos=46.00,4.04,0.00 targetY=4.19 camPos=46.00,4.19,0.00 @ http://localhost:3001/core/CameraController.js:240
[   33092ms] [LOG] [Cam] pitch=-14.3° yaw=0.0° @ http://localhost:3001/core/CameraController.js:252
[   33479ms] [LOG] [Player] viewWeapon pos=0.25,-0.33,-0.80 rot=NaN,NaN,NaN visible=true fpArmsPos=0.00,0.00,0.00 @ http://localhost:3001/entities/Player.js:737
[   34056ms] [LOG] [Player] viewWeapon pos=0.25,-0.33,-0.80 rot=NaN,NaN,NaN visible=true fpArmsPos=0.00,0.00,0.00 @ http://localhost:3001/entities/Player.js:737
[   34467ms] [LOG] [Player] viewWeapon pos=0.25,-0.34,-0.80 rot=NaN,NaN,NaN visible=true fpArmsPos=0.00,0.00,0.00 @ http://localhost:3001/entities/Player.js:737
[   35488ms] [LOG] [CameraController] playerPos=46.00,4.04,0.00 targetY=4.19 camPos=46.00,4.19,0.00 @ http://localhost:3001/core/CameraController.js:240
[   35509ms] [LOG] [Player] viewWeapon pos=0.25,-0.34,-0.80 rot=NaN,NaN,NaN visible=true fpArmsPos=0.00,0.00,0.00 @ http://localhost:3001/entities/Player.js:737
[   35981ms] [LOG] [Player] viewWeapon pos=0.25,-0.34,-0.80 rot=NaN,NaN,NaN visible=true fpArmsPos=0.00,0.00,0.00 @ http://localhost:3001/entities/Player.js:737
[   36051ms] [LOG] [Player] viewWeapon pos=0.25,-0.34,-0.80 rot=NaN,NaN,NaN visible=true fpArmsPos=0.00,0.00,0.00 @ http://localhost:3001/entities/Player.js:737
[   36144ms] [LOG] [Player] viewWeapon pos=0.25,-0.34,-0.80 rot=NaN,NaN,NaN visible=true fpArmsPos=0.00,0.00,0.00 @ http://localhost:3001/entities/Player.js:737
[   36252ms] [LOG] [Player] viewWeapon pos=0.25,-0.34,-0.80 rot=NaN,NaN,NaN visible=true fpArmsPos=0.00,0.00,0.00 @ http://localhost:3001/entities/Player.js:737
[   36982ms] [LOG] [Player] viewWeapon pos=0.25,-0.35,-0.80 rot=NaN,NaN,NaN visible=true fpArmsPos=0.00,0.00,0.00 @ http://localhost:3001/entities/Player.js:737
[   37301ms] [LOG] [Player] viewWeapon pos=0.25,-0.35,-0.80 rot=NaN,NaN,NaN visible=true fpArmsPos=0.00,0.00,0.00 @ http://localhost:3001/entities/Player.js:737
[   37606ms] [LOG] [CameraController] playerPos=46.00,4.04,0.00 targetY=4.19 camPos=46.00,4.19,0.00 @ http://localhost:3001/core/CameraController.js:240
[   37606ms] [LOG] [Cam] pitch=-14.3° yaw=0.0° @ http://localhost:3001/core/CameraController.js:252
[   37648ms] [LOG] [Player] viewWeapon pos=0.25,-0.35,-0.80 rot=NaN,NaN,NaN visible=true fpArmsPos=0.00,0.00,0.00 @ http://localhost:3001/entities/Player.js:737
[   37954ms] [LOG] [Player] viewWeapon pos=0.25,-0.35,-0.80 rot=NaN,NaN,NaN visible=true fpArmsPos=0.00,0.00,0.00 @ http://localhost:3001/entities/Player.js:737
[   39705ms] [LOG] [CameraController] playerPos=46.00,4.04,0.00 targetY=4.19 camPos=46.00,4.19,0.00 @ http://localhost:3001/core/CameraController.js:240
[   39975ms] [LOG] [Player] viewWeapon pos=0.25,-0.34,-0.80 rot=NaN,NaN,NaN visible=true fpArmsPos=0.00,0.00,0.00 @ http://localhost:3001/entities/Player.js:737
[   39982ms] [LOG] [Player] viewWeapon pos=0.25,-0.34,-0.80 rot=NaN,NaN,NaN visible=true fpArmsPos=0.00,0.00,0.00 @ http://localhost:3001/entities/Player.js:737
[   40464ms] [LOG] [Player] viewWeapon pos=0.25,-0.34,-0.80 rot=NaN,NaN,NaN visible=true fpArmsPos=0.00,0.00,0.00 @ http://localhost:3001/entities/Player.js:737
[   41043ms] [LOG] [Player] viewWeapon pos=0.25,-0.33,-0.80 rot=NaN,NaN,NaN visible=true fpArmsPos=0.00,0.00,0.00 @ http://localhost:3001/entities/Player.js:737
[   41964ms] [LOG] [CameraController] playerPos=46.00,4.04,0.00 targetY=4.19 camPos=46.00,4.19,0.00 @ http://localhost:3001/core/CameraController.js:240
[   41964ms] [LOG] [Cam] pitch=-14.3° yaw=0.0° @ http://localhost:3001/core/CameraController.js:252
[   42082ms] [LOG] [Player] viewWeapon pos=0.25,-0.33,-0.80 rot=NaN,NaN,NaN visible=true fpArmsPos=0.00,0.00,0.00 @ http://localhost:3001/entities/Player.js:737
[   43041ms] [LOG] [Player] viewWeapon pos=0.25,-0.34,-0.80 rot=NaN,NaN,NaN visible=true fpArmsPos=0.00,0.00,0.00 @ http://localhost:3001/entities/Player.js:737
[   43826ms] [LOG] [Player] viewWeapon pos=0.25,-0.34,-0.80 rot=NaN,NaN,NaN visible=true fpArmsPos=0.00,0.00,0.00 @ http://localhost:3001/entities/Player.js:737
[   45015ms] [LOG] [CameraController] playerPos=46.00,4.04,0.00 targetY=4.19 camPos=46.00,4.19,0.00 @ http://localhost:3001/core/CameraController.js:240
[   46843ms] [LOG] [Player] viewWeapon pos=0.25,-0.34,-0.80 rot=NaN,NaN,NaN visible=true fpArmsPos=0.00,0.00,0.00 @ http://localhost:3001/entities/Player.js:737
[   46926ms] [LOG] [Player] viewWeapon pos=0.25,-0.34,-0.80 rot=NaN,NaN,NaN visible=true fpArmsPos=0.00,0.00,0.00 @ http://localhost:3001/entities/Player.js:737
[   47177ms] [LOG] [CameraController] playerPos=46.00,4.04,0.00 targetY=4.19 camPos=46.00,4.19,0.00 @ http://localhost:3001/core/CameraController.js:240
[   47177ms] [LOG] [Cam] pitch=-14.3° yaw=0.0° @ http://localhost:3001/core/CameraController.js:252
[   47919ms] [LOG] [Player] viewWeapon pos=0.25,-0.34,-0.80 rot=NaN,NaN,NaN visible=true fpArmsPos=0.00,0.00,0.00 @ http://localhost:3001/entities/Player.js:737
[   48860ms] [LOG] [Player] viewWeapon pos=0.25,-0.33,-0.80 rot=NaN,NaN,NaN visible=true fpArmsPos=0.00,0.00,0.00 @ http://localhost:3001/entities/Player.js:737
[   49071ms] [LOG] [Player] viewWeapon pos=0.25,-0.33,-0.80 rot=NaN,NaN,NaN visible=true fpArmsPos=0.00,0.00,0.00 @ http://localhost:3001/entities/Player.js:737
[   49668ms] [LOG] [Player] viewWeapon pos=0.25,-0.33,-0.80 rot=NaN,NaN,NaN visible=true fpArmsPos=0.00,0.00,0.00 @ http://localhost:3001/entities/Player.js:737
[   49855ms] [LOG] [Player] viewWeapon pos=0.25,-0.33,-0.80 rot=NaN,NaN,NaN visible=true fpArmsPos=0.00,0.00,0.00 @ http://localhost:3001/entities/Player.js:737
[   49887ms] [LOG] [Perf] frames=6300 draws=593 tris=68035 geos=431 mats=12 @ http://localhost:3001/main.js?v=1785341228531:2704
[   49888ms] [LOG] [CameraController] playerPos=46.00,4.04,0.00 targetY=4.19 camPos=46.00,4.19,0.00 @ http://localhost:3001/core/CameraController.js:240
[   51230ms] [LOG] [Player] viewWeapon pos=0.25,-0.34,-0.80 rot=NaN,NaN,NaN visible=true fpArmsPos=0.00,0.00,0.00 @ http://localhost:3001/entities/Player.js:737
[   52185ms] [LOG] [Player] viewWeapon pos=0.25,-0.34,-0.80 rot=NaN,NaN,NaN visible=true fpArmsPos=0.00,0.00,0.00 @ http://localhost:3001/entities/Player.js:737
[   52851ms] [LOG] [Perf] frames=6600 draws=633 tris=69221 geos=440 mats=15 @ http://localhost:3001/main.js?v=1785341228531:2704
[   52853ms] [LOG] [CameraController] playerPos=46.00,4.04,0.00 targetY=4.19 camPos=46.00,4.19,0.00 @ http://localhost:3001/core/CameraController.js:240
[   52853ms] [LOG] [Cam] pitch=-14.3° yaw=0.0° @ http://localhost:3001/core/CameraController.js:252
[   55702ms] [LOG] [Player] viewWeapon pos=0.25,-0.34,-0.80 rot=NaN,NaN,NaN visible=true fpArmsPos=0.00,0.00,0.00 @ http://localhost:3001/entities/Player.js:737
[   55858ms] [LOG] [Player] viewWeapon pos=0.25,-0.34,-0.80 rot=NaN,NaN,NaN visible=true fpArmsPos=0.00,0.00,0.00 @ http://localhost:3001/entities/Player.js:737
[   56172ms] [LOG] [Player] viewWeapon pos=0.25,-0.34,-0.80 rot=NaN,NaN,NaN visible=true fpArmsPos=0.00,0.00,0.00 @ http://localhost:3001/entities/Player.js:737
[   56241ms] [LOG] [Perf] frames=6900 draws=662 tris=68453 geos=457 mats=15 @ http://localhost:3001/main.js?v=1785341228531:2704
[   56243ms] [LOG] [CameraController] playerPos=46.00,4.04,0.00 targetY=4.19 camPos=46.00,4.19,0.00 @ http://localhost:3001/core/CameraController.js:240
[   56946ms] [LOG] [Player] viewWeapon pos=0.25,-0.33,-0.80 rot=NaN,NaN,NaN visible=true fpArmsPos=0.00,0.00,0.00 @ http://localhost:3001/entities/Player.js:737
[   57790ms] [LOG] [Player] viewWeapon pos=0.25,-0.33,-0.80 rot=NaN,NaN,NaN visible=true fpArmsPos=0.00,0.00,0.00 @ http://localhost:3001/entities/Player.js:737
[   58219ms] [LOG] [Player] viewWeapon pos=0.25,-0.34,-0.80 rot=NaN,NaN,NaN visible=true fpArmsPos=0.00,0.00,0.00 @ http://localhost:3001/entities/Player.js:737
[   58907ms] [LOG] [Player] viewWeapon pos=0.25,-0.34,-0.80 rot=NaN,NaN,NaN visible=true fpArmsPos=0.00,0.00,0.00 @ http://localhost:3001/entities/Player.js:737
[   59067ms] [LOG] [Perf] frames=7200 draws=647 tris=67968 geos=459 mats=13 @ http://localhost:3001/main.js?v=1785341228531:2704
[   59069ms] [LOG] [CameraController] playerPos=46.00,4.04,0.00 targetY=4.19 camPos=46.00,4.19,0.00 @ http://localhost:3001/core/CameraController.js:240
[   59069ms] [LOG] [Cam] pitch=-14.3° yaw=0.0° @ http://localhost:3001/core/CameraController.js:252
[   59144ms] [LOG] [Player] viewWeapon pos=0.25,-0.34,-0.80 rot=NaN,NaN,NaN visible=true fpArmsPos=0.00,0.00,0.00 @ http://localhost:3001/entities/Player.js:737
[   59954ms] [LOG] [Player] viewWeapon pos=0.25,-0.34,-0.80 rot=NaN,NaN,NaN visible=true fpArmsPos=0.00,0.00,0.00 @ http://localhost:3001/entities/Player.js:737
[   61834ms] [LOG] [Perf] frames=7500 draws=675 tris=69517 geos=461 mats=20 @ http://localhost:3001/main.js?v=1785341228531:2704
[   61837ms] [LOG] [CameraController] playerPos=46.00,4.04,0.00 targetY=4.19 camPos=46.00,4.19,0.00 @ http://localhost:3001/core/CameraController.js:240
[   63361ms] [LOG] [Player] viewWeapon pos=0.25,-0.34,-0.80 rot=NaN,NaN,NaN visible=true fpArmsPos=0.00,0.00,0.00 @ http://localhost:3001/entities/Player.js:737
[   64598ms] [LOG] [Player] viewWeapon pos=0.25,-0.33,-0.80 rot=NaN,NaN,NaN visible=true fpArmsPos=0.00,0.00,0.00 @ http://localhost:3001/entities/Player.js:737
[   64762ms] [LOG] [Perf] frames=7800 draws=643 tris=68500 geos=461 mats=15 @ http://localhost:3001/main.js?v=1785341228531:2704
[   64764ms] [LOG] [CameraController] playerPos=46.00,4.04,0.00 targetY=4.19 camPos=46.00,4.19,0.00 @ http://localhost:3001/core/CameraController.js:240
[   64764ms] [LOG] [Cam] pitch=-14.3° yaw=0.0° @ http://localhost:3001/core/CameraController.js:252
[   65616ms] [LOG] [Player] viewWeapon pos=0.25,-0.33,-0.80 rot=NaN,NaN,NaN visible=true fpArmsPos=0.00,0.00,0.00 @ http://localhost:3001/entities/Player.js:737
[   66508ms] [LOG] [Player] viewWeapon pos=0.25,-0.34,-0.80 rot=NaN,NaN,NaN visible=true fpArmsPos=0.00,0.00,0.00 @ http://localhost:3001/entities/Player.js:737
[   68091ms] [LOG] [Perf] frames=8100 draws=617 tris=67989 geos=463 mats=21 @ http://localhost:3001/main.js?v=1785341228531:2704
[   68094ms] [LOG] [CameraController] playerPos=46.00,4.04,0.00 targetY=4.19 camPos=46.00,4.19,0.00 @ http://localhost:3001/core/CameraController.js:240
[   68863ms] [LOG] [Player] viewWeapon pos=0.25,-0.35,-0.80 rot=NaN,NaN,NaN visible=true fpArmsPos=0.00,0.00,0.00 @ http://localhost:3001/entities/Player.js:737
[   70079ms] [LOG] [Player] viewWeapon pos=0.25,-0.34,-0.80 rot=NaN,NaN,NaN visible=true fpArmsPos=0.00,0.00,0.00 @ http://localhost:3001/entities/Player.js:737
[   70830ms] [LOG] [Perf] frames=8400 draws=631 tris=67433 geos=481 mats=19 @ http://localhost:3001/main.js?v=1785341228531:2704
[   70831ms] [LOG] [CameraController] playerPos=46.00,4.04,0.00 targetY=4.19 camPos=46.00,4.19,0.00 @ http://localhost:3001/core/CameraController.js:240
[   70831ms] [LOG] [Cam] pitch=-14.3° yaw=0.0° @ http://localhost:3001/core/CameraController.js:252
[   71682ms] [LOG] [Player] viewWeapon pos=0.25,-0.34,-0.80 rot=NaN,NaN,NaN visible=true fpArmsPos=0.00,0.00,0.00 @ http://localhost:3001/entities/Player.js:737
[   72390ms] [LOG] [Player] viewWeapon pos=0.25,-0.33,-0.80 rot=NaN,NaN,NaN visible=true fpArmsPos=0.00,0.00,0.00 @ http://localhost:3001/entities/Player.js:737
[   72458ms] [LOG] [Player] viewWeapon pos=0.25,-0.33,-0.80 rot=NaN,NaN,NaN visible=true fpArmsPos=0.00,0.00,0.00 @ http://localhost:3001/entities/Player.js:737
[   72599ms] [LOG] [Player] viewWeapon pos=0.25,-0.33,-0.80 rot=NaN,NaN,NaN visible=true fpArmsPos=0.00,0.00,0.00 @ http://localhost:3001/entities/Player.js:737
[   72921ms] [LOG] [Player] viewWeapon pos=0.25,-0.33,-0.80 rot=NaN,NaN,NaN visible=true fpArmsPos=0.00,0.00,0.00 @ http://localhost:3001/entities/Player.js:737
[   73403ms] [LOG] [Player] viewWeapon pos=0.25,-0.33,-0.80 rot=NaN,NaN,NaN visible=true fpArmsPos=0.00,0.00,0.00 @ http://localhost:3001/entities/Player.js:737
[   73417ms] [LOG] [Perf] frames=8700 draws=609 tris=66261 geos=481 mats=14 @ http://localhost:3001/main.js?v=1785341228531:2704
[   73418ms] [LOG] [CameraController] playerPos=46.00,4.04,0.00 targetY=4.19 camPos=46.00,4.19,0.00 @ http://localhost:3001/core/CameraController.js:240
[   74253ms] [LOG] [Player] viewWeapon pos=0.25,-0.34,-0.80 rot=NaN,NaN,NaN visible=true fpArmsPos=0.00,0.00,0.00 @ http://localhost:3001/entities/Player.js:737
[   74687ms] [LOG] [Player] viewWeapon pos=0.25,-0.34,-0.80 rot=NaN,NaN,NaN visible=true fpArmsPos=0.00,0.00,0.00 @ http://localhost:3001/entities/Player.js:737
[   75937ms] [LOG] [Perf] frames=9000 draws=615 tris=67769 geos=481 mats=17 @ http://localhost:3001/main.js?v=1785341228531:2704
[   75938ms] [LOG] [CameraController] playerPos=46.00,4.04,0.00 targetY=4.19 camPos=46.00,4.19,0.00 @ http://localhost:3001/core/CameraController.js:240
[   75938ms] [LOG] [Cam] pitch=-14.3° yaw=0.0° @ http://localhost:3001/core/CameraController.js:252
[   76166ms] [LOG] [Player] viewWeapon pos=0.25,-0.35,-0.80 rot=NaN,NaN,NaN visible=true fpArmsPos=0.00,0.00,0.00 @ http://localhost:3001/entities/Player.js:737
[   77189ms] [LOG] [Player] viewWeapon pos=0.25,-0.35,-0.80 rot=NaN,NaN,NaN visible=true fpArmsPos=0.00,0.00,0.00 @ http://localhost:3001/entities/Player.js:737
[   78434ms] [LOG] [Player] viewWeapon pos=0.25,-0.34,-0.80 rot=NaN,NaN,NaN visible=true fpArmsPos=0.00,0.00,0.00 @ http://localhost:3001/entities/Player.js:737
[   78721ms] [LOG] [Player] viewWeapon pos=0.25,-0.34,-0.80 rot=NaN,NaN,NaN visible=true fpArmsPos=0.00,0.00,0.00 @ http://localhost:3001/entities/Player.js:737
[   78795ms] [LOG] [Perf] frames=9300 draws=593 tris=66759 geos=481 mats=20 @ http://localhost:3001/main.js?v=1785341228531:2704
[   78797ms] [LOG] [CameraController] playerPos=46.00,4.04,0.00 targetY=4.19 camPos=46.00,4.19,0.00 @ http://localhost:3001/core/CameraController.js:240
[   79140ms] [LOG] [Player] viewWeapon pos=0.25,-0.34,-0.80 rot=NaN,NaN,NaN visible=true fpArmsPos=0.00,0.00,0.00 @ http://localhost:3001/entities/Player.js:737
[   79243ms] [LOG] [Player] viewWeapon pos=0.25,-0.34,-0.80 rot=NaN,NaN,NaN visible=true fpArmsPos=0.00,0.00,0.00 @ http://localhost:3001/entities/Player.js:737
[   80254ms] [LOG] [Player] viewWeapon pos=0.25,-0.33,-0.80 rot=NaN,NaN,NaN visible=true fpArmsPos=0.00,0.00,0.00 @ http://localhost:3001/entities/Player.js:737
[   80541ms] [LOG] [Player] viewWeapon pos=0.25,-0.33,-0.80 rot=NaN,NaN,NaN visible=true fpArmsPos=0.00,0.00,0.00 @ http://localhost:3001/entities/Player.js:737
[   80820ms] [LOG] [Player] viewWeapon pos=0.25,-0.33,-0.80 rot=NaN,NaN,NaN visible=true fpArmsPos=0.00,0.00,0.00 @ http://localhost:3001/entities/Player.js:737
[   81980ms] [LOG] [Perf] frames=9600 draws=595 tris=66931 geos=488 mats=20 @ http://localhost:3001/main.js?v=1785341228531:2704
[   81981ms] [LOG] [CameraController] playerPos=46.00,4.04,0.00 targetY=4.19 camPos=46.00,4.19,0.00 @ http://localhost:3001/core/CameraController.js:240
[   81981ms] [LOG] [Cam] pitch=-14.3° yaw=0.0° @ http://localhost:3001/core/CameraController.js:252
[   84632ms] [LOG] [Perf] frames=9900 draws=604 tris=66929 geos=490 mats=17 @ http://localhost:3001/main.js?v=1785341228531:2704
[   84634ms] [LOG] [CameraController] playerPos=46.00,4.04,0.00 targetY=4.19 camPos=46.00,4.19,0.00 @ http://localhost:3001/core/CameraController.js:240
[   84803ms] [LOG] [Player] viewWeapon pos=0.25,-0.35,-0.80 rot=NaN,NaN,NaN visible=true fpArmsPos=0.00,0.00,0.00 @ http://localhost:3001/entities/Player.js:737
[   85262ms] [LOG] [Player] viewWeapon pos=0.25,-0.34,-0.80 rot=NaN,NaN,NaN visible=true fpArmsPos=0.00,0.00,0.00 @ http://localhost:3001/entities/Player.js:737
[   86107ms] [LOG] [Player] viewWeapon pos=0.25,-0.34,-0.80 rot=NaN,NaN,NaN visible=true fpArmsPos=0.00,0.00,0.00 @ http://localhost:3001/entities/Player.js:737
[   86142ms] [LOG] [Player] viewWeapon pos=0.25,-0.34,-0.80 rot=NaN,NaN,NaN visible=true fpArmsPos=0.00,0.00,0.00 @ http://localhost:3001/entities/Player.js:737
[   86754ms] [LOG] [Player] viewWeapon pos=0.25,-0.34,-0.80 rot=NaN,NaN,NaN visible=true fpArmsPos=0.00,0.00,0.00 @ http://localhost:3001/entities/Player.js:737
[   86874ms] [LOG] [Perf] frames=10200 draws=587 tris=65893 geos=490 mats=15 @ http://localhost:3001/main.js?v=1785341228531:2704
[   86875ms] [LOG] [CameraController] playerPos=46.00,4.04,0.00 targetY=4.19 camPos=46.00,4.19,0.00 @ http://localhost:3001/core/CameraController.js:240
[   86875ms] [LOG] [Cam] pitch=-14.3° yaw=0.0° @ http://localhost:3001/core/CameraController.js:252
[   86903ms] [LOG] [Player] viewWeapon pos=0.25,-0.34,-0.80 rot=NaN,NaN,NaN visible=true fpArmsPos=0.00,0.00,0.00 @ http://localhost:3001/entities/Player.js:737
[   88399ms] [LOG] [Player] viewWeapon pos=0.25,-0.33,-0.80 rot=NaN,NaN,NaN visible=true fpArmsPos=0.00,0.00,0.00 @ http://localhost:3001/entities/Player.js:737
[   88871ms] [LOG] [Player] viewWeapon pos=0.25,-0.33,-0.80 rot=NaN,NaN,NaN visible=true fpArmsPos=0.00,0.00,0.00 @ http://localhost:3001/entities/Player.js:737
[   88899ms] [LOG] [Player] viewWeapon pos=0.25,-0.33,-0.80 rot=NaN,NaN,NaN visible=true fpArmsPos=0.00,0.00,0.00 @ http://localhost:3001/entities/Player.js:737
[   88969ms] [LOG] [Perf] frames=10500 draws=595 tris=66273 geos=490 mats=15 @ http://localhost:3001/main.js?v=1785341228531:2704
[   88971ms] [LOG] [CameraController] playerPos=46.00,4.04,0.00 targetY=4.19 camPos=46.00,4.19,0.00 @ http://localhost:3001/core/CameraController.js:240
[   89944ms] [LOG] [Player] viewWeapon pos=0.25,-0.34,-0.80 rot=NaN,NaN,NaN visible=true fpArmsPos=0.00,0.00,0.00 @ http://localhost:3001/entities/Player.js:737
[   90968ms] [LOG] [Player] viewWeapon pos=0.25,-0.34,-0.80 rot=NaN,NaN,NaN visible=true fpArmsPos=0.00,0.00,0.00 @ http://localhost:3001/entities/Player.js:737
[   91182ms] [LOG] [Perf] frames=10800 draws=605 tris=66149 geos=490 mats=15 @ http://localhost:3001/main.js?v=1785341228531:2704
[   91184ms] [LOG] [CameraController] playerPos=46.00,4.04,0.00 targetY=4.19 camPos=46.00,4.19,0.00 @ http://localhost:3001/core/CameraController.js:240
[   91184ms] [LOG] [Cam] pitch=-14.3° yaw=0.0° @ http://localhost:3001/core/CameraController.js:252
[   92590ms] [LOG] [Player] viewWeapon pos=0.25,-0.35,-0.80 rot=NaN,NaN,NaN visible=true fpArmsPos=0.00,0.00,0.00 @ http://localhost:3001/entities/Player.js:737
[   93166ms] [LOG] [Player] viewWeapon pos=0.25,-0.34,-0.80 rot=NaN,NaN,NaN visible=true fpArmsPos=0.00,0.00,0.00 @ http://localhost:3001/entities/Player.js:737
[   93200ms] [LOG] [Player] viewWeapon pos=0.25,-0.34,-0.80 rot=NaN,NaN,NaN visible=true fpArmsPos=0.00,0.00,0.00 @ http://localhost:3001/entities/Player.js:737
[   93293ms] [LOG] [Perf] frames=11100 draws=598 tris=66925 geos=497 mats=13 @ http://localhost:3001/main.js?v=1785341228531:2704
[   93295ms] [LOG] [CameraController] playerPos=46.00,4.04,0.00 targetY=4.19 camPos=46.00,4.19,0.00 @ http://localhost:3001/core/CameraController.js:240
[   93632ms] [LOG] [Player] viewWeapon pos=0.25,-0.34,-0.80 rot=NaN,NaN,NaN visible=true fpArmsPos=0.00,0.00,0.00 @ http://localhost:3001/entities/Player.js:737
[   93732ms] [LOG] [Player] viewWeapon pos=0.25,-0.34,-0.80 rot=NaN,NaN,NaN visible=true fpArmsPos=0.00,0.00,0.00 @ http://localhost:3001/entities/Player.js:737
[   94818ms] [LOG] [Player] viewWeapon pos=0.25,-0.34,-0.80 rot=NaN,NaN,NaN visible=true fpArmsPos=0.00,0.00,0.00 @ http://localhost:3001/entities/Player.js:737
[   94954ms] [LOG] [Player] viewWeapon pos=0.25,-0.34,-0.80 rot=NaN,NaN,NaN visible=true fpArmsPos=0.00,0.00,0.00 @ http://localhost:3001/entities/Player.js:737
[   95605ms] [LOG] [Perf] frames=11400 draws=589 tris=66657 geos=512 mats=17 @ http://localhost:3001/main.js?v=1785341228531:2704
[   95606ms] [LOG] [CameraController] playerPos=46.00,4.04,0.00 targetY=4.19 camPos=46.00,4.19,0.00 @ http://localhost:3001/core/CameraController.js:240
[   95606ms] [LOG] [Cam] pitch=-14.3° yaw=0.0° @ http://localhost:3001/core/CameraController.js:252
[   96881ms] [LOG] [Player] viewWeapon pos=0.25,-0.33,-0.80 rot=NaN,NaN,NaN visible=true fpArmsPos=0.00,0.00,0.00 @ http://localhost:3001/entities/Player.js:737
[   98155ms] [LOG] [Player] viewWeapon pos=0.25,-0.34,-0.80 rot=NaN,NaN,NaN visible=true fpArmsPos=0.00,0.00,0.00 @ http://localhost:3001/entities/Player.js:737
[   98307ms] [LOG] [Perf] frames=11700 draws=588 tris=66765 geos=521 mats=17 @ http://localhost:3001/main.js?v=1785341228531:2704
[   98308ms] [LOG] [CameraController] playerPos=46.00,4.04,0.00 targetY=4.19 camPos=46.00,4.19,0.00 @ http://localhost:3001/core/CameraController.js:240
[   99088ms] [LOG] [Player] viewWeapon pos=0.25,-0.34,-0.80 rot=NaN,NaN,NaN visible=true fpArmsPos=0.00,0.00,0.00 @ http://localhost:3001/entities/Player.js:737
[   99635ms] [LOG] [Player] viewWeapon pos=0.25,-0.35,-0.80 rot=NaN,NaN,NaN visible=true fpArmsPos=0.00,0.00,0.00 @ http://localhost:3001/entities/Player.js:737
[   99746ms] [LOG] [Player] viewWeapon pos=0.25,-0.35,-0.80 rot=NaN,NaN,NaN visible=true fpArmsPos=0.00,0.00,0.00 @ http://localhost:3001/entities/Player.js:737
[  100669ms] [LOG] [Perf] frames=12000 draws=585 tris=66041 geos=521 mats=17 @ http://localhost:3001/main.js?v=1785341228531:2704
[  100670ms] [LOG] [CameraController] playerPos=46.00,4.04,0.00 targetY=4.19 camPos=46.00,4.19,0.00 @ http://localhost:3001/core/CameraController.js:240
[  100670ms] [LOG] [Cam] pitch=-14.3° yaw=0.0° @ http://localhost:3001/core/CameraController.js:252
